<html>
<body>
<pre>
<h1>礦ision Build Log</h1>
<h2>Tool Versions:</h2>
IDE-Version: μVision V5.30.0.0
Copyright (C) 2020 ARM Ltd and ARM Germany GmbH. All rights reserved.
License Information: lbzbky Administrator, lbzbky, LIC=CZLZX-HQKW0-JJ36S-L07FF-SH4EA-JP8DQ
 
Tool Versions:
Toolchain:       MDK-ARM Plus  Version: 5.30.0.0
Toolchain Path:  D:\keil5\ARM\ARMCC\Bin
C Compiler:      Armcc.exe V5.06 update 6 (build 750)
Assembler:       Armasm.exe V5.06 update 6 (build 750)
Linker/Locator:  ArmLink.exe V5.06 update 6 (build 750)
Library Manager: ArmAr.exe V5.06 update 6 (build 750)
Hex Converter:   FromElf.exe V5.06 update 6 (build 750)
CPU DLL:         SARMCM3.DLL V5.30.0.0
Dialog DLL:      DARMSTM.DLL V1.68.0.0
Target DLL:      STLink\ST-LINKIII-KEIL_SWO.dll V3.0.7.0
Dialog DLL:      TARMSTM.DLL V1.66.0.0
 
<h2>Project:</h2>
E:\li\027-智能小车C3\05-鸿蒙小车C3-Harmony\003-源码例程\STM32源码\02 源码程序\智能小车C3-STM32出厂程序\Project\Jibot1-32.uvproj
Project File Date:  11/24/2022

<h2>Output:</h2>
*** Using Compiler 'V5.06 update 6 (build 750)', folder: 'D:\keil5\ARM\ARMCC\Bin'
Rebuild target 'Target 1'
assembling startup_stm32f10x_hd.s...
compiling stm32f10x_wwdg.c...
compiling system_stm32f10x.c...
compiling z_timer.c...
compiling z_usart.c...
compiling z_global.c...
compiling stm32f10x_it.c...
compiling z_gpio.c...
compiling z_delay.c...
compiling stm32f10x_iwdg.c...
compiling z_ps2.c...
compiling misc.c...
compiling stm32f10x_dma.c...
compiling z_rcc.c...
compiling stm32f10x_gpio.c...
compiling stm32f10x_spi.c...
compiling stm32f10x_usart.c...
compiling stm32f10x_i2c.c...
compiling stm32f10x_flash.c...
compiling stm32f10x_rcc.c...
compiling stm32f10x_adc.c...
compiling z_w25q64.c...
compiling core_cm3.c...
compiling stm32f10x_tim.c...
compiling z_adc.c...
compiling z_kinematics.c...
compiling z_action.c...
..\src\z_action.h(6): warning:  #47-D: incompatible redefinition of macro "ACTION_SIZE"  (declared at line 19 of "..\USER\z_main.h")
  #define ACTION_SIZE					256
..\src\z_action.h(7): warning:  #47-D: incompatible redefinition of macro "W25Q64_INFO_ADDR_SAVE_STR"  (declared at line 22 of "..\USER\z_main.h")
  #define W25Q64_INFO_ADDR_SAVE_STR	(((8<<10)-4)<<10)//(8*1024-4)*1024		//eeprom_info缁撴瀯浣撳瓨鍌ㄧ殑浣嶇疆
..\src\z_action.h(8): warning:  #47-D: incompatible redefinition of macro "FLAG_VERIFY"  (declared at line 18 of "..\USER\z_main.h")
  #define FLAG_VERIFY 				0x38
..\src\z_action.h(52): warning:  #1-D: last line of file ends without a newline
  #endif 
..\src\z_action.c(296): warning:  #167-D: argument of type "u8 *" is incompatible with parameter of type "const char *"
  	w25x_write(str, action_index*ACTION_SIZE, strlen(str) + 1);
..\src\z_action.c: 5 warnings, 0 errors
compiling z_ir.c...
compiling z_main.c...
..\src\z_action.h(6): warning:  #47-D: incompatible redefinition of macro "ACTION_SIZE"  (declared at line 19 of "..\USER\z_main.h")
  #define ACTION_SIZE					256
..\src\z_action.h(7): warning:  #47-D: incompatible redefinition of macro "W25Q64_INFO_ADDR_SAVE_STR"  (declared at line 22 of "..\USER\z_main.h")
  #define W25Q64_INFO_ADDR_SAVE_STR	(((8<<10)-4)<<10)//(8*1024-4)*1024		//eeprom_info缁撴瀯浣撳瓨鍌ㄧ殑浣嶇疆
..\src\z_action.h(8): warning:  #47-D: incompatible redefinition of macro "FLAG_VERIFY"  (declared at line 18 of "..\USER\z_main.h")
  #define FLAG_VERIFY 				0x38
..\src\z_action.h(52): warning:  #1-D: last line of file ends without a newline
  #endif 
..\USER\z_sensor.h(23): warning:  #1295-D: Deprecated declaration get_adc_csb_middle - give arg types
  int get_adc_csb_middle();   
..\USER\z_sensor.h(25): warning:  #1-D: last line of file ends without a newline
  #endif
..\USER\z_main.c: 6 warnings, 0 errors
compiling z_sensor.c...
..\USER\z_sensor.h(23): warning:  #1295-D: Deprecated declaration get_adc_csb_middle - give arg types
  int get_adc_csb_middle();   
..\USER\z_sensor.h(25): warning:  #1-D: last line of file ends without a newline
  #endif
..\src\z_action.h(6): warning:  #47-D: incompatible redefinition of macro "ACTION_SIZE"  (declared at line 19 of "..\USER\z_main.h")
  #define ACTION_SIZE					256
..\src\z_action.h(7): warning:  #47-D: incompatible redefinition of macro "W25Q64_INFO_ADDR_SAVE_STR"  (declared at line 22 of "..\USER\z_main.h")
  #define W25Q64_INFO_ADDR_SAVE_STR	(((8<<10)-4)<<10)//(8*1024-4)*1024		//eeprom_info缁撴瀯浣撳瓨鍌ㄧ殑浣嶇疆
..\src\z_action.h(8): warning:  #47-D: incompatible redefinition of macro "FLAG_VERIFY"  (declared at line 18 of "..\USER\z_main.h")
  #define FLAG_VERIFY 				0x38
..\src\z_action.h(52): warning:  #1-D: last line of file ends without a newline
  #endif 
..\USER\z_sensor.c: 6 warnings, 0 errors
linking...
Program Size: Code=32678 RO-data=1146 RW-data=180 ZI-data=8236  
FromELF: creating hex file...
"..\OUT\Carbot-32.axf" - 0 Error(s), 17 Warning(s).
Build Time Elapsed:  00:00:05
</pre>
</body>
</html>
