<html>
<body>
<pre>
<h1>µVision Build Log</h1>
<h2>Tool Versions:</h2>
IDE-Version: ¦ÌVision V5.18.0.0
Copyright (C) 2016 ARM Ltd and ARM Germany GmbH. All rights reserved.
License Information:  ,  , LIC=ZB4EI-T2GM1-IIF5V-PS8P3-16VJZ-IEQWL
 
Tool Versions:
Toolchain:       MDK-ARM Standard  Version: 5.18
Toolchain Path:  C:\Keil_v5\ARM\ARMCC\Bin
C Compiler:      Armcc.exe V5.06 update 1 (build 61)
Assembler:       Armasm.exe V5.06 update 1 (build 61)
Linker/Locator:  ArmLink.exe V5.06 update 1 (build 61)
Library Manager: ArmAr.exe V5.06 update 1 (build 61)
Hex Converter:   FromElf.exe V5.06 update 1 (build 61)
CPU DLL:         SARMCM3.DLL V5.18
Dialog DLL:      DARMSTM.DLL V1.65.0.0
Target DLL:      STLink\ST-LINKIII-KEIL_SWO.dll V2.0.18.0
Dialog DLL:      TARMSTM.DLL V1.64.0.0
 
<h2>Project:</h2>
F:\004-STM32ÎÄ¼þ\003-ÂÖÊ½»úÆ÷ÈË\Carbot»ù´¡³ö³§³ÌÐò\Project\Jibot1-32.uvproj
Project File Date:  08/07/2022

<h2>Output:</h2>
*** Using Compiler 'V5.06 update 1 (build 61)', folder: 'C:\Keil_v5\ARM\ARMCC\Bin'
Build target 'Target 1'
compiling z_sensor.c...
..\USER\z_main.h(53): warning:  #1295-D: Deprecated declaration loop_sensor - give arg types
  void loop_sensor();
..\USER\z_sensor.h(21): warning:  #1295-D: Deprecated declaration get_adc_csb_middle - give arg types
  int get_adc_csb_middle();   
..\USER\z_sensor.h(23): warning:  #1-D: last line of file ends without a newline
  #endif
..\src\z_action.h(6): warning:  #47-D: incompatible redefinition of macro "ACTION_SIZE" (declared at line 18 of "..\USER\z_main.h")
  #define ACTION_SIZE					256
..\src\z_action.h(7): warning:  #47-D: incompatible redefinition of macro "W25Q64_INFO_ADDR_SAVE_STR" (declared at line 21 of "..\USER\z_main.h")
  #define W25Q64_INFO_ADDR_SAVE_STR	(((8<<10)-4)<<10)//(8*1024-4)*1024		//eeprom_infoç»?æž?ä½?å­?å‚?çš?ä½?ç½?
..\src\z_action.h(8): warning:  #47-D: incompatible redefinition of macro "FLAG_VERIFY" (declared at line 17 of "..\USER\z_main.h")
  #define FLAG_VERIFY 				0x38
..\src\z_action.h(52): warning:  #1-D: last line of file ends without a newline
  #endif 
..\USER\z_sensor.c: 7 warnings, 0 errors
compiling z_main.c...
..\USER\z_main.h(53): warning:  #1295-D: Deprecated declaration loop_sensor - give arg types
  void loop_sensor();
..\src\z_action.h(6): warning:  #47-D: incompatible redefinition of macro "ACTION_SIZE" (declared at line 18 of "..\USER\z_main.h")
  #define ACTION_SIZE					256
..\src\z_action.h(7): warning:  #47-D: incompatible redefinition of macro "W25Q64_INFO_ADDR_SAVE_STR" (declared at line 21 of "..\USER\z_main.h")
  #define W25Q64_INFO_ADDR_SAVE_STR	(((8<<10)-4)<<10)//(8*1024-4)*1024		//eeprom_infoç»?æž?ä½?å­?å‚?çš?ä½?ç½?
..\src\z_action.h(8): warning:  #47-D: incompatible redefinition of macro "FLAG_VERIFY" (declared at line 17 of "..\USER\z_main.h")
  #define FLAG_VERIFY 				0x38
..\src\z_action.h(52): warning:  #1-D: last line of file ends without a newline
  #endif 
..\USER\z_main.c(135): warning:  #223-D: function "setup_sensor" declared implicitly
  	setup_sensor();
..\USER\z_main.c(461): warning:  #174-D: expression has no effect
  		ai_mode == 1;
..\USER\z_main.c(463): warning:  #174-D: expression has no effect
  		ai_mode == 2;
..\USER\z_main.c(427): warning:  #177-D: variable "i" was declared but never referenced
  	int pos, i, index, int1, int2, int3, int4;
..\USER\z_main.c(427): warning:  #177-D: variable "index" was declared but never referenced
  	int pos, i, index, int1, int2, int3, int4;
..\USER\z_main.c(427): warning:  #177-D: variable "int1" was declared but never referenced
  	int pos, i, index, int1, int2, int3, int4;
..\USER\z_main.c(427): warning:  #177-D: variable "int2" was declared but never referenced
  	int pos, i, index, int1, int2, int3, int4;
..\USER\z_main.c(427): warning:  #177-D: variable "int3" was declared but never referenced
  	int pos, i, index, int1, int2, int3, int4;
..\USER\z_main.c(427): warning:  #177-D: variable "int4" was declared but never referenced
  	int pos, i, index, int1, int2, int3, int4;
..\USER\z_main.c(530): warning:  #223-D: function "xun_ji" declared implicitly
  		xun_ji();
..\USER\z_main.c(532): warning:  #223-D: function "ziyou_bizhang" declared implicitly
  		ziyou_bizhang();
..\USER\z_main.c: 16 warnings, 0 errors
compiling z_adc.c...
..\USER\z_main.h(53): warning:  #1295-D: Deprecated declaration loop_sensor - give arg types
  void loop_sensor();
..\src\z_adc.c: 1 warning, 0 errors
compiling z_action.c...
..\USER\z_main.h(53): warning:  #1295-D: Deprecated declaration loop_sensor - give arg types
  void loop_sensor();
..\src\z_action.h(6): warning:  #47-D: incompatible redefinition of macro "ACTION_SIZE" (declared at line 18 of "..\USER\z_main.h")
  #define ACTION_SIZE					256
..\src\z_action.h(7): warning:  #47-D: incompatible redefinition of macro "W25Q64_INFO_ADDR_SAVE_STR" (declared at line 21 of "..\USER\z_main.h")
  #define W25Q64_INFO_ADDR_SAVE_STR	(((8<<10)-4)<<10)//(8*1024-4)*1024		//eeprom_infoç»?æž?ä½?å­?å‚?çš?ä½?ç½?
..\src\z_action.h(8): warning:  #47-D: incompatible redefinition of macro "FLAG_VERIFY" (declared at line 17 of "..\USER\z_main.h")
  #define FLAG_VERIFY 				0x38
..\src\z_action.h(52): warning:  #1-D: last line of file ends without a newline
  #endif 
..\src\z_action.c(296): warning:  #167-D: argument of type "u8 *" is incompatible with parameter of type "const char *"
  	
..\src\z_action.c: 6 warnings, 0 errors
compiling z_w25q64.c...
..\USER\z_main.h(53): warning:  #1295-D: Deprecated declaration loop_sensor - give arg types
  void loop_sensor();
..\src\z_w25q64.c: 1 warning, 0 errors
linking...
Program Size: Code=31194 RO-data=1702 RW-data=212 ZI-data=8236  
FromELF: creating hex file...
"..\OUT\Jibot1-32.axf" - 0 Error(s), 31 Warning(s).
Build Time Elapsed:  00:00:01
</pre>
</body>
</html>
