<html>
<body>
<pre>
<h1>礦ision Build Log</h1>
<h2>Project:</h2>
C:\Users\ZL-JQ\Desktop\Jibot1-32\03源码例程\01出厂例程\Kibot1-32\Project\Kibot1-32.uvproj
Project File Date:  05/23/2020

<h2>Output:</h2>
Build target 'Target 1'
compiling z_main.c...
..\src\z_main.c(565): warning:  #167-D: argument of type "u8 *" is incompatible with parameter of type "char *restrict"
..\src\z_main.c(570): error:  #20: identifier "pre_cmd" is undefined
Target not created
Build target 'Target 1'
compiling z_main.c...
..\src\z_main.c(565): warning:  #167-D: argument of type "u8 *" is incompatible with parameter of type "char *restrict"
linking...
Program Size: Code=27302 RO-data=1146 RW-data=296 ZI-data=8128  
FromELF: creating hex file...
"..\OUT\Kibot1-32_20200523.axf" - 0 Error(s), 1 Warning(s).
Build target 'Target 1'
compiling z_main.c...
..\src\z_main.c(565): warning:  #167-D: argument of type "u8 *" is incompatible with parameter of type "char *restrict"
compiling z_w25q64.c...
linking...
Program Size: Code=27310 RO-data=1146 RW-data=296 ZI-data=8128  
FromELF: creating hex file...
"..\OUT\Kibot1-32_20200523.axf" - 0 Error(s), 1 Warning(s).
Build target 'Target 1'
compiling z_main.c...
..\src\z_main.c(569): warning:  #167-D: argument of type "u8 *" is incompatible with parameter of type "char *restrict"
linking...
Program Size: Code=27318 RO-data=1146 RW-data=296 ZI-data=8128  
FromELF: creating hex file...
"..\OUT\Kibot1-32_20200523.axf" - 0 Error(s), 1 Warning(s).
Build target 'Target 1'
compiling z_main.c...
..\src\z_main.c(570): warning:  #167-D: argument of type "u8 *" is incompatible with parameter of type "char *restrict"
linking...
Program Size: Code=27306 RO-data=1146 RW-data=296 ZI-data=8128  
FromELF: creating hex file...
"..\OUT\Kibot1-32_20200523.axf" - 0 Error(s), 1 Warning(s).
Build target 'Target 1'
compiling z_main.c...
..\src\z_main.c(570): warning:  #167-D: argument of type "u8 *" is incompatible with parameter of type "char *restrict"
linking...
Program Size: Code=27306 RO-data=1146 RW-data=296 ZI-data=8128  
FromELF: creating hex file...
"..\OUT\Kibot1-32_20200526.axf" - 0 Error(s), 1 Warning(s).
Build target 'Target 1'
compiling z_main.c...
..\src\z_main.c(570): warning:  #167-D: argument of type "u8 *" is incompatible with parameter of type "char *restrict"
linking...
Program Size: Code=27306 RO-data=1146 RW-data=296 ZI-data=8128  
FromELF: creating hex file...
"..\OUT\Kibot1-32_20200526.axf" - 0 Error(s), 1 Warning(s).
Build target 'Target 1'
compiling z_main.c...
linking...
Program Size: Code=27310 RO-data=1146 RW-data=296 ZI-data=8128  
FromELF: creating hex file...
"..\OUT\Kibot1-32_20200526.axf" - 0 Error(s), 0 Warning(s).
Build target 'Target 1'
compiling z_main.c...
..\src\z_main.c(570): error:  #140: too many arguments in function call
Target not created
Build target 'Target 1'
compiling z_main.c...
..\src\z_main.c(570): warning:  #167-D: argument of type "u8 *" is incompatible with parameter of type "char *restrict"
linking...
Program Size: Code=27306 RO-data=1146 RW-data=296 ZI-data=8128  
FromELF: creating hex file...
"..\OUT\Kibot1-32_20200526.axf" - 0 Error(s), 1 Warning(s).
Build target 'Target 1'
compiling z_main.c...
..\src\z_main.c(570): error:  #29: expected an expression
Target not created
Build target 'Target 1'
compiling z_main.c...
..\src\z_main.c(570): error:  #29: expected an expression
Target not created
Build target 'Target 1'
compiling z_main.c...
..\src\z_main.c(570): error:  #29: expected an expression
Target not created
Build target 'Target 1'
compiling z_main.c...
..\src\z_main.c(570): error:  #29: expected an expression
Target not created
Build target 'Target 1'
compiling z_main.c...
linking...
Program Size: Code=27306 RO-data=1146 RW-data=296 ZI-data=8128  
FromELF: creating hex file...
"..\OUT\Kibot1-32_20200526.axf" - 0 Error(s), 0 Warning(s).
Build target 'Target 1'
linking...
Program Size: Code=27306 RO-data=1146 RW-data=296 ZI-data=8128  
FromELF: creating hex file...
"..\OUT\Kibot1-32_20200526.axf" - 0 Error(s), 0 Warning(s).
Build target 'Target 1'
compiling z_main.c...
linking...
Program Size: Code=27306 RO-data=1146 RW-data=296 ZI-data=8128  
FromELF: creating hex file...
"..\OUT\Kibot1-32_20200526.axf" - 0 Error(s), 0 Warning(s).
Build target 'Target 1'
compiling z_main.c...
linking...
Program Size: Code=27310 RO-data=1146 RW-data=296 ZI-data=8128  
FromELF: creating hex file...
"..\OUT\Kibot1-32_20200526.axf" - 0 Error(s), 0 Warning(s).
