<html>
<body>
<pre>
<h1>µVision Build Log</h1>
<h2>Project:</h2>
C:\Users\ZL-TB\Desktop\Kibot1\Kibot1-32\Kibot1-32\Project\Kibot1-32.uvproj
Project File Date:  01/11/2020

<h2>Output:</h2>
Build target 'Target 1'
compiling z_sensor.c...
..\src\z_sensor.c(140): warning:  #175-D: subscript out of range
compiling z_adc.c...
linking...
Program Size: Code=30434 RO-data=1146 RW-data=408 ZI-data=4096  
FromELF: creating hex file...
"..\OUT\Kibot1-Jxb32.axf" - 0 Errors, 1 Warning(s).
Build target 'Target 1'
compiling z_main.c...
compiling z_sensor.c...
..\src\z_sensor.c(129): warning:  #175-D: subscript out of range
compiling z_adc.c...
linking...
Program Size: Code=30382 RO-data=1146 RW-data=408 ZI-data=4096  
FromELF: creating hex file...
"..\OUT\Kibot1-Jxb32.axf" - 0 Errors, 1 Warning(s).
Build target 'Target 1'
compiling z_main.c...
compiling z_sensor.c...
compiling z_adc.c...
linking...
Program Size: Code=30382 RO-data=1146 RW-data=404 ZI-data=4092  
FromELF: creating hex file...
"..\OUT\Kibot1-Jxb32.axf" - 0 Errors, 0 Warning(s).
Build target 'Target 1'
compiling z_main.c...
compiling z_sensor.c...
linking...
Program Size: Code=30162 RO-data=1146 RW-data=408 ZI-data=4096  
FromELF: creating hex file...
"..\OUT\Kibot1-Jxb32.axf" - 0 Errors, 0 Warning(s).
Build target 'Target 1'
compiling z_main.c...
compiling z_sensor.c...
linking...
Program Size: Code=32150 RO-data=1146 RW-data=408 ZI-data=4096  
FromELF: creating hex file...
"..\OUT\Kibot1-Jxb32.axf" - 0 Errors, 0 Warning(s).
Build target 'Target 1'
compiling z_main.c...
linking...
Program Size: Code=32150 RO-data=1146 RW-data=408 ZI-data=4096  
FromELF: creating hex file...
"..\OUT\Kibot1-Jxb32.axf" - 0 Errors, 0 Warning(s).
Build target 'Target 1'
compiling z_main.c...
..\src\z_main.c(148): warning:  #111-D: statement is unreachable
linking...
Program Size: Code=32150 RO-data=1146 RW-data=408 ZI-data=4096  
FromELF: creating hex file...
"..\OUT\Kibot1-Jxb32.axf" - 0 Errors, 1 Warning(s).
Build target 'Target 1'
compiling z_main.c...
linking...
Program Size: Code=32150 RO-data=1146 RW-data=408 ZI-data=4096  
FromELF: creating hex file...
"..\OUT\Kibot1-Jxb32.axf" - 0 Errors, 0 Warning(s).
Build target 'Target 1'
compiling z_main.c...
compiling z_sensor.c...
compiling z_adc.c...
linking...
Program Size: Code=32150 RO-data=1146 RW-data=408 ZI-data=4096  
FromELF: creating hex file...
"..\OUT\Kibot1-Jxb32.axf" - 0 Errors, 0 Warning(s).
Build target 'Target 1'
compiling z_main.c...
linking...
Program Size: Code=32150 RO-data=1146 RW-data=408 ZI-data=4096  
FromELF: creating hex file...
"..\OUT\Kibot1-Jxb32.axf" - 0 Errors, 0 Warning(s).
Build target 'Target 1'
linking...
Program Size: Code=32150 RO-data=1146 RW-data=408 ZI-data=4096  
FromELF: creating hex file...
"..\OUT\Kibot1-Jxb32.axf" - 0 Errors, 0 Warning(s).
Build target 'Target 1'
compiling z_main.c...
linking...
Program Size: Code=32150 RO-data=1146 RW-data=408 ZI-data=4096  
FromELF: creating hex file...
"..\OUT\Kibot1-32.axf" - 0 Errors, 0 Warning(s).
