<html>
<body>
<pre>
<h1>礦ision Build Log</h1>
<h2>Project:</h2>
Z:\研发资料\001 项目资料\C001-智能机械臂（Jibot1）\C001-智能机械臂（Jibot1-32）\03源码例程\01出厂例程\Jibot1-32\Project\Jibot1-32.uvproj
Project File Date:  05/26/2020

<h2>Output:</h2>
Build target 'Target 1'
linking...
Program Size: Code=27354 RO-data=1146 RW-data=296 ZI-data=8128  
FromELF: creating hex file...
"..\OUT\Jibot1-32.axf" - 0 Errors, 0 Warning(s).
Build target 'Target 1'
compiling z_main.c...
compiling z_gpio.c...
compiling z_timer.c...
compiling z_w25q64.c...
compiling z_sensor.c...
linking...
Program Size: Code=27354 RO-data=1146 RW-data=296 ZI-data=8128  
FromELF: creating hex file...
"..\OUT\Jibot1-32.axf" - 0 Errors, 0 Warning(s).
