<html>
<body>
<pre>
<h1>µVision Build Log</h1>
<h2>Project:</h2>
C:\Users\ZL-JQ\Desktop\Kibot1-32-20200521-4\Kibot1-32\Project\Kibot1-32.uvproj
Project File Date:  05/20/2020

<h2>Output:</h2>
Build target 'Target 1'
compiling stm32f10x_it.c...
compiling core_cm3.c...
compiling system_stm32f10x.c...
compiling stm32f10x_gpio.c...
compiling stm32f10x_rcc.c...
compiling misc.c...
compiling stm32f10x_usart.c...
compiling stm32f10x_i2c.c...
compiling stm32f10x_tim.c...
compiling stm32f10x_spi.c...
compiling stm32f10x_adc.c...
compiling stm32f10x_dma.c...
compiling stm32f10x_flash.c...
compiling z_main.c...
compiling z_delay.c...
compiling z_global.c...
compiling z_gpio.c...
compiling z_ps2.c...
compiling z_rcc.c...
compiling z_timer.c...
compiling z_usart.c...
compiling z_w25q64.c...
compiling z_sensor.c...
compiling z_adc.c...
linking...
Program Size: Code=33778 RO-data=1146 RW-data=396 ZI-data=8188  
FromELF: creating hex file...
"..\OUT\Kibot1-32.axf" - 0 Error(s), 0 Warning(s).
Build target 'Target 1'
compiling z_main.c...
linking...
Program Size: Code=33778 RO-data=1146 RW-data=396 ZI-data=8188  
FromELF: creating hex file...
"..\OUT\Kibot1-32.axf" - 0 Error(s), 0 Warning(s).
Build target 'Target 1'
compiling z_main.c...
..\src\z_main.c(669): error:  #20: identifier "car_dw" is undefined
..\src\z_main.c(673): error:  #20: identifier "car_dw" is undefined
Target not created
Build target 'Target 1'
compiling z_main.c...
linking...
Program Size: Code=33642 RO-data=1146 RW-data=396 ZI-data=8188  
FromELF: creating hex file...
"..\OUT\Kibot1-32.axf" - 0 Error(s), 0 Warning(s).
Build target 'Target 1'
compiling z_main.c...
linking...
Program Size: Code=33470 RO-data=1146 RW-data=396 ZI-data=8188  
FromELF: creating hex file...
"..\OUT\Kibot1-32.axf" - 0 Error(s), 0 Warning(s).
Build target 'Target 1'
compiling z_main.c...
linking...
Program Size: Code=33470 RO-data=1146 RW-data=396 ZI-data=8188  
FromELF: creating hex file...
"..\OUT\Kibot1-32.axf" - 0 Error(s), 0 Warning(s).
Build target 'Target 1'
linking...
Program Size: Code=33470 RO-data=1146 RW-data=396 ZI-data=8188  
FromELF: creating hex file...
"..\OUT\Kibot1-32.axf" - 0 Error(s), 0 Warning(s).
Build target 'Target 1'
compiling z_main.c...
..\src\z_main.c(694): error:  #20: identifier "dj_record_time" is undefined
Target not created
Build target 'Target 1'
compiling z_main.c...
linking...
Program Size: Code=33186 RO-data=1146 RW-data=388 ZI-data=8188  
FromELF: creating hex file...
"..\OUT\Kibot1-32.axf" - 0 Error(s), 0 Warning(s).
Build target 'Target 1'
compiling z_main.c...
linking...
Program Size: Code=33186 RO-data=1146 RW-data=388 ZI-data=8188  
FromELF: creating hex file...
"..\OUT\Kibot1-32.axf" - 0 Error(s), 0 Warning(s).
Build target 'Target 1'
linking...
Program Size: Code=33186 RO-data=1146 RW-data=388 ZI-data=8188  
FromELF: creating hex file...
"..\OUT\Kibot1-32.axf" - 0 Error(s), 0 Warning(s).
Build target 'Target 1'
compiling z_main.c...
linking...
Program Size: Code=33186 RO-data=1146 RW-data=388 ZI-data=8188  
FromELF: creating hex file...
"..\OUT\Kibot1-32.axf" - 0 Error(s), 0 Warning(s).
Build target 'Target 1'
compiling z_main.c...
linking...
Program Size: Code=32762 RO-data=1146 RW-data=380 ZI-data=8188  
FromELF: creating hex file...
"..\OUT\Kibot1-32.axf" - 0 Error(s), 0 Warning(s).
Build target 'Target 1'
compiling z_main.c...
linking...
Program Size: Code=32762 RO-data=1146 RW-data=380 ZI-data=8188  
FromELF: creating hex file...
"..\OUT\Kibot1-32.axf" - 0 Error(s), 0 Warning(s).
Build target 'Target 1'
compiling z_main.c...
linking...
Program Size: Code=32762 RO-data=1146 RW-data=380 ZI-data=8188  
FromELF: creating hex file...
"..\OUT\Kibot1-32.axf" - 0 Error(s), 0 Warning(s).
Build target 'Target 1'
compiling z_main.c...
linking...
Program Size: Code=32762 RO-data=1146 RW-data=380 ZI-data=8188  
FromELF: creating hex file...
"..\OUT\Kibot1-32.axf" - 0 Error(s), 0 Warning(s).
Build target 'Target 1'
compiling z_main.c...
linking...
Program Size: Code=32762 RO-data=1146 RW-data=380 ZI-data=8188  
FromELF: creating hex file...
"..\OUT\Kibot1-32.axf" - 0 Error(s), 0 Warning(s).
Build target 'Target 1'
linking...
Program Size: Code=32762 RO-data=1146 RW-data=380 ZI-data=8188  
FromELF: creating hex file...
"..\OUT\Kibot1-32.axf" - 0 Error(s), 0 Warning(s).
Build target 'Target 1'
compiling z_main.c...
linking...
Program Size: Code=32762 RO-data=1146 RW-data=380 ZI-data=8188  
FromELF: creating hex file...
"..\OUT\Kibot1-32.axf" - 0 Error(s), 0 Warning(s).
Build target 'Target 1'
compiling z_main.c...
linking...
Program Size: Code=32742 RO-data=1146 RW-data=380 ZI-data=8188  
FromELF: creating hex file...
"..\OUT\Kibot1-32.axf" - 0 Error(s), 0 Warning(s).
Build target 'Target 1'
linking...
Program Size: Code=32742 RO-data=1146 RW-data=380 ZI-data=8188  
FromELF: creating hex file...
"..\OUT\Kibot1-32.axf" - 0 Error(s), 0 Warning(s).
Build target 'Target 1'
compiling z_main.c...
linking...
Program Size: Code=32694 RO-data=1146 RW-data=380 ZI-data=8188  
FromELF: creating hex file...
"..\OUT\Kibot1-32.axf" - 0 Error(s), 0 Warning(s).
Build target 'Target 1'
linking...
Program Size: Code=32694 RO-data=1146 RW-data=380 ZI-data=8188  
FromELF: creating hex file...
"..\OUT\Kibot1-32.axf" - 0 Error(s), 0 Warning(s).
Build target 'Target 1'
compiling z_main.c...
linking...
Program Size: Code=32694 RO-data=1146 RW-data=380 ZI-data=8188  
FromELF: creating hex file...
"..\OUT\Kibot1-32.axf" - 0 Error(s), 0 Warning(s).
Build target 'Target 1'
compiling z_main.c...
linking...
Program Size: Code=32694 RO-data=1146 RW-data=380 ZI-data=8188  
FromELF: creating hex file...
"..\OUT\Kibot1-32.axf" - 0 Error(s), 0 Warning(s).
Build target 'Target 1'
compiling z_main.c...
linking...
Program Size: Code=32694 RO-data=1146 RW-data=380 ZI-data=8188  
FromELF: creating hex file...
"..\OUT\Kibot1-32.axf" - 0 Error(s), 0 Warning(s).
Build target 'Target 1'
compiling z_main.c...
..\src\z_main.c(551): warning:  #177-D: variable "temp_buf" was declared but never referenced
..\src\z_main.c(552): warning:  #177-D: variable "long1" was declared but never referenced
linking...
Program Size: Code=32450 RO-data=1146 RW-data=380 ZI-data=8188  
FromELF: creating hex file...
"..\OUT\Kibot1-32.axf" - 0 Error(s), 2 Warning(s).
Build target 'Target 1'
compiling z_main.c...
..\src\z_main.c(551): warning:  #177-D: variable "temp_buf" was declared but never referenced
linking...
Program Size: Code=32450 RO-data=1146 RW-data=380 ZI-data=8188  
FromELF: creating hex file...
"..\OUT\Kibot1-32.axf" - 0 Error(s), 1 Warning(s).
Build target 'Target 1'
compiling z_main.c...
linking...
Program Size: Code=32450 RO-data=1146 RW-data=380 ZI-data=8188  
FromELF: creating hex file...
"..\OUT\Kibot1-32.axf" - 0 Error(s), 0 Warning(s).
Build target 'Target 1'
compiling z_main.c...
..\src\z_main.c(549): warning:  #177-D: variable "djrFlag" was declared but never referenced
linking...
Program Size: Code=32246 RO-data=1146 RW-data=380 ZI-data=8188  
FromELF: creating hex file...
"..\OUT\Kibot1-32.axf" - 0 Error(s), 1 Warning(s).
Build target 'Target 1'
linking...
Program Size: Code=32246 RO-data=1146 RW-data=380 ZI-data=8188  
FromELF: creating hex file...
"..\OUT\Kibot1-32.axf" - 0 Error(s), 0 Warning(s).
Build target 'Target 1'
linking...
Program Size: Code=32246 RO-data=1146 RW-data=380 ZI-data=8188  
FromELF: creating hex file...
"..\OUT\Kibot1-32.axf" - 0 Error(s), 0 Warning(s).
Build target 'Target 1'
compiling z_main.c...
..\src\z_main.c(549): warning:  #177-D: variable "djrFlag" was declared but never referenced
linking...
Program Size: Code=32246 RO-data=1146 RW-data=380 ZI-data=8188  
FromELF: creating hex file...
"..\OUT\Kibot1-32.axf" - 0 Error(s), 1 Warning(s).
Build target 'Target 1'
compiling z_main.c...
linking...
Program Size: Code=32246 RO-data=1146 RW-data=380 ZI-data=8188  
FromELF: creating hex file...
"..\OUT\Kibot1-32.axf" - 0 Error(s), 0 Warning(s).
Build target 'Target 1'
linking...
Program Size: Code=32246 RO-data=1146 RW-data=380 ZI-data=8188  
FromELF: creating hex file...
"..\OUT\Kibot1-32.axf" - 0 Error(s), 0 Warning(s).
Build target 'Target 1'
linking...
Program Size: Code=32246 RO-data=1146 RW-data=380 ZI-data=8188  
FromELF: creating hex file...
"..\OUT\Kibot1-32.axf" - 0 Error(s), 0 Warning(s).
Build target 'Target 1'
linking...
Program Size: Code=32246 RO-data=1146 RW-data=380 ZI-data=8188  
FromELF: creating hex file...
"..\OUT\Kibot1-32.axf" - 0 Error(s), 0 Warning(s).
Build target 'Target 1'
linking...
Program Size: Code=32246 RO-data=1146 RW-data=380 ZI-data=8188  
FromELF: creating hex file...
"..\OUT\Kibot1-32_20200523.axf" - 0 Error(s), 0 Warning(s).
Rebuild target 'Target 1'
compiling stm32f10x_it.c...
compiling core_cm3.c...
compiling system_stm32f10x.c...
compiling stm32f10x_gpio.c...
compiling stm32f10x_rcc.c...
compiling misc.c...
compiling stm32f10x_usart.c...
compiling stm32f10x_i2c.c...
compiling stm32f10x_tim.c...
compiling stm32f10x_spi.c...
compiling stm32f10x_adc.c...
compiling stm32f10x_dma.c...
compiling stm32f10x_flash.c...
assembling startup_stm32f10x_hd.s...
compiling z_main.c...
compiling z_delay.c...
compiling z_global.c...
compiling z_gpio.c...
compiling z_ps2.c...
compiling z_rcc.c...
compiling z_timer.c...
compiling z_usart.c...
compiling z_w25q64.c...
compiling z_sensor.c...
compiling z_adc.c...
linking...
Program Size: Code=32246 RO-data=1146 RW-data=380 ZI-data=8188  
FromELF: creating hex file...
"..\OUT\Kibot1-32_20200523.axf" - 0 Error(s), 0 Warning(s).
