Component: ARM Compiler 5.06 update 7 (build 960) Tool: armlink [4d3601]

==============================================================================

Section Cross References

    system_stm32f10x.o(.text) refers to system_stm32f10x.o(.data) for .data
    stm32f10x_gpio.o(.text) refers to stm32f10x_rcc.o(.text) for RCC_APB2PeriphResetCmd
    stm32f10x_rcc.o(.text) refers to stm32f10x_rcc.o(.data) for .data
    stm32f10x_usart.o(.text) refers to stm32f10x_rcc.o(.text) for RCC_APB2PeriphResetCmd
    stm32f10x_i2c.o(.text) refers to stm32f10x_rcc.o(.text) for RCC_APB1PeriphResetCmd
    stm32f10x_tim.o(.text) refers to stm32f10x_rcc.o(.text) for RCC_APB1PeriphResetCmd
    stm32f10x_spi.o(.text) refers to stm32f10x_rcc.o(.text) for RCC_APB2PeriphResetCmd
    stm32f10x_adc.o(.text) refers to stm32f10x_rcc.o(.text) for RCC_APB2PeriphResetCmd
    stm32f10x_wwdg.o(.text) refers to stm32f10x_rcc.o(.text) for RCC_APB1PeriphResetCmd
    startup_stm32f10x_hd.o(STACK) refers (Special) to heapauxi.o(.text) for __use_two_region_memory
    startup_stm32f10x_hd.o(HEAP) refers (Special) to heapauxi.o(.text) for __use_two_region_memory
    startup_stm32f10x_hd.o(RESET) refers (Special) to heapauxi.o(.text) for __use_two_region_memory
    startup_stm32f10x_hd.o(RESET) refers to startup_stm32f10x_hd.o(STACK) for __initial_sp
    startup_stm32f10x_hd.o(RESET) refers to startup_stm32f10x_hd.o(.text) for Reset_Handler
    startup_stm32f10x_hd.o(RESET) refers to stm32f10x_it.o(.text) for NMI_Handler
    startup_stm32f10x_hd.o(RESET) refers to z_timer.o(.text) for SysTick_Handler
    startup_stm32f10x_hd.o(RESET) refers to z_usart.o(.text) for USART1_IRQHandler
    startup_stm32f10x_hd.o(.text) refers (Special) to heapauxi.o(.text) for __use_two_region_memory
    startup_stm32f10x_hd.o(.text) refers to system_stm32f10x.o(.text) for SystemInit
    startup_stm32f10x_hd.o(.text) refers to __main.o(!!!main) for __main
    startup_stm32f10x_hd.o(.text) refers to startup_stm32f10x_hd.o(HEAP) for Heap_Mem
    startup_stm32f10x_hd.o(.text) refers to startup_stm32f10x_hd.o(STACK) for Stack_Mem
    z_global.o(.text) refers to z_global.o(.bss) for .bss
    z_gpio.o(.text) refers to stm32f10x_rcc.o(.text) for RCC_APB2PeriphClockCmd
    z_gpio.o(.text) refers to stm32f10x_gpio.o(.text) for GPIO_PinRemapConfig
    z_gpio.o(.text) refers to z_delay.o(.text) for tb_delay_ms
    z_gpio.o(.text) refers to z_gpio.o(.data) for .data
    z_ps2.o(.text) refers to stm32f10x_rcc.o(.text) for RCC_APB2PeriphClockCmd
    z_ps2.o(.text) refers to stm32f10x_gpio.o(.text) for GPIO_PinRemapConfig
    z_ps2.o(.text) refers to z_delay.o(.text) for tb_delay_us
    z_rcc.o(.text) refers to stm32f10x_rcc.o(.text) for RCC_DeInit
    z_timer.o(.text) refers to stm32f10x_iwdg.o(.text) for IWDG_WriteAccessCmd
    z_timer.o(.text) refers to stm32f10x_rcc.o(.text) for RCC_APB2PeriphClockCmd
    z_timer.o(.text) refers to stm32f10x_tim.o(.text) for TIM_TimeBaseInit
    z_timer.o(.text) refers to misc.o(.text) for NVIC_Init
    z_timer.o(.text) refers to stm32f10x_gpio.o(.text) for GPIO_Init
    z_timer.o(.text) refers to scalbnf.o(x$fpl$scalbnf) for __ARM_scalbnf
    z_timer.o(.text) refers to fflt_clz.o(x$fpl$fflt) for __aeabi_i2f
    z_timer.o(.text) refers to faddsub_clz.o(x$fpl$fsub) for __aeabi_fsub
    z_timer.o(.text) refers to fleqf.o(x$fpl$fleqf) for __aeabi_cfcmple
    z_timer.o(.text) refers to faddsub_clz.o(x$fpl$fadd) for __aeabi_fadd
    z_timer.o(.text) refers to ffixu.o(x$fpl$ffixu) for __aeabi_f2uiz
    z_timer.o(.text) refers to z_gpio.o(.text) for dj_io_set
    z_timer.o(.text) refers to z_timer.o(.data) for .data
    z_timer.o(.text) refers to z_global.o(.bss) for duoji_doing
    z_timer.o(.text) refers to z_main.o(.data) for ir_data
    z_timer.o(.text) refers to z_main.o(.data) for ir_flag
    z_usart.o(.text) refers to stm32f10x_rcc.o(.text) for RCC_APB2PeriphClockCmd
    z_usart.o(.text) refers to stm32f10x_gpio.o(.text) for GPIO_Init
    z_usart.o(.text) refers to stm32f10x_usart.o(.text) for USART_Init
    z_usart.o(.text) refers to misc.o(.text) for NVIC_Init
    z_usart.o(.text) refers to z_global.o(.data) for uart1_get_ok
    z_usart.o(.text) refers to z_global.o(.data) for uart1_mode
    z_usart.o(.text) refers to z_usart.o(.data) for .data
    z_usart.o(.text) refers to z_global.o(.bss) for uart_receive_buf
    z_w25q64.o(.text) refers to stm32f10x_spi.o(.text) for SPI_I2S_GetFlagStatus
    z_w25q64.o(.text) refers to stm32f10x_gpio.o(.text) for GPIO_Init
    z_w25q64.o(.text) refers to stm32f10x_rcc.o(.text) for RCC_APB2PeriphClockCmd
    z_w25q64.o(.text) refers to z_w25q64.o(.data) for .data
    z_w25q64.o(.text) refers to z_w25q64.o(.bss) for .bss
    z_adc.o(.text) refers to stm32f10x_adc.o(.text) for ADC_DeInit
    z_adc.o(.text) refers to stm32f10x_rcc.o(.text) for RCC_ADCCLKConfig
    z_adc.o(.text) refers to stm32f10x_dma.o(.text) for DMA_DeInit
    z_adc.o(.text) refers to stm32f10x_gpio.o(.text) for GPIO_Init
[...]
    ir_low_time                              0x20000036   Data           2  z_timer.o(.data)
    ir_high_time                             0x20000038   Data           2  z_timer.o(.data)
    ir_period_time                           0x2000003a   Data           2  z_timer.o(.data)
    ir_data_buf                              0x20000040   Data           4  z_timer.o(.data)
    .data                                    0x20000044   Section        6  z_usart.o(.data)
    buf_index                                0x20000044   Data           2  z_usart.o(.data)
    buf_index                                0x20000046   Data           2  z_usart.o(.data)
    buf_index                                0x20000048   Data           2  z_usart.o(.data)
    .data                                    0x2000004a   Section        6  z_w25q64.o(.data)
    tmp                                      0x2000004a   Data           1  z_w25q64.o(.data)
    .data                                    0x20000050   Section       32  z_action.o(.data)
    systick_ms_bak                           0x20000054   Data           4  z_action.o(.data)
    .data                                    0x20000070   Section        1  z_main.o(.data)
    .data                                    0x20000074   Section       16  z_main.o(.data)
    flag                                     0x20000075   Data           1  z_main.o(.data)
    time_count                               0x20000080   Data           4  z_main.o(.data)
    .data                                    0x20000084   Section        4  z_main.o(.data)
    .data                                    0x20000088   Section        1  z_main.o(.data)
    .data                                    0x2000008c   Section       68  z_sensor.o(.data)
    systick_ms_bak                           0x2000008c   Data           4  z_sensor.o(.data)
    systick_ms_bak                           0x20000090   Data           4  z_sensor.o(.data)
    .bss                                     0x200000d0   Section      128  z_global.o(.bss)
    .bss                                     0x20000150   Section     1024  z_global.o(.bss)
    .bss                                     0x20000550   Section     1024  z_global.o(.bss)
    .bss                                     0x20000950   Section      192  z_global.o(.bss)
    .bss                                     0x20000a10   Section     4114  z_w25q64.o(.bss)
    .bss                                     0x20001a24   Section       96  libspace.o(.bss)
    HEAP                                     0x20001a88   Section      512  startup_stm32f10x_hd.o(HEAP)
    Heap_Mem                                 0x20001a88   Data         512  startup_stm32f10x_hd.o(HEAP)
    STACK                                    0x20001c88   Section     1024  startup_stm32f10x_hd.o(STACK)
    Stack_Mem                                0x20001c88   Data        1024  startup_stm32f10x_hd.o(STACK)
    __initial_sp                             0x20002088   Data           0  startup_stm32f10x_hd.o(STACK)

    Global Symbols

    Symbol Name                              Value     Ov Type        Size  Object(Section)

    BuildAttributes$$THM_ISAv4$P$D$K$B$S$PE$A:L22UL41UL21$X:L11$S22US41US21$IEEE1$IW$USESV6$~STKCKD$USESV7$~SHL$OTIME$ROPI$IEEEX$EBA8$UX$STANDARDLIB$REQ8$PRES8$EABIv2 0x00000000   Number         0  anon$$obj.o ABSOLUTE
    __ARM_use_no_argv                        0x00000000   Number         0  z_main.o ABSOLUTE
    _printf_flags                            0x00000000   Number         0  printf_stubs.o ABSOLUTE
    _printf_return_value                     0x00000000   Number         0  printf_stubs.o ABSOLUTE
    _printf_sizespec                         0x00000000   Number         0  printf_stubs.o ABSOLUTE
    _printf_widthprec                        0x00000000   Number         0  printf_stubs.o ABSOLUTE
    __ARM_exceptions_init                     - Undefined Weak Reference
    __alloca_initialize                       - Undefined Weak Reference
    __arm_fini_                               - Undefined Weak Reference
    __arm_preinit_                            - Undefined Weak Reference
    __cpp_initialize__aeabi_                  - Undefined Weak Reference
    __cxa_finalize                            - Undefined Weak Reference
    __sigvec_lookup                           - Undefined Weak Reference
    _atexit_init                              - Undefined Weak Reference
    _call_atexit_fns                          - Undefined Weak Reference
    _clock_init                               - Undefined Weak Reference
    _fp_trap_init                             - Undefined Weak Reference
    _fp_trap_shutdown                         - Undefined Weak Reference
    _get_lc_collate                           - Undefined Weak Reference
    _get_lc_monetary                          - Undefined Weak Reference
    _get_lc_numeric                           - Undefined Weak Reference
    _get_lc_time                              - Undefined Weak Reference
    _getenv_init                              - Undefined Weak Reference
    _handle_redirection                       - Undefined Weak Reference
    _init_alloc                               - Undefined Weak Reference
    _init_user_alloc                          - Undefined Weak Reference
    _initio                                   - Undefined Weak Reference
    _printf_mbtowc                            - Undefined Weak Reference
    _printf_truncate_signed                   - Undefined Weak Reference
    _printf_truncate_unsigned                 - Undefined Weak Reference
    _rand_init                                - Undefined Weak Reference
    _scanf_longlong                           - Undefined Weak Reference
    _scanf_mbtowc                             - Undefined Weak Reference
    _scanf_real                               - Undefined Weak Reference
    _scanf_string                             - Undefined Weak Reference
    _scanf_wctomb                             - Undefined Weak Reference
    _scanf_wstring                            - Undefined Weak Reference
    _signal_finish                            - Undefined Weak Reference
    _signal_init                              - Undefined Weak Reference
    _terminate_alloc                          - Undefined Weak Reference
    _terminate_user_alloc                     - Undefined Weak Reference
    _terminateio                              - Undefined Weak Reference
    __Vectors_Size                           0x00000130   Number         0  startup_stm32f10x_hd.o ABSOLUTE
    __Vectors                                0x08000000   Data           4  startup_stm32f10x_hd.o(RESET)
    __Vectors_End                            0x08000130   Data           0  startup_stm32f10x_hd.o(RESET)
    __main                                   0x08000131   Thumb Code     8  __main.o(!!!main)
    __scatterload                            0x08000139   Thumb Code     0  __scatter.o(!!!scatter)
    __scatterload_rt2                        0x08000139   Thumb Code    44  __scatter.o(!!!scatter)
    __scatterload_rt2_thumb_only             0x08000139   Thumb Code     0  __scatter.o(!!!scatter)
    __scatterload_null                       0x08000147   Thumb Code     0  __scatter.o(!!!scatter)
    __scatterload_copy                       0x0800016d   Thumb Code    26  __scatter_copy.o(!!handler_copy)
    __scatterload_zeroinit                   0x08000189   Thumb Code    28  __scatter_zi.o(!!handler_zi)
    _printf_d                                0x080001a5   Thumb Code     0  _printf_d.o(.ARM.Collect$$_printf_percent$$00000009)
    _printf_percent                          0x080001a5   Thumb Code     0  _printf_percent.o(.ARM.Collect$$_printf_percent$$00000000)
    _printf_s                                0x080001ab   Thumb Code     0  _printf_s.o(.ARM.Collect$$_printf_percent$$00000014)
    _printf_percent_end                      0x080001b1   Thumb Code     0  _printf_percent_end.o(.ARM.Collect$$_printf_percent$$00000017)
    __rt_lib_init                            0x080001b5   Thumb Code     0  libinit.o(.ARM.Collect$$libinit$$00000000)
    __rt_lib_init_fp_1                       0x080001b7   Thumb Code     0  libinit2.o(.ARM.Collect$$libinit$$00000002)
    __rt_lib_init_heap_1                     0x080001b7   Thumb Code     0  libinit2.o(.ARM.Collect$$libinit$$0000000A)
    __rt_lib_init_lc_common                  0x080001b7   Thumb Code     0  libinit2.o(.ARM.Collect$$libinit$$0000000F)
    __rt_lib_init_preinit_1                  0x080001b7   Thumb Code     0  libinit2.o(.ARM.Collect$$libinit$$00000004)
    __rt_lib_init_rand_1                     0x080001b7   Thumb Code     0  libinit2.o(.ARM.Collect$$libinit$$0000000E)
    __rt_lib_init_user_alloc_1               0x080001b7   Thumb Code     0  libinit2.o(.ARM.Collect$$libinit$$0000000C)
    __rt_lib_init_lc_collate_1               0x080001bd   Thumb Code     0  libinit2.o(.ARM.Collect$$libinit$$00000011)
    __rt_lib_init_lc_ctype_2                 0x080001bd   Thumb Code     0  libinit2.o(.ARM.Collect$$libinit$$00000012)
    __rt_lib_init_alloca_1                   0x080001c9   Thumb Code     0  libinit2.o(.ARM.Collect$$libinit$$0000002E)
    __rt_lib_init_argv_1                     0x080001c9   Thumb Code     0  libinit2.o(.ARM.Collect$$libinit$$0000002C)
    __rt_lib_init_atexit_1                   0x080001c9   Thumb Code     0  libinit2.o(.ARM.Collect$$libinit$$0000001B)
    __rt_lib_init_clock_1                    0x080001c9   Thumb Code     0  libinit2.o(.ARM.Collect$$libinit$$00000021)
    __rt_lib_init_cpp_1                      0x080001c9   Thumb Code     0  libinit2.o(.ARM.Collect$$libinit$$00000032)
    __rt_lib_init_exceptions_1               0x080001c9   Thumb Code     0  libinit2.o(.ARM.Collect$$libinit$$00000030)
    __rt_lib_init_fp_trap_1                  0x080001c9   Thumb Code     0  libinit2.o(.ARM.Collect$$libinit$$0000001F)
    __rt_lib_init_getenv_1                   0x080001c9   Thumb Code     0  libinit2.o(.ARM.Collect$$libinit$$00000023)
    __rt_lib_init_lc_ctype_1                 0x080001c9   Thumb Code     0  libinit2.o(.ARM.Collect$$libinit$$00000013)
    __rt_lib_init_lc_monetary_1              0x080001c9   Thumb Code     0  libinit2.o(.ARM.Collect$$libinit$$00000015)
    __rt_lib_init_lc_numeric_1               0x080001c9   Thumb Code     0  libinit2.o(.ARM.Collect$$libinit$$00000017)
    __rt_lib_init_lc_time_1                  0x080001c9   Thumb Code     0  libinit2.o(.ARM.Collect$$libinit$$00000019)
    __rt_lib_init_return                     0x080001c9   Thumb Code     0  libinit2.o(.ARM.Collect$$libinit$$00000033)
    __rt_lib_init_signal_1                   0x080001c9   Thumb Code     0  libinit2.o(.ARM.Collect$$libinit$$0000001D)
    __rt_lib_init_stdio_1                    0x080001c9   Thumb Code     0  libinit2.o(.ARM.Collect$$libinit$$00000025)
    __rt_lib_shutdown                        0x080001cb   Thumb Code     0  libshutdown.o(.ARM.Collect$$libshutdown$$00000000)
    __rt_lib_shutdown_cpp_1                  0x080001cd   Thumb Code     0  libshutdown2.o(.ARM.Collect$$libshutdown$$00000004)
    __rt_lib_shutdown_fini_1                 0x080001cd   Thumb Code     0  libshutdown2.o(.ARM.Collect$$libshutdown$$00000002)
    __rt_lib_shutdown_fp_trap_1              0x080001cd   Thumb Code     0  libshutdown2.o(.ARM.Collect$$libshutdown$$00000009)
    __rt_lib_shutdown_heap_1                 0x080001cd   Thumb Code     0  libshutdown2.o(.ARM.Collect$$libshutdown$$00000011)
    __rt_lib_shutdown_return                 0x080001cd   Thumb Code     0  libshutdown2.o(.ARM.Collect$$libshutdown$$00000012)
    __rt_lib_shutdown_signal_1               0x080001cd   Thumb Code     0  libshutdown2.o(.ARM.Collect$$libshutdown$$0000000C)
    __rt_lib_shutdown_stdio_1                0x080001cd   Thumb Code     0  libshutdown2.o(.ARM.Collect$$libshutdown$$00000006)
    __rt_lib_shutdown_user_alloc_1           0x080001cd   Thumb Code     0  libshutdown2.o(.ARM.Collect$$libshutdown$$0000000E)
    __rt_entry                               0x080001cf   Thumb Code     0  __rtentry.o(.ARM.Collect$$rtentry$$00000000)
    __rt_entry_presh_1                       0x080001cf   Thumb Code     0  __rtentry2.o(.ARM.Collect$$rtentry$$00000002)
    __rt_entry_sh                            0x080001cf   Thumb Code     0  __rtentry4.o(.ARM.Collect$$rtentry$$00000004)
    __rt_entry_li                            0x080001d5   Thumb Code     0  __rtentry2.o(.ARM.Collect$$rtentry$$0000000A)
    __rt_entry_postsh_1                      0x080001d5   Thumb Code     0  __rtentry2.o(.ARM.Collect$$rtentry$$00000009)
    __rt_entry_main                          0x080001d9   Thumb Code     0  __rtentry2.o(.ARM.Collect$$rtentry$$0000000D)
    __rt_entry_postli_1                      0x080001d9   Thumb Code     0  __rtentry2.o(.ARM.Collect$$rtentry$$0000000C)
    __rt_exit                                0x080001e1   Thumb Code     0  rtexit.o(.ARM.Collect$$rtexit$$00000000)
    __rt_exit_ls                             0x080001e3   Thumb Code     0  rtexit2.o(.ARM.Collect$$rtexit$$00000003)
    __rt_exit_prels_1                        0x080001e3   Thumb Code     0  rtexit2.o(.ARM.Collect$$rtexit$$00000002)
    __rt_exit_exit                           0x080001e7   Thumb Code     0  rtexit2.o(.ARM.Collect$$rtexit$$00000004)
    NMI_Handler                              0x080001ed   Thumb Code     2  stm32f10x_it.o(.text)
    HardFault_Handler                        0x080001ef   Thumb Code     2  stm32f10x_it.o(.text)
    MemManage_Handler                        0x080001f1   Thumb Code     2  stm32f10x_it.o(.text)
    BusFault_Handler                         0x080001f3   Thumb Code     2  stm32f10x_it.o(.text)
    UsageFault_Handler                       0x080001f5   Thumb Code     2  stm32f10x_it.o(.text)
    SVC_Handler                              0x080001f7   Thumb Code     2  stm32f10x_it.o(.text)
    DebugMon_Handler                         0x080001f9   Thumb Code     2  stm32f10x_it.o(.text)
    PendSV_Handler                           0x080001fb   Thumb Code     2  stm32f10x_it.o(.text)
    SystemInit                               0x0800029d   Thumb Code    64  system_stm32f10x.o(.text)
    SystemCoreClockUpdate                    0x080002dd   Thumb Code    84  system_stm32f10x.o(.text)
    GPIO_DeInit                              0x08000351   Thumb Code   152  stm32f10x_gpio.o(.text)
    GPIO_AFIODeInit                          0x080003e9   Thumb Code    22  stm32f10x_gpio.o(.text)
    GPIO_Init                                0x080003ff   Thumb Code   164  stm32f10x_gpio.o(.text)
    GPIO_StructInit                          0x080004a3   Thumb Code    16  stm32f10x_gpio.o(.text)
    GPIO_ReadInputDataBit                    0x080004b3   Thumb Code    14  stm32f10x_gpio.o(.text)
    GPIO_ReadInputData                       0x080004c1   Thumb Code     6  stm32f10x_gpio.o(.text)
    GPIO_ReadOutputDataBit                   0x080004c7   Thumb Code    14  stm32f10x_gpio.o(.text)
    GPIO_ReadOutputData                      0x080004d5   Thumb Code     6  stm32f10x_gpio.o(.text)
    GPIO_SetBits                             0x080004db   Thumb Code     4  stm32f10x_gpio.o(.text)
    GPIO_ResetBits                           0x080004df   Thumb Code     4  stm32f10x_gpio.o(.text)
    GPIO_WriteBit                            0x080004e3   Thumb Code    10  stm32f10x_gpio.o(.text)
    GPIO_Write                               0x080004ed   Thumb Code     4  stm32f10x_gpio.o(.text)
    GPIO_PinLockConfig                       0x080004f1   Thumb Code    16  stm32f10x_gpio.o(.text)
    GPIO_EventOutputConfig                   0x08000501   Thumb Code    22  stm32f10x_gpio.o(.text)
    GPIO_EventOutputCmd                      0x08000517   Thumb Code     6  stm32f10x_gpio.o(.text)
    GPIO_PinRemapConfig                      0x0800051d   Thumb Code    82  stm32f10x_gpio.o(.text)
    GPIO_EXTILineConfig                      0x0800056f   Thumb Code    34  stm32f10x_gpio.o(.text)
    GPIO_ETH_MediaInterfaceConfig            0x08000591   Thumb Code     8  stm32f10x_gpio.o(.text)
    RCC_DeInit                               0x080005bd   Thumb Code    50  stm32f10x_rcc.o(.text)
    RCC_HSEConfig                            0x080005ef   Thumb Code    48  stm32f10x_rcc.o(.text)
    RCC_GetFlagStatus                        0x0800061f   Thumb Code    42  stm32f10x_rcc.o(.text)
    RCC_WaitForHSEStartUp                    0x08000649   Thumb Code    44  stm32f10x_rcc.o(.text)
    RCC_AdjustHSICalibrationValue            0x08000675   Thumb Code    16  stm32f10x_rcc.o(.text)
    RCC_HSICmd                               0x08000685   Thumb Code     6  stm32f10x_rcc.o(.text)
    RCC_PLLConfig                            0x0800068b   Thumb Code    16  stm32f10x_rcc.o(.text)
    RCC_PLLCmd                               0x0800069b   Thumb Code     6  stm32f10x_rcc.o(.text)
    RCC_SYSCLKConfig                         0x080006a1   Thumb Code    14  stm32f10x_rcc.o(.text)
    RCC_GetSYSCLKSource                      0x080006af   Thumb Code    10  stm32f10x_rcc.o(.text)
    RCC_HCLKConfig                           0x080006b9   Thumb Code    14  stm32f10x_rcc.o(.text)
    RCC_PCLK1Config                          0x080006c7   Thumb Code    14  stm32f10x_rcc.o(.text)
    RCC_PCLK2Config                          0x080006d5   Thumb Code    16  stm32f10x_rcc.o(.text)
    RCC_ITConfig                             0x080006e5   Thumb Code    18  stm32f10x_rcc.o(.text)
    RCC_USBCLKConfig                         0x080006f7   Thumb Code     8  stm32f10x_rcc.o(.text)
    RCC_ADCCLKConfig                         0x080006ff   Thumb Code    14  stm32f10x_rcc.o(.text)
    RCC_LSEConfig                            0x0800070d   Thumb Code    28  stm32f10x_rcc.o(.text)
    RCC_LSICmd                               0x08000729   Thumb Code     6  stm32f10x_rcc.o(.text)
    RCC_RTCCLKConfig                         0x0800072f   Thumb Code    10  stm32f10x_rcc.o(.text)
    RCC_RTCCLKCmd                            0x08000739   Thumb Code     8  stm32f10x_rcc.o(.text)
    RCC_GetClocksFreq                        0x08000741   Thumb Code   128  stm32f10x_rcc.o(.text)
    RCC_AHBPeriphClockCmd                    0x080007c1   Thumb Code    18  stm32f10x_rcc.o(.text)
    RCC_APB2PeriphClockCmd                   0x080007d3   Thumb Code    18  stm32f10x_rcc.o(.text)
    RCC_APB1PeriphClockCmd                   0x080007e5   Thumb Code    18  stm32f10x_rcc.o(.text)
    RCC_APB2PeriphResetCmd                   0x080007f7   Thumb Code    18  stm32f10x_rcc.o(.text)
    RCC_APB1PeriphResetCmd                   0x08000809   Thumb Code    18  stm32f10x_rcc.o(.text)
    RCC_BackupResetCmd                       0x0800081b   Thumb Code     8  stm32f10x_rcc.o(.text)
    RCC_ClockSecuritySystemCmd               0x08000823   Thumb Code     6  stm32f10x_rcc.o(.text)
    RCC_MCOConfig                            0x08000829   Thumb Code     6  stm32f10x_rcc.o(.text)
    RCC_ClearFlag                            0x0800082f   Thumb Code    12  stm32f10x_rcc.o(.text)
    RCC_GetITStatus                          0x0800083b   Thumb Code    16  stm32f10x_rcc.o(.text)
    RCC_ClearITPendingBit                    0x0800084b   Thumb Code     6  stm32f10x_rcc.o(.text)
    NVIC_PriorityGroupConfig                 0x08000871   Thumb Code    10  misc.o(.text)
    NVIC_Init                                0x0800087b   Thumb Code    94  misc.o(.text)
    NVIC_SetVectorTable                      0x080008d9   Thumb Code    14  misc.o(.text)
    NVIC_SystemLPConfig                      0x080008e7   Thumb Code    20  misc.o(.text)
    SysTick_CLKSourceConfig                  0x080008fb   Thumb Code    24  misc.o(.text)
    USART_DeInit                             0x08000921   Thumb Code    96  stm32f10x_usart.o(.text)
    USART_Init                               0x08000981   Thumb Code   166  stm32f10x_usart.o(.text)
    USART_StructInit                         0x08000a27   Thumb Code    22  stm32f10x_usart.o(.text)
    USART_ClockInit                          0x08000a3d   Thumb Code    30  stm32f10x_usart.o(.text)
    USART_ClockStructInit                    0x08000a5b   Thumb Code    12  stm32f10x_usart.o(.text)
    USART_Cmd                                0x08000a67   Thumb Code    20  stm32f10x_usart.o(.text)
    USART_ITConfig                           0x08000a7b   Thumb Code    48  stm32f10x_usart.o(.text)
    USART_DMACmd                             0x08000aab   Thumb Code    16  stm32f10x_usart.o(.text)
    USART_SetAddress                         0x08000abb   Thumb Code    16  stm32f10x_usart.o(.text)
    USART_WakeUpConfig                       0x08000acb   Thumb Code    16  stm32f10x_usart.o(.text)
    USART_ReceiverWakeUpCmd                  0x08000adb   Thumb Code    20  stm32f10x_usart.o(.text)
    USART_LINBreakDetectLengthConfig         0x08000aef   Thumb Code    16  stm32f10x_usart.o(.text)
    USART_LINCmd                             0x08000aff   Thumb Code    20  stm32f10x_usart.o(.text)
    USART_SendData                           0x08000b13   Thumb Code     8  stm32f10x_usart.o(.text)
    USART_ReceiveData                        0x08000b1b   Thumb Code     8  stm32f10x_usart.o(.text)
    USART_SendBreak                          0x08000b23   Thumb Code    10  stm32f10x_usart.o(.text)
    USART_SetGuardTime                       0x08000b2d   Thumb Code    16  stm32f10x_usart.o(.text)
    USART_SetPrescaler                       0x08000b3d   Thumb Code    16  stm32f10x_usart.o(.text)
    USART_SmartCardCmd                       0x08000b4d   Thumb Code    20  stm32f10x_usart.o(.text)
    USART_SmartCardNACKCmd                   0x08000b61   Thumb Code    20  stm32f10x_usart.o(.text)
    USART_HalfDuplexCmd                      0x08000b75   Thumb Code    20  stm32f10x_usart.o(.text)
    USART_OverSampling8Cmd                   0x08000b89   Thumb Code    20  stm32f10x_usart.o(.text)
    USART_OneBitMethodCmd                    0x08000b9d   Thumb Code    20  stm32f10x_usart.o(.text)
    USART_IrDAConfig                         0x08000bb1   Thumb Code    16  stm32f10x_usart.o(.text)
    USART_IrDACmd                            0x08000bc1   Thumb Code    20  stm32f10x_usart.o(.text)
    USART_GetFlagStatus                      0x08000bd5   Thumb Code    14  stm32f10x_usart.o(.text)
    USART_ClearFlag                          0x08000be3   Thumb Code     6  stm32f10x_usart.o(.text)
    USART_GetITStatus                        0x08000be9   Thumb Code    62  stm32f10x_usart.o(.text)
    USART_ClearITPendingBit                  0x08000c27   Thumb Code    12  stm32f10x_usart.o(.text)
    TIM_DeInit                               0x08000c49   Thumb Code   304  stm32f10x_tim.o(.text)
    TIM_TimeBaseInit                         0x08000d79   Thumb Code   114  stm32f10x_tim.o(.text)
    TIM_OC1Init                              0x08000deb   Thumb Code   106  stm32f10x_tim.o(.text)
    TIM_OC2Init                              0x08000e55   Thumb Code   120  stm32f10x_tim.o(.text)
    TIM_OC3Init                              0x08000ecd   Thumb Code   116  stm32f10x_tim.o(.text)
    TIM_OC4Init                              0x08000f41   Thumb Code    90  stm32f10x_tim.o(.text)
    TIM_SetIC4Prescaler                      0x08000f9b   Thumb Code    24  stm32f10x_tim.o(.text)
    TIM_SetIC3Prescaler                      0x08000fb3   Thumb Code    16  stm32f10x_tim.o(.text)
    TIM_SetIC2Prescaler                      0x08000fc3   Thumb Code    24  stm32f10x_tim.o(.text)
    TIM_SetIC1Prescaler                      0x08001081   Thumb Code    16  stm32f10x_tim.o(.text)
    TIM_ICInit                               0x080010e9   Thumb Code   272  stm32f10x_tim.o(.text)
    TIM_PWMIConfig                           0x080011f9   Thumb Code   104  stm32f10x_tim.o(.text)
    TIM_BDTRConfig                           0x08001261   Thumb Code    34  stm32f10x_tim.o(.text)
    TIM_TimeBaseStructInit                   0x08001283   Thumb Code    18  stm32f10x_tim.o(.text)
    TIM_OCStructInit                         0x08001295   Thumb Code    20  stm32f10x_tim.o(.text)
    TIM_ICStructInit                         0x080012a9   Thumb Code    16  stm32f10x_tim.o(.text)
    TIM_BDTRStructInit                       0x080012b9   Thumb Code    18  stm32f10x_tim.o(.text)
    TIM_Cmd                                  0x080012cb   Thumb Code    20  stm32f10x_tim.o(.text)
    TIM_CtrlPWMOutputs                       0x080012df   Thumb Code    22  stm32f10x_tim.o(.text)
    TIM_ITConfig                             0x080012f5   Thumb Code    16  stm32f10x_tim.o(.text)
    TIM_GenerateEvent                        0x08001305   Thumb Code     4  stm32f10x_tim.o(.text)
    TIM_DMAConfig                            0x08001309   Thumb Code     8  stm32f10x_tim.o(.text)
    TIM_DMACmd                               0x08001311   Thumb Code    16  stm32f10x_tim.o(.text)
    TIM_InternalClockConfig                  0x08001321   Thumb Code    10  stm32f10x_tim.o(.text)
    TIM_SelectInputTrigger                   0x0800132b   Thumb Code    12  stm32f10x_tim.o(.text)
    TIM_ITRxExternalClockConfig              0x08001337   Thumb Code    18  stm32f10x_tim.o(.text)
    TIM_TIxExternalClockConfig               0x08001349   Thumb Code    46  stm32f10x_tim.o(.text)
    TIM_ETRConfig                            0x08001377   Thumb Code    24  stm32f10x_tim.o(.text)
    TIM_ETRClockMode1Config                  0x0800138f   Thumb Code    18  stm32f10x_tim.o(.text)
    TIM_ETRClockMode2Config                  0x080013a1   Thumb Code    18  stm32f10x_tim.o(.text)
    TIM_PrescalerConfig                      0x080013b3   Thumb Code     6  stm32f10x_tim.o(.text)
    TIM_CounterModeConfig                    0x080013b9   Thumb Code    12  stm32f10x_tim.o(.text)
    TIM_EncoderInterfaceConfig               0x080013c5   Thumb Code    50  stm32f10x_tim.o(.text)
    TIM_ForcedOC1Config                      0x080013f7   Thumb Code    12  stm32f10x_tim.o(.text)
    TIM_ForcedOC2Config                      0x08001403   Thumb Code    20  stm32f10x_tim.o(.text)
    TIM_ForcedOC3Config                      0x08001417   Thumb Code    12  stm32f10x_tim.o(.text)
    TIM_ForcedOC4Config                      0x08001423   Thumb Code    20  stm32f10x_tim.o(.text)
    TIM_ARRPreloadConfig                     0x08001437   Thumb Code    20  stm32f10x_tim.o(.text)
    TIM_SelectCOM                            0x0800144b   Thumb Code    20  stm32f10x_tim.o(.text)
    TIM_SelectCCDMA                          0x0800145f   Thumb Code    20  stm32f10x_tim.o(.text)
    TIM_CCPreloadControl                     0x08001473   Thumb Code    20  stm32f10x_tim.o(.text)
    TIM_OC1PreloadConfig                     0x08001487   Thumb Code    34  stm32f10x_tim.o(.text)
    TIM_OC2PreloadConfig                     0x080014a9   Thumb Code    20  stm32f10x_tim.o(.text)
    TIM_OC3PreloadConfig                     0x080014bd   Thumb Code    12  stm32f10x_tim.o(.text)
    TIM_OC4PreloadConfig                     0x080014c9   Thumb Code    20  stm32f10x_tim.o(.text)
    TIM_OC1FastConfig                        0x080014dd   Thumb Code    12  stm32f10x_tim.o(.text)
    TIM_OC2FastConfig                        0x080014e9   Thumb Code    20  stm32f10x_tim.o(.text)
    TIM_OC3FastConfig                        0x080014fd   Thumb Code    12  stm32f10x_tim.o(.text)
    TIM_OC4FastConfig                        0x08001509   Thumb Code    20  stm32f10x_tim.o(.text)
    TIM_ClearOC1Ref                          0x0800151d   Thumb Code    12  stm32f10x_tim.o(.text)
    TIM_ClearOC2Ref                          0x08001529   Thumb Code    20  stm32f10x_tim.o(.text)
    TIM_ClearOC3Ref                          0x0800153d   Thumb Code    12  stm32f10x_tim.o(.text)
    TIM_ClearOC4Ref                          0x08001549   Thumb Code    20  stm32f10x_tim.o(.text)
    TIM_OC1PolarityConfig                    0x0800155d   Thumb Code    12  stm32f10x_tim.o(.text)
    TIM_OC1NPolarityConfig                   0x08001569   Thumb Code    12  stm32f10x_tim.o(.text)
    TIM_OC2PolarityConfig                    0x08001575   Thumb Code    20  stm32f10x_tim.o(.text)
    TIM_OC2NPolarityConfig                   0x08001589   Thumb Code    20  stm32f10x_tim.o(.text)
    TIM_OC3PolarityConfig                    0x0800159d   Thumb Code    20  stm32f10x_tim.o(.text)
    TIM_OC3NPolarityConfig                   0x080015b1   Thumb Code    20  stm32f10x_tim.o(.text)
    TIM_OC4PolarityConfig                    0x080015c5   Thumb Code    20  stm32f10x_tim.o(.text)
    TIM_CCxCmd                               0x080015d9   Thumb Code    22  stm32f10x_tim.o(.text)
    TIM_CCxNCmd                              0x080015ef   Thumb Code    22  stm32f10x_tim.o(.text)
    TIM_SelectOCxM                           0x08001605   Thumb Code    70  stm32f10x_tim.o(.text)
    TIM_UpdateDisableConfig                  0x0800164b   Thumb Code    20  stm32f10x_tim.o(.text)
    TIM_UpdateRequestConfig                  0x0800165f   Thumb Code    20  stm32f10x_tim.o(.text)
    TIM_SelectHallSensor                     0x08001673   Thumb Code    20  stm32f10x_tim.o(.text)
    TIM_SelectOnePulseMode                   0x08001687   Thumb Code    16  stm32f10x_tim.o(.text)
    TIM_SelectOutputTrigger                  0x08001697   Thumb Code    16  stm32f10x_tim.o(.text)
    TIM_SelectSlaveMode                      0x080016a7   Thumb Code    16  stm32f10x_tim.o(.text)
    TIM_SelectMasterSlaveMode                0x080016b7   Thumb Code    16  stm32f10x_tim.o(.text)
    TIM_SetCounter                           0x080016c7   Thumb Code     4  stm32f10x_tim.o(.text)
    TIM_SetAutoreload                        0x080016cb   Thumb Code     4  stm32f10x_tim.o(.text)
    TIM_SetCompare1                          0x080016cf   Thumb Code     4  stm32f10x_tim.o(.text)
    TIM_SetCompare2                          0x080016d3   Thumb Code     4  stm32f10x_tim.o(.text)
    TIM_SetCompare3                          0x080016d7   Thumb Code     4  stm32f10x_tim.o(.text)
    TIM_SetCompare4                          0x080016db   Thumb Code     6  stm32f10x_tim.o(.text)
    TIM_SetClockDivision                     0x080016e1   Thumb Code    16  stm32f10x_tim.o(.text)
    TIM_GetCapture1                          0x080016f1   Thumb Code     4  stm32f10x_tim.o(.text)
    TIM_GetCapture2                          0x080016f5   Thumb Code     4  stm32f10x_tim.o(.text)
    TIM_GetCapture3                          0x080016f9   Thumb Code     4  stm32f10x_tim.o(.text)
    TIM_GetCapture4                          0x080016fd   Thumb Code     6  stm32f10x_tim.o(.text)
    TIM_GetCounter                           0x08001703   Thumb Code     4  stm32f10x_tim.o(.text)
    TIM_GetPrescaler                         0x08001707   Thumb Code     4  stm32f10x_tim.o(.text)
    TIM_GetFlagStatus                        0x0800170b   Thumb Code    14  stm32f10x_tim.o(.text)
    TIM_ClearFlag                            0x08001719   Thumb Code     6  stm32f10x_tim.o(.text)
    TIM_GetITStatus                          0x0800171f   Thumb Code    24  stm32f10x_tim.o(.text)
    TIM_ClearITPendingBit                    0x08001737   Thumb Code     6  stm32f10x_tim.o(.text)
    SPI_I2S_DeInit                           0x0800173d   Thumb Code    72  stm32f10x_spi.o(.text)
    SPI_Init                                 0x08001785   Thumb Code    56  stm32f10x_spi.o(.text)
    I2S_Init                                 0x080017bd   Thumb Code   152  stm32f10x_spi.o(.text)
    SPI_StructInit                           0x08001855   Thumb Code    24  stm32f10x_spi.o(.text)
    I2S_StructInit                           0x0800186d   Thumb Code    18  stm32f10x_spi.o(.text)
    SPI_Cmd                                  0x0800187f   Thumb Code    20  stm32f10x_spi.o(.text)
    I2S_Cmd                                  0x08001893   Thumb Code    20  stm32f10x_spi.o(.text)
    SPI_I2S_ITConfig                         0x080018a7   Thumb Code    24  stm32f10x_spi.o(.text)
    SPI_I2S_DMACmd                           0x080018bf   Thumb Code    16  stm32f10x_spi.o(.text)
    SPI_I2S_SendData                         0x080018cf   Thumb Code     4  stm32f10x_spi.o(.text)
    SPI_I2S_ReceiveData                      0x080018d3   Thumb Code     4  stm32f10x_spi.o(.text)
    SPI_NSSInternalSoftwareConfig            0x080018d7   Thumb Code    24  stm32f10x_spi.o(.text)
    SPI_SSOutputCmd                          0x080018ef   Thumb Code    20  stm32f10x_spi.o(.text)
    SPI_DataSizeConfig                       0x08001903   Thumb Code    16  stm32f10x_spi.o(.text)
    SPI_TransmitCRC                          0x08001913   Thumb Code    10  stm32f10x_spi.o(.text)
    SPI_CalculateCRC                         0x0800191d   Thumb Code    20  stm32f10x_spi.o(.text)
    SPI_GetCRC                               0x08001931   Thumb Code    12  stm32f10x_spi.o(.text)
    SPI_GetCRCPolynomial                     0x0800193d   Thumb Code     4  stm32f10x_spi.o(.text)
    SPI_BiDirectionalLineConfig              0x08001941   Thumb Code    22  stm32f10x_spi.o(.text)
    SPI_I2S_GetFlagStatus                    0x08001957   Thumb Code    14  stm32f10x_spi.o(.text)
    SPI_I2S_ClearFlag                        0x08001965   Thumb Code     6  stm32f10x_spi.o(.text)
    SPI_I2S_GetITStatus                      0x0800196b   Thumb Code    42  stm32f10x_spi.o(.text)
    SPI_I2S_ClearITPendingBit                0x08001995   Thumb Code    14  stm32f10x_spi.o(.text)
    IWDG_WriteAccessCmd                      0x080019b1   Thumb Code     6  stm32f10x_iwdg.o(.text)
    IWDG_SetPrescaler                        0x080019b7   Thumb Code     6  stm32f10x_iwdg.o(.text)
    IWDG_SetReload                           0x080019bd   Thumb Code     6  stm32f10x_iwdg.o(.text)
    IWDG_ReloadCounter                       0x080019c3   Thumb Code    10  stm32f10x_iwdg.o(.text)
    IWDG_Enable                              0x080019cd   Thumb Code    10  stm32f10x_iwdg.o(.text)
    IWDG_GetFlagStatus                       0x080019d7   Thumb Code    16  stm32f10x_iwdg.o(.text)
    Reset_Handler                            0x080019ed   Thumb Code     8  startup_stm32f10x_hd.o(.text)
    ADC1_2_IRQHandler                        0x08001a07   Thumb Code     0  startup_stm32f10x_hd.o(.text)
    ADC3_IRQHandler                          0x08001a07   Thumb Code     0  startup_stm32f10x_hd.o(.text)
    CAN1_RX1_IRQHandler                      0x08001a07   Thumb Code     0  startup_stm32f10x_hd.o(.text)
    CAN1_SCE_IRQHandler                      0x08001a07   Thumb Code     0  startup_stm32f10x_hd.o(.text)
    DMA1_Channel1_IRQHandler                 0x08001a07   Thumb Code     0  startup_stm32f10x_hd.o(.text)
    DMA1_Channel2_IRQHandler                 0x08001a07   Thumb Code     0  startup_stm32f10x_hd.o(.text)
    DMA1_Channel3_IRQHandler                 0x08001a07   Thumb Code     0  startup_stm32f10x_hd.o(.text)
    DMA1_Channel4_IRQHandler                 0x08001a07   Thumb Code     0  startup_stm32f10x_hd.o(.text)
    DMA1_Channel5_IRQHandler                 0x08001a07   Thumb Code     0  startup_stm32f10x_hd.o(.text)
    DMA1_Channel6_IRQHandler                 0x08001a07   Thumb Code     0  startup_stm32f10x_hd.o(.text)
    DMA1_Channel7_IRQHandler                 0x08001a07   Thumb Code     0  startup_stm32f10x_hd.o(.text)
    DMA2_Channel1_IRQHandler                 0x08001a07   Thumb Code     0  startup_stm32f10x_hd.o(.text)
    DMA2_Channel2_IRQHandler                 0x08001a07   Thumb Code     0  startup_stm32f10x_hd.o(.text)
    DMA2_Channel3_IRQHandler                 0x08001a07   Thumb Code     0  startup_stm32f10x_hd.o(.text)
    DMA2_Channel4_5_IRQHandler               0x08001a07   Thumb Code     0  startup_stm32f10x_hd.o(.text)
    EXTI0_IRQHandler                         0x08001a07   Thumb Code     0  startup_stm32f10x_hd.o(.text)
    EXTI15_10_IRQHandler                     0x08001a07   Thumb Code     0  startup_stm32f10x_hd.o(.text)
    EXTI1_IRQHandler                         0x08001a07   Thumb Code     0  startup_stm32f10x_hd.o(.text)
    EXTI2_IRQHandler                         0x08001a07   Thumb Code     0  startup_stm32f10x_hd.o(.text)
    EXTI3_IRQHandler                         0x08001a07   Thumb Code     0  startup_stm32f10x_hd.o(.text)
    EXTI4_IRQHandler                         0x08001a07   Thumb Code     0  startup_stm32f10x_hd.o(.text)
    EXTI9_5_IRQHandler                       0x08001a07   Thumb Code     0  startup_stm32f10x_hd.o(.text)
    FLASH_IRQHandler                         0x08001a07   Thumb Code     0  startup_stm32f10x_hd.o(.text)
    FSMC_IRQHandler                          0x08001a07   Thumb Code     0  startup_stm32f10x_hd.o(.text)
    I2C1_ER_IRQHandler                       0x08001a07   Thumb Code     0  startup_stm32f10x_hd.o(.text)
    I2C1_EV_IRQHandler                       0x08001a07   Thumb Code     0  startup_stm32f10x_hd.o(.text)
    I2C2_ER_IRQHandler                       0x08001a07   Thumb Code     0  startup_stm32f10x_hd.o(.text)
    I2C2_EV_IRQHandler                       0x08001a07   Thumb Code     0  startup_stm32f10x_hd.o(.text)
    PVD_IRQHandler                           0x08001a07   Thumb Code     0  startup_stm32f10x_hd.o(.text)
    RCC_IRQHandler                           0x08001a07   Thumb Code     0  startup_stm32f10x_hd.o(.text)
    RTCAlarm_IRQHandler                      0x08001a07   Thumb Code     0  startup_stm32f10x_hd.o(.text)
    RTC_IRQHandler                           0x08001a07   Thumb Code     0  startup_stm32f10x_hd.o(.text)
    SDIO_IRQHandler                          0x08001a07   Thumb Code     0  startup_stm32f10x_hd.o(.text)
    SPI1_IRQHandler                          0x08001a07   Thumb Code     0  startup_stm32f10x_hd.o(.text)
    SPI2_IRQHandler                          0x08001a07   Thumb Code     0  startup_stm32f10x_hd.o(.text)
    SPI3_IRQHandler                          0x08001a07   Thumb Code     0  startup_stm32f10x_hd.o(.text)
    TAMPER_IRQHandler                        0x08001a07   Thumb Code     0  startup_stm32f10x_hd.o(.text)
    TIM1_BRK_IRQHandler                      0x08001a07   Thumb Code     0  startup_stm32f10x_hd.o(.text)
    TIM1_TRG_COM_IRQHandler                  0x08001a07   Thumb Code     0  startup_stm32f10x_hd.o(.text)
    TIM4_IRQHandler                          0x08001a07   Thumb Code     0  startup_stm32f10x_hd.o(.text)
    TIM5_IRQHandler                          0x08001a07   Thumb Code     0  startup_stm32f10x_hd.o(.text)
    TIM6_IRQHandler                          0x08001a07   Thumb Code     0  startup_stm32f10x_hd.o(.text)
    TIM7_IRQHandler                          0x08001a07   Thumb Code     0  startup_stm32f10x_hd.o(.text)
    TIM8_BRK_IRQHandler                      0x08001a07   Thumb Code     0  startup_stm32f10x_hd.o(.text)
    TIM8_CC_IRQHandler                       0x08001a07   Thumb Code     0  startup_stm32f10x_hd.o(.text)
    TIM8_TRG_COM_IRQHandler                  0x08001a07   Thumb Code     0  startup_stm32f10x_hd.o(.text)
    TIM8_UP_IRQHandler                       0x08001a07   Thumb Code     0  startup_stm32f10x_hd.o(.text)
    UART4_IRQHandler                         0x08001a07   Thumb Code     0  startup_stm32f10x_hd.o(.text)
    UART5_IRQHandler                         0x08001a07   Thumb Code     0  startup_stm32f10x_hd.o(.text)
    USBWakeUp_IRQHandler                     0x08001a07   Thumb Code     0  startup_stm32f10x_hd.o(.text)
    USB_HP_CAN1_TX_IRQHandler                0x08001a07   Thumb Code     0  startup_stm32f10x_hd.o(.text)
    USB_LP_CAN1_RX0_IRQHandler               0x08001a07   Thumb Code     0  startup_stm32f10x_hd.o(.text)
    WWDG_IRQHandler                          0x08001a07   Thumb Code     0  startup_stm32f10x_hd.o(.text)
    __user_initial_stackheap                 0x08001a09   Thumb Code     0  startup_stm32f10x_hd.o(.text)
    tb_delay_init                            0x08001a2d   Thumb Code     2  z_delay.o(.text)
    tb_delay                                 0x08001a2f   Thumb Code     8  z_delay.o(.text)
    tb_delay_ns                              0x08001a37   Thumb Code     8  z_delay.o(.text)
    tb_delay_us                              0x08001a3f   Thumb Code    18  z_delay.o(.text)
    tb_delay_ms                              0x08001a51   Thumb Code    24  z_delay.o(.text)
    tb_global_init                           0x08001a69   Thumb Code    36  z_global.o(.text)
    str_contain_str                          0x08001a8d   Thumb Code    64  z_global.o(.text)
    selection_sort                           0x08001acd   Thumb Code    64  z_global.o(.text)
    abs_int                                  0x08001b0d   Thumb Code     8  z_global.o(.text)
    tb_gpio_init                             0x08001b1d   Thumb Code    22  z_gpio.o(.text)
    nled_init                                0x08001b33   Thumb Code    40  z_gpio.o(.text)
    gpioB_pin_set                            0x08001b5b   Thumb Code    20  z_gpio.o(.text)
    nled_switch                              0x08001b6f   Thumb Code    28  z_gpio.o(.text)
    beep_init                                0x08001b8b   Thumb Code    38  z_gpio.o(.text)
    beep_times                               0x08001bb1   Thumb Code    62  z_gpio.o(.text)
    gpioA_pin_set                            0x08001bef   Thumb Code    20  z_gpio.o(.text)
    gpioC_pin_set                            0x08001c03   Thumb Code    20  z_gpio.o(.text)
    dj_io_init                               0x08001c17   Thumb Code    64  z_gpio.o(.text)
    dj_io_set                                0x08001c57   Thumb Code    40  z_gpio.o(.text)
    sensor_init                              0x08001c7f   Thumb Code    52  z_gpio.o(.text)
    beep_on_times                            0x08001cb3   Thumb Code    46  z_gpio.o(.text)
    tb_rcc_init                              0x08001cf5   Thumb Code    86  z_rcc.o(.text)
    IWDG_Init                                0x08001d4d   Thumb Code    36  z_timer.o(.text)
    _abs                                     0x08001d71   Thumb Code    12  z_timer.o(.text)
    SysTick_Int_Init                         0x08001d7d   Thumb Code    22  z_timer.o(.text)
    SysTick_Handler                          0x08001d93   Thumb Code    20  z_timer.o(.text)
    millis                                   0x08001da7   Thumb Code     6  z_timer.o(.text)
    TIM1_Int_Init                            0x08001dad   Thumb Code   102  z_timer.o(.text)
    TIM2_Int_Init                            0x08001e13   Thumb Code   100  z_timer.o(.text)
    TIM3_Int_Init                            0x08001e77   Thumb Code    98  z_timer.o(.text)
    TIM3_Pwm_Init                            0x08001ed9   Thumb Code   144  z_timer.o(.text)
    TIM4_Pwm_Init                            0x08001f69   Thumb Code   146  z_timer.o(.text)
    abs_float                                0x08001ffb   Thumb Code    12  z_timer.o(.text)
    duoji_inc_handle                         0x08002007   Thumb Code    96  z_timer.o(.text)
    TIM2_IRQHandler                          0x08002067   Thumb Code   112  z_timer.o(.text)
    TIM3_IRQHandler                          0x080020d7   Thumb Code    30  z_timer.o(.text)
    timer1_ir_init                           0x080020f5   Thumb Code   232  z_timer.o(.text)
    TIM1_UP_IRQHandler                       0x080021dd   Thumb Code    72  z_timer.o(.text)
    TIM1_CC_IRQHandler                       0x08002225   Thumb Code   466  z_timer.o(.text)
    tb_usart3_init                           0x08002409   Thumb Code   158  z_usart.o(.text)
    tb_usart2_init                           0x080024a7   Thumb Code   162  z_usart.o(.text)
    tb_usart1_init                           0x08002549   Thumb Code   188  z_usart.o(.text)
    tb_usart_init                            0x08002605   Thumb Code    62  z_usart.o(.text)
    tb_usart1_send_byte                      0x08002643   Thumb Code     8  z_usart.o(.text)
    tb_usart1_send_nbyte                     0x0800264b   Thumb Code    46  z_usart.o(.text)
    tb_usart1_send_str                       0x08002679   Thumb Code    36  z_usart.o(.text)
    tb_usart2_send_byte                      0x0800269d   Thumb Code     8  z_usart.o(.text)
    tb_usart2_send_nbyte                     0x080026a5   Thumb Code    44  z_usart.o(.text)
    tb_usart2_send_str                       0x080026d1   Thumb Code    36  z_usart.o(.text)
    tb_usart3_send_byte                      0x080026f5   Thumb Code     8  z_usart.o(.text)
    tb_usart3_send_nbyte                     0x080026fd   Thumb Code    44  z_usart.o(.text)
    tb_usart3_send_str                       0x08002729   Thumb Code    36  z_usart.o(.text)
    USART1_IRQHandler                        0x0800274d   Thumb Code   172  z_usart.o(.text)
    USART2_IRQHandler                        0x080027f9   Thumb Code   202  z_usart.o(.text)
    USART3_IRQHandler                        0x080028c3   Thumb Code   172  z_usart.o(.text)
    uart1_send_str                           0x0800296f   Thumb Code     2  z_usart.o(.text)
    uart1_send_nbyte                         0x08002971   Thumb Code     2  z_usart.o(.text)
    uart1_send_byte                          0x08002973   Thumb Code     2  z_usart.o(.text)
    uart2_send_str                           0x08002975   Thumb Code     2  z_usart.o(.text)
    uart2_send_nbyte                         0x08002977   Thumb Code     2  z_usart.o(.text)
    uart2_send_byte                          0x08002979   Thumb Code     2  z_usart.o(.text)
    zx_uart_send_str                         0x0800297b   Thumb Code    28  z_usart.o(.text)
    uart3_send_str                           0x08002997   Thumb Code     2  z_usart.o(.text)
    uart3_send_nbyte                         0x08002999   Thumb Code     2  z_usart.o(.text)
    uart3_send_byte                          0x0800299b   Thumb Code     2  z_usart.o(.text)
    SpiWriteRead                             0x080029b1   Thumb Code    76  z_w25q64.o(.text)
    spiFlahsOn                               0x080029fd   Thumb Code    84  z_w25q64.o(.text)
    ws_delay_us                              0x08002a51   Thumb Code    18  z_w25q64.o(.text)
    SpiSetSpeedHigh                          0x08002a63   Thumb Code    28  z_w25q64.o(.text)
    SpiFlashInit                             0x08002a7f   Thumb Code   174  z_w25q64.o(.text)
    SpiSetSpeedLow                           0x08002b2d   Thumb Code    28  z_w25q64.o(.text)
    SpiFlashReadID                           0x08002b49   Thumb Code    76  z_w25q64.o(.text)
    SpiFlashReadSR                           0x08002b95   Thumb Code    46  z_w25q64.o(.text)
    SpiFlashWriteSR                          0x08002bc3   Thumb Code    46  z_w25q64.o(.text)
    SpiFlashWriteEnable                      0x08002bf1   Thumb Code    38  z_w25q64.o(.text)
    SpiFlashWriteDisable                     0x08002c17   Thumb Code    38  z_w25q64.o(.text)
    SpiFlashReadChar                         0x08002c3d   Thumb Code    74  z_w25q64.o(.text)
    SpiFlashRead                             0x08002c87   Thumb Code    90  z_w25q64.o(.text)
    SpiFlashWaitBusy                         0x08002ce1   Thumb Code    14  z_w25q64.o(.text)
    SpiFlashWritePage                        0x08002cef   Thumb Code   106  z_w25q64.o(.text)
    SpiFlashWriteNoCheck                     0x08002d59   Thumb Code    80  z_w25q64.o(.text)
    SpiFlashEraseSector                      0x08002da9   Thumb Code    72  z_w25q64.o(.text)
    SpiFlashWriteS                           0x08002df1   Thumb Code   152  z_w25q64.o(.text)
    SpiFlashWriteSector                      0x08002e89   Thumb Code    16  z_w25q64.o(.text)
    SpiFlashWrite                            0x08002e99   Thumb Code   166  z_w25q64.o(.text)
    SpiFlashWriteChar                        0x08002f3f   Thumb Code    78  z_w25q64.o(.text)
    SpiFlashEraseChip                        0x08002f8d   Thumb Code    48  z_w25q64.o(.text)
    SpiFlashPowerDown                        0x08002fbd   Thumb Code    42  z_w25q64.o(.text)
    SpiFlashWakeUp                           0x08002fe7   Thumb Code    42  z_w25q64.o(.text)
    setup_djio                               0x08003019   Thumb Code     4  z_action.o(.text)
    setup_dj_timer                           0x0800301d   Thumb Code    10  z_action.o(.text)
    setup_servo_bias                         0x08003027   Thumb Code    54  z_action.o(.text)
    rewrite_eeprom                           0x0800305d   Thumb Code    36  z_action.o(.text)
    parse_action                             0x08003081   Thumb Code   814  z_action.o(.text)
    getMaxTime                               0x080033af   Thumb Code    78  z_action.o(.text)
    do_group_once                            0x080033fd   Thumb Code   110  z_action.o(.text)
    int_exchange                             0x0800346b   Thumb Code    10  z_action.o(.text)
    print_group                              0x08003475   Thumb Code    90  z_action.o(.text)
    parse_group_cmd                          0x080034cf   Thumb Code   456  z_action.o(.text)
    setup_do_group                           0x08003697   Thumb Code    80  z_action.o(.text)
    loop_action                              0x080036e7   Thumb Code   110  z_action.o(.text)
    replace_char                             0x08003755   Thumb Code    18  z_action.o(.text)
    get_action_index                         0x08003767   Thumb Code    52  z_action.o(.text)
    save_action                              0x0800379b   Thumb Code   550  z_action.o(.text)
    set_servo                                0x080039c1   Thumb Code    98  z_action.o(.text)
    car_run                                  0x08003a45   Thumb Code    44  z_main.o(.text)
    execute_direction                        0x08003a71   Thumb Code   120  z_main.o(.text)
    get_direction_from_str                   0x08003ae9   Thumb Code    38  z_main.o(.text)
    ultra_distance                           0x08003b0f   Thumb Code    64  z_main.o(.text)
    avoid_system                             0x08003b4f   Thumb Code   140  z_main.o(.text)
    parse_cmd                                0x08003bdb   Thumb Code   162  z_main.o(.text)
    loop_uart                                0x08003c7d   Thumb Code   104  z_main.o(.text)
    loop_nled                                0x08003ce5   Thumb Code    48  z_main.o(.text)
    setup_interrupt                          0x08003d15   Thumb Code     4  z_main.o(.text)
    setup_systick                            0x08003d19   Thumb Code     4  z_main.o(.text)
    setup_uart3                              0x08003d1d   Thumb Code    38  z_main.o(.text)
    setup_uart1                              0x08003d43   Thumb Code    32  z_main.o(.text)
    setup_beep                               0x08003d63   Thumb Code    18  z_main.o(.text)
    setup_nled                               0x08003d75   Thumb Code    18  z_main.o(.text)
    setup_gpio                               0x08003d87   Thumb Code     4  z_main.o(.text)
    setup_rcc                                0x08003d8b   Thumb Code     4  z_main.o(.text)
    main                                     0x08003d8f   Thumb Code    82  z_main.o(.text)
    setup_uart2                              0x08003de1   Thumb Code   336  z_main.o(.text)
    setup_start                              0x08003f31   Thumb Code   138  z_main.o(.text)
    soft_reset                               0x08003fbb   Thumb Code    26  z_main.o(.text)
    setup_csb                                0x08003fdd   Thumb Code   118  z_sensor.o(.text)
    setup_xunji                              0x08004053   Thumb Code    32  z_sensor.o(.text)
    setup_sensor                             0x08004073   Thumb Code    12  z_sensor.o(.text)
    csb_Delay_Us                             0x0800407f   Thumb Code    24  z_sensor.o(.text)
    get_csb_value                            0x08004097   Thumb Code   222  z_sensor.o(.text)
    dingju_gensui                            0x08004175   Thumb Code    86  z_sensor.o(.text)
    ziyou_bizhang                            0x080041cb   Thumb Code   164  z_sensor.o(.text)
    __rt_ctype_table                         0x0800429d   Thumb Code    16  rt_ctype_table.o(.text)
    __2sprintf                               0x080042ad   Thumb Code    34  noretval__2sprintf.o(.text)
    _printf_pre_padding                      0x080042d5   Thumb Code    44  _printf_pad.o(.text)
    _printf_post_padding                     0x08004301   Thumb Code    34  _printf_pad.o(.text)
    _printf_str                              0x08004323   Thumb Code    82  _printf_str.o(.text)
    _printf_int_dec                          0x08004375   Thumb Code   104  _printf_dec.o(.text)
    __printf                                 0x080043ed   Thumb Code   308  __printf_flags_wp.o(.text)
    __0sscanf                                0x08004525   Thumb Code    52  __0sscanf.o(.text)
    _scanf_int                               0x08004561   Thumb Code   332  _scanf_int.o(.text)
    atoi                                     0x080046ad   Thumb Code    26  atoi.o(.text)
    strcpy                                   0x080046c7   Thumb Code    72  strcpy.o(.text)
    strlen                                   0x0800470f   Thumb Code    62  strlen.o(.text)
    __aeabi_memclr                           0x0800474d   Thumb Code     0  rt_memclr.o(.text)
    __rt_memclr                              0x0800474d   Thumb Code    68  rt_memclr.o(.text)
    _memset                                  0x08004751   Thumb Code     0  rt_memclr.o(.text)
    __aeabi_memclr4                          0x08004791   Thumb Code     0  rt_memclr_w.o(.text)
    __aeabi_memclr8                          0x08004791   Thumb Code     0  rt_memclr_w.o(.text)
    __rt_memclr_w                            0x08004791   Thumb Code    78  rt_memclr_w.o(.text)
    _memset_w                                0x08004795   Thumb Code     0  rt_memclr_w.o(.text)
    strcmp                                   0x080047e1   Thumb Code   128  strcmpv7m.o(.text)
    __use_two_region_memory                  0x08004861   Thumb Code     2  heapauxi.o(.text)
    __rt_heap_escrow$2region                 0x08004863   Thumb Code     2  heapauxi.o(.text)
    __rt_heap_expand$2region                 0x08004865   Thumb Code     2  heapauxi.o(.text)
    __rt_locale                              0x08004869   Thumb Code     8  rt_locale_intlibspace.o(.text)
    __aeabi_errno_addr                       0x08004871   Thumb Code     8  rt_errno_addr_intlibspace.o(.text)
    __errno$intlibspace                      0x08004871   Thumb Code     0  rt_errno_addr_intlibspace.o(.text)
    __rt_errno_addr$intlibspace              0x08004871   Thumb Code     0  rt_errno_addr_intlibspace.o(.text)
    _printf_int_common                       0x08004879   Thumb Code   178  _printf_intcommon.o(.text)
    _printf_char_common                      0x08004937   Thumb Code    32  _printf_char_common.o(.text)
    _sputc                                   0x0800495d   Thumb Code    10  _sputc.o(.text)
    _printf_cs_common                        0x08004967   Thumb Code    20  _printf_char.o(.text)
    _printf_char                             0x0800497b   Thumb Code    16  _printf_char.o(.text)
    _printf_string                           0x0800498b   Thumb Code     8  _printf_char.o(.text)
    _chval                                   0x08004993   Thumb Code    28  _chval.o(.text)
    __vfscanf_char                           0x080049bd   Thumb Code    24  scanf_char.o(.text)
    _sgetc                                   0x080049dd   Thumb Code    30  _sgetc.o(.text)
    _sbackspace                              0x080049fb   Thumb Code    34  _sgetc.o(.text)
    strtol                                   0x08004a1d   Thumb Code   112  strtol.o(.text)
    __user_libspace                          0x08004a8d   Thumb Code     8  libspace.o(.text)
    __user_perproc_libspace                  0x08004a8d   Thumb Code     0  libspace.o(.text)
    __user_perthread_libspace                0x08004a8d   Thumb Code     0  libspace.o(.text)
    isspace                                  0x08004a95   Thumb Code    18  isspace.o(.text)
    __vfscanf                                0x08004aa9   Thumb Code   880  _scanf.o(.text)
    _strtoul                                 0x08004e1d   Thumb Code   158  _strtoul.o(.text)
    __user_setup_stackheap                   0x08004ebb   Thumb Code    74  sys_stackheap_outer.o(.text)
    exit                                     0x08004f05   Thumb Code    18  exit.o(.text)
    _sys_exit                                0x08004f19   Thumb Code     8  sys_exit.o(.text)
    __I$use$semihosting                      0x08004f25   Thumb Code     0  use_no_semi.o(.text)
    __use_no_semihosting_swi                 0x08004f25   Thumb Code     2  use_no_semi.o(.text)
    __semihosting_library_function           0x08004f27   Thumb Code     0  indicate_semi.o(.text)
    _is_digit                                0x08004f27   Thumb Code    14  __printf_wp.o(i._is_digit)
    _get_lc_ctype                            0x08004f35   Thumb Code    44  lc_ctype_c.o(locale$$code)
    __aeabi_d2f                              0x08004f61   Thumb Code     0  d2f.o(x$fpl$d2f)
    _d2f                                     0x08004f61   Thumb Code    98  d2f.o(x$fpl$d2f)
    __aeabi_ddiv                             0x08004fc5   Thumb Code     0  ddiv.o(x$fpl$ddiv)
    _ddiv                                    0x08004fc5   Thumb Code   552  ddiv.o(x$fpl$ddiv)
    __aeabi_ui2d                             0x08005275   Thumb Code     0  dflt_clz.o(x$fpl$dfltu)
    _dfltu                                   0x08005275   Thumb Code    38  dflt_clz.o(x$fpl$dfltu)
    __fpl_dnaninf                            0x0800529b   Thumb Code   156  dnaninf.o(x$fpl$dnaninf)
    __fpl_dretinf                            0x08005337   Thumb Code    12  dretinf.o(x$fpl$dretinf)
    __aeabi_f2d                              0x08005345   Thumb Code     0  f2d.o(x$fpl$f2d)
    _f2d                                     0x08005345   Thumb Code    86  f2d.o(x$fpl$f2d)
    __aeabi_fadd                             0x0800539d   Thumb Code     0  faddsub_clz.o(x$fpl$fadd)
    _fadd                                    0x0800539d   Thumb Code   196  faddsub_clz.o(x$fpl$fadd)
    __fpl_fcheck_NaN1                        0x08005461   Thumb Code     6  fcheck1.o(x$fpl$fcheck1)
    __fpl_fcmp_Inf                           0x0800546d   Thumb Code    24  fcmpi.o(x$fpl$fcmpinf)
    __aeabi_fdiv                             0x08005485   Thumb Code     0  fdiv.o(x$fpl$fdiv)
    _fdiv                                    0x08005485   Thumb Code   384  fdiv.o(x$fpl$fdiv)
    __aeabi_f2iz                             0x08005609   Thumb Code     0  ffix.o(x$fpl$ffix)
    _ffix                                    0x08005609   Thumb Code    54  ffix.o(x$fpl$ffix)
    __aeabi_f2uiz                            0x08005641   Thumb Code     0  ffixu.o(x$fpl$ffixu)
    _ffixu                                   0x08005641   Thumb Code    62  ffixu.o(x$fpl$ffixu)
    __aeabi_i2f                              0x08005681   Thumb Code     0  fflt_clz.o(x$fpl$fflt)
    _fflt                                    0x08005681   Thumb Code    48  fflt_clz.o(x$fpl$fflt)
    __aeabi_ui2f                             0x080056b1   Thumb Code     0  fflt_clz.o(x$fpl$ffltu)
    _ffltu                                   0x080056b1   Thumb Code    38  fflt_clz.o(x$fpl$ffltu)
    __aeabi_cfcmple                          0x080056d9   Thumb Code     0  fleqf.o(x$fpl$fleqf)
    _fcmple                                  0x080056d9   Thumb Code   104  fleqf.o(x$fpl$fleqf)
    __fpl_fcmple_InfNaN                      0x0800572b   Thumb Code     0  fleqf.o(x$fpl$fleqf)
    __aeabi_fmul                             0x08005741   Thumb Code     0  fmul.o(x$fpl$fmul)
    _fmul                                    0x08005741   Thumb Code   258  fmul.o(x$fpl$fmul)
    __fpl_fnaninf                            0x08005843   Thumb Code   140  fnaninf.o(x$fpl$fnaninf)
    __fpl_fretinf                            0x080058cf   Thumb Code    10  fretinf.o(x$fpl$fretinf)
    __aeabi_frsub                            0x080058d9   Thumb Code     0  faddsub_clz.o(x$fpl$frsb)
    _frsb                                    0x080058d9   Thumb Code    20  faddsub_clz.o(x$fpl$frsb)
    __aeabi_fsub                             0x080058ed   Thumb Code     0  faddsub_clz.o(x$fpl$fsub)
    _fsub                                    0x080058ed   Thumb Code   234  faddsub_clz.o(x$fpl$fsub)
    __fpl_return_NaN                         0x080059d7   Thumb Code   100  retnan.o(x$fpl$retnan)
    __ARM_scalbnf                            0x08005a3b   Thumb Code    76  scalbnf.o(x$fpl$scalbnf)
    __fpl_cmpreturn                          0x08005a87   Thumb Code    48  trapv.o(x$fpl$trapveneer)
    __I$use$fp                               0x08005ab6   Number         0  usenofp.o(x$fpl$usenofp)
    directionTable                           0x08005ab8   Data          88  z_main.o(.constdata)
    Region$$Table$$Base                      0x08005b90   Number         0  anon$$obj.o(Region$$Table)
    Region$$Table$$Limit                     0x08005bb0   Number         0  anon$$obj.o(Region$$Table)
    __ctype                                  0x08005bbd   Data           0  lc_ctype_c.o(locale$$data)
    SystemCoreClock                          0x20000000   Data           4  system_stm32f10x.o(.data)
    AHBPrescTable                            0x20000004   Data          16  system_stm32f10x.o(.data)
    group_do_ok                              0x20000028   Data           1  z_global.o(.data)
    uart1_get_ok                             0x20000029   Data           1  z_global.o(.data)
    uart1_mode                               0x2000002a   Data           1  z_global.o(.data)
    ir_start                                 0x2000002c   Data           1  z_timer.o(.data)
    ir_start_flag                            0x2000002d   Data           1  z_timer.o(.data)
    ir_repeat                                0x2000002e   Data           1  z_timer.o(.data)
    ir_repeat_flag                           0x2000002f   Data           1  z_timer.o(.data)
    ir_end_flag                              0x20000030   Data           1  z_timer.o(.data)
    ir_time_flag                             0x20000031   Data           1  z_timer.o(.data)
    ir_data_count                            0x20000032   Data           1  z_timer.o(.data)
    systick_ms                               0x2000003c   Data           4  z_timer.o(.data)
    GPIO_InitStructure                       0x2000004c   Data           4  z_w25q64.o(.data)
    action_time                              0x20000050   Data           4  z_action.o(.data)
    bias                                     0x20000058   Data           4  z_action.o(.data)
    do_start_index                           0x2000005c   Data           4  z_action.o(.data)
    do_times                                 0x20000060   Data           4  z_action.o(.data)
    group_num_start                          0x20000064   Data           4  z_action.o(.data)
    group_num_end                            0x20000068   Data           4  z_action.o(.data)
    group_num_times                          0x2000006c   Data           4  z_action.o(.data)
    i                                        0x20000070   Data           1  z_main.o(.data)
    main_direction                           0x20000074   Data           1  z_main.o(.data)
    ultra_left                               0x20000076   Data           2  z_main.o(.data)
    ultra_front                              0x20000078   Data           2  z_main.o(.data)
    ultra_right                              0x2000007a   Data           2  z_main.o(.data)
    ultra_back                               0x2000007c   Data           2  z_main.o(.data)
    main_distance                            0x2000007e   Data           2  z_main.o(.data)
    ir_data                                  0x20000084   Data           4  z_main.o(.data)
    ir_flag                                  0x20000088   Data           1  z_main.o(.data)
    trig_pins                                0x20000094   Data          10  z_sensor.o(.data)
    echo_pins                                0x2000009e   Data          10  z_sensor.o(.data)
    trig_ports                               0x200000a8   Data          20  z_sensor.o(.data)
    echo_ports                               0x200000bc   Data          20  z_sensor.o(.data)
    duoji_doing                              0x200000d0   Data         128  z_global.o(.bss)
    cmd_return                               0x20000150   Data        1024  z_global.o(.bss)
    uart_receive_buf                         0x20000550   Data        1024  z_global.o(.bss)
    eeprom_info                              0x20000950   Data         192  z_global.o(.bss)
    SPI_InitStructure                        0x20000a10   Data          18  z_w25q64.o(.bss)
    W25Q_BUF                                 0x20000a22   Data        4096  z_w25q64.o(.bss)
    __libspace_start                         0x20001a24   Data          96  libspace.o(.bss)
    __temporary_stack_top$libspace           0x20001a84   Data           0  libspace.o(.bss)



==============================================================================

Memory Map of the image

  Image Entry point : 0x08000131

  Load Region LR_IROM1 (Base: 0x08000000, Size: 0x00005d90, Max: 0x00010000, ABSOLUTE)

    Execution Region ER_IROM1 (Exec base: 0x08000000, Load base: 0x08000000, Size: 0x00005cc0, Max: 0x00010000, ABSOLUTE)

    Exec Addr    Load Addr    Size         Type   Attr      Idx    E Section Name        Object

    0x08000000   0x08000000   0x00000130   Data   RO          270    RESET               startup_stm32f10x_hd.o
    0x08000130   0x08000130   0x00000008   Code   RO          616  * !!!main             c_w.l(__main.o)
    0x08000138   0x08000138   0x00000034   Code   RO          978    !!!scatter          c_w.l(__scatter.o)
    0x0800016c   0x0800016c   0x0000001a   Code   RO          980    !!handler_copy      c_w.l(__scatter_copy.o)
    0x08000186   0x08000186   0x00000002   PAD
    0x08000188   0x08000188   0x0000001c   Code   RO          982    !!handler_zi        c_w.l(__scatter_zi.o)
    0x080001a4   0x080001a4   0x00000000   Code   RO          597    .ARM.Collect$$_printf_percent$$00000000  c_w.l(_printf_percent.o)
    0x080001a4   0x080001a4   0x00000006   Code   RO          596    .ARM.Collect$$_printf_percent$$00000009  c_w.l(_printf_d.o)
    0x080001aa   0x080001aa   0x00000006   Code   RO          595    .ARM.Collect$$_printf_percent$$00000014  c_w.l(_printf_s.o)
    0x080001b0   0x080001b0   0x00000004   Code   RO          743    .ARM.Collect$$_printf_percent$$00000017  c_w.l(_printf_percent_end.o)
    0x080001b4   0x080001b4   0x00000002   Code   RO          894    .ARM.Collect$$libinit$$00000000  c_w.l(libinit.o)
    0x080001b6   0x080001b6   0x00000000   Code   RO          833    .ARM.Collect$$libinit$$00000002  c_w.l(libinit2.o)
    0x080001b6   0x080001b6   0x00000000   Code   RO          835    .ARM.Collect$$libinit$$00000004  c_w.l(libinit2.o)
    0x080001b6   0x080001b6   0x00000000   Code   RO          838    .ARM.Collect$$libinit$$0000000A  c_w.l(libinit2.o)
    0x080001b6   0x080001b6   0x00000000   Code   RO          840    .ARM.Collect$$libinit$$0000000C  c_w.l(libinit2.o)
    0x080001b6   0x080001b6   0x00000000   Code   RO          842    .ARM.Collect$$libinit$$0000000E  c_w.l(libinit2.o)
    0x080001b6   0x080001b6   0x00000006   Code   RO          843    .ARM.Collect$$libinit$$0000000F  c_w.l(libinit2.o)
    0x080001bc   0x080001bc   0x00000000   Code   RO          845    .ARM.Collect$$libinit$$00000011  c_w.l(libinit2.o)
    0x080001bc   0x080001bc   0x0000000c   Code   RO          846    .ARM.Collect$$libinit$$00000012  c_w.l(libinit2.o)
    0x080001c8   0x080001c8   0x00000000   Code   RO          847    .ARM.Collect$$libinit$$00000013  c_w.l(libinit2.o)
    0x080001c8   0x080001c8   0x00000000   Code   RO          849    .ARM.Collect$$libinit$$00000015  c_w.l(libinit2.o)
    0x080001c8   0x080001c8   0x00000000   Code   RO          851    .ARM.Collect$$libinit$$00000017  c_w.l(libinit2.o)
    0x080001c8   0x080001c8   0x00000000   Code   RO          853    .ARM.Collect$$libinit$$00000019  c_w.l(libinit2.o)
    0x080001c8   0x080001c8   0x00000000   Code   RO          855    .ARM.Collect$$libinit$$0000001B  c_w.l(libinit2.o)
    0x080001c8   0x080001c8   0x00000000   Code   RO          857    .ARM.Collect$$libinit$$0000001D  c_w.l(libinit2.o)
    0x080001c8   0x080001c8   0x00000000   Code   RO          859    .ARM.Collect$$libinit$$0000001F  c_w.l(libinit2.o)
    0x080001c8   0x080001c8   0x00000000   Code   RO          861    .ARM.Collect$$libinit$$00000021  c_w.l(libinit2.o)
    0x080001c8   0x080001c8   0x00000000   Code   RO          863    .ARM.Collect$$libinit$$00000023  c_w.l(libinit2.o)
    0x080001c8   0x080001c8   0x00000000   Code   RO          865    .ARM.Collect$$libinit$$00000025  c_w.l(libinit2.o)
    0x080001c8   0x080001c8   0x00000000   Code   RO          869    .ARM.Collect$$libinit$$0000002C  c_w.l(libinit2.o)
    0x080001c8   0x080001c8   0x00000000   Code   RO          871    .ARM.Collect$$libinit$$0000002E  c_w.l(libinit2.o)
    0x080001c8   0x080001c8   0x00000000   Code   RO          873    .ARM.Collect$$libinit$$00000030  c_w.l(libinit2.o)
    0x080001c8   0x080001c8   0x00000000   Code   RO          875    .ARM.Collect$$libinit$$00000032  c_w.l(libinit2.o)
    0x080001c8   0x080001c8   0x00000002   Code   RO          876    .ARM.Collect$$libinit$$00000033  c_w.l(libinit2.o)
    0x080001ca   0x080001ca   0x00000002   Code   RO          933    .ARM.Collect$$libshutdown$$00000000  c_w.l(libshutdown.o)
    0x080001cc   0x080001cc   0x00000000   Code   RO          939    .ARM.Collect$$libshutdown$$00000002  c_w.l(libshutdown2.o)
    0x080001cc   0x080001cc   0x00000000   Code   RO          941    .ARM.Collect$$libshutdown$$00000004  c_w.l(libshutdown2.o)
    0x080001cc   0x080001cc   0x00000000   Code   RO          943    .ARM.Collect$$libshutdown$$00000006  c_w.l(libshutdown2.o)
    0x080001cc   0x080001cc   0x00000000   Code   RO          946    .ARM.Collect$$libshutdown$$00000009  c_w.l(libshutdown2.o)
    0x080001cc   0x080001cc   0x00000000   Code   RO          949    .ARM.Collect$$libshutdown$$0000000C  c_w.l(libshutdown2.o)
    0x080001cc   0x080001cc   0x00000000   Code   RO          951    .ARM.Collect$$libshutdown$$0000000E  c_w.l(libshutdown2.o)
    0x080001cc   0x080001cc   0x00000000   Code   RO          954    .ARM.Collect$$libshutdown$$00000011  c_w.l(libshutdown2.o)
    0x080001cc   0x080001cc   0x00000002   Code   RO          955    .ARM.Collect$$libshutdown$$00000012  c_w.l(libshutdown2.o)
    0x080001ce   0x080001ce   0x00000000   Code   RO          722    .ARM.Collect$$rtentry$$00000000  c_w.l(__rtentry.o)
    0x080001ce   0x080001ce   0x00000000   Code   RO          810    .ARM.Collect$$rtentry$$00000002  c_w.l(__rtentry2.o)
    0x080001ce   0x080001ce   0x00000006   Code   RO          822    .ARM.Collect$$rtentry$$00000004  c_w.l(__rtentry4.o)
    0x080001d4   0x080001d4   0x00000000   Code   RO          812    .ARM.Collect$$rtentry$$00000009  c_w.l(__rtentry2.o)
    0x080001d4   0x080001d4   0x00000004   Code   RO          813    .ARM.Collect$$rtentry$$0000000A  c_w.l(__rtentry2.o)
    0x080001d8   0x080001d8   0x00000000   Code   RO          815    .ARM.Collect$$rtentry$$0000000C  c_w.l(__rtentry2.o)
    0x080001d8   0x080001d8   0x00000008   Code   RO          816    .ARM.Collect$$rtentry$$0000000D  c_w.l(__rtentry2.o)
    0x080001e0   0x080001e0   0x00000002   Code   RO          899    .ARM.Collect$$rtexit$$00000000  c_w.l(rtexit.o)
    0x080001e2   0x080001e2   0x00000000   Code   RO          908    .ARM.Collect$$rtexit$$00000002  c_w.l(rtexit2.o)
    0x080001e2   0x080001e2   0x00000004   Code   RO          909    .ARM.Collect$$rtexit$$00000003  c_w.l(rtexit2.o)
    0x080001e6   0x080001e6   0x00000006   Code   RO          910    .ARM.Collect$$rtexit$$00000004  c_w.l(rtexit2.o)
    0x080001ec   0x080001ec   0x00000010   Code   RO            1    .text               stm32f10x_it.o
    0x080001fc   0x080001fc   0x00000154   Code   RO           96    .text               system_stm32f10x.o
    0x08000350   0x08000350   0x0000026c   Code   RO          114    .text               stm32f10x_gpio.o
    0x080005bc   0x080005bc   0x000002b4   Code   RO          126    .text               stm32f10x_rcc.o
    0x08000870   0x08000870   0x000000b0   Code   RO          140    .text               misc.o
    0x08000920   0x08000920   0x00000328   Code   RO          152    .text               stm32f10x_usart.o
    0x08000c48   0x08000c48   0x00000af4   Code   RO          176    .text               stm32f10x_tim.o
    0x0800173c   0x0800173c   0x00000274   Code   RO          189    .text               stm32f10x_spi.o
    0x080019b0   0x080019b0   0x0000003c   Code   RO          238    .text               stm32f10x_iwdg.o
    0x080019ec   0x080019ec   0x00000040   Code   RO          271    .text               startup_stm32f10x_hd.o
    0x08001a2c   0x08001a2c   0x0000003c   Code   RO          275    .text               z_delay.o
    0x08001a68   0x08001a68   0x000000b4   Code   RO          294    .text               z_global.o
    0x08001b1c   0x08001b1c   0x000001d8   Code   RO          323    .text               z_gpio.o
    0x08001cf4   0x08001cf4   0x00000056   Code   RO          352    .text               z_rcc.o
    0x08001d4a   0x08001d4a   0x00000002   PAD
    0x08001d4c   0x08001d4c   0x000006bc   Code   RO          367    .text               z_timer.o
    0x08002408   0x08002408   0x000005a8   Code   RO          394    .text               z_usart.o
    0x080029b0   0x080029b0   0x00000668   Code   RO          408    .text               z_w25q64.o
    0x08003018   0x08003018   0x00000a2c   Code   RO          462    .text               z_action.o
    0x08003a44   0x08003a44   0x00000598   Code   RO          499    .text               z_main.o
    0x08003fdc   0x08003fdc   0x000002c0   Code   RO          540    .text               z_sensor.o
    0x0800429c   0x0800429c   0x00000010   Code   RO          561    .text               c_w.l(rt_ctype_table.o)
    0x080042ac   0x080042ac   0x00000028   Code   RO          565    .text               c_w.l(noretval__2sprintf.o)
    0x080042d4   0x080042d4   0x0000004e   Code   RO          569    .text               c_w.l(_printf_pad.o)
    0x08004322   0x08004322   0x00000052   Code   RO          571    .text               c_w.l(_printf_str.o)
    0x08004374   0x08004374   0x00000078   Code   RO          573    .text               c_w.l(_printf_dec.o)
    0x080043ec   0x080043ec   0x00000138   Code   RO          587    .text               c_w.l(__printf_flags_wp.o)
    0x08004524   0x08004524   0x0000003c   Code   RO          598    .text               c_w.l(__0sscanf.o)
    0x08004560   0x08004560   0x0000014c   Code   RO          600    .text               c_w.l(_scanf_int.o)
    0x080046ac   0x080046ac   0x0000001a   Code   RO          602    .text               c_w.l(atoi.o)
    0x080046c6   0x080046c6   0x00000048   Code   RO          604    .text               c_w.l(strcpy.o)
    0x0800470e   0x0800470e   0x0000003e   Code   RO          606    .text               c_w.l(strlen.o)
    0x0800474c   0x0800474c   0x00000044   Code   RO          608    .text               c_w.l(rt_memclr.o)
    0x08004790   0x08004790   0x0000004e   Code   RO          610    .text               c_w.l(rt_memclr_w.o)
    0x080047de   0x080047de   0x00000002   PAD
    0x080047e0   0x080047e0   0x00000080   Code   RO          612    .text               c_w.l(strcmpv7m.o)
    0x08004860   0x08004860   0x00000006   Code   RO          614    .text               c_w.l(heapauxi.o)
    0x08004866   0x08004866   0x00000002   PAD
    0x08004868   0x08004868   0x00000008   Code   RO          726    .text               c_w.l(rt_locale_intlibspace.o)
    0x08004870   0x08004870   0x00000008   Code   RO          731    .text               c_w.l(rt_errno_addr_intlibspace.o)
    0x08004878   0x08004878   0x000000b2   Code   RO          735    .text               c_w.l(_printf_intcommon.o)
    0x0800492a   0x0800492a   0x00000002   PAD
    0x0800492c   0x0800492c   0x00000030   Code   RO          737    .text               c_w.l(_printf_char_common.o)
    0x0800495c   0x0800495c   0x0000000a   Code   RO          739    .text               c_w.l(_sputc.o)
    0x08004966   0x08004966   0x0000002c   Code   RO          741    .text               c_w.l(_printf_char.o)
    0x08004992   0x08004992   0x0000001c   Code   RO          744    .text               c_w.l(_chval.o)
    0x080049ae   0x080049ae   0x00000002   PAD
    0x080049b0   0x080049b0   0x0000002c   Code   RO          746    .text               c_w.l(scanf_char.o)
    0x080049dc   0x080049dc   0x00000040   Code   RO          748    .text               c_w.l(_sgetc.o)
    0x08004a1c   0x08004a1c   0x00000070   Code   RO          750    .text               c_w.l(strtol.o)
    0x08004a8c   0x08004a8c   0x00000008   Code   RO          806    .text               c_w.l(libspace.o)
    0x08004a94   0x08004a94   0x00000012   Code   RO          824    .text               c_w.l(isspace.o)
    0x08004aa6   0x08004aa6   0x00000002   PAD
    0x08004aa8   0x08004aa8   0x00000374   Code   RO          828    .text               c_w.l(_scanf.o)
    0x08004e1c   0x08004e1c   0x0000009e   Code   RO          830    .text               c_w.l(_strtoul.o)
    0x08004eba   0x08004eba   0x0000004a   Code   RO          883    .text               c_w.l(sys_stackheap_outer.o)
    0x08004f04   0x08004f04   0x00000012   Code   RO          885    .text               c_w.l(exit.o)
    0x08004f16   0x08004f16   0x00000002   PAD
    0x08004f18   0x08004f18   0x0000000c   Code   RO          920    .text               c_w.l(sys_exit.o)
    0x08004f24   0x08004f24   0x00000002   Code   RO          922    .text               c_w.l(use_no_semi.o)
    0x08004f26   0x08004f26   0x00000000   Code   RO          924    .text               c_w.l(indicate_semi.o)
    0x08004f26   0x08004f26   0x0000000e   Code   RO          585    i._is_digit         c_w.l(__printf_wp.o)
    0x08004f34   0x08004f34   0x0000002c   Code   RO          753    locale$$code        c_w.l(lc_ctype_c.o)
    0x08004f60   0x08004f60   0x00000062   Code   RO          618    x$fpl$d2f           fz_ws.l(d2f.o)
    0x08004fc2   0x08004fc2   0x00000002   PAD
    0x08004fc4   0x08004fc4   0x000002b0   Code   RO          627    x$fpl$ddiv          fz_ws.l(ddiv.o)
    0x08005274   0x08005274   0x00000026   Code   RO          634    x$fpl$dfltu         fz_ws.l(dflt_clz.o)
    0x0800529a   0x0800529a   0x0000009c   Code   RO          757    x$fpl$dnaninf       fz_ws.l(dnaninf.o)
    0x08005336   0x08005336   0x0000000c   Code   RO          759    x$fpl$dretinf       fz_ws.l(dretinf.o)
    0x08005342   0x08005342   0x00000002   PAD
    0x08005344   0x08005344   0x00000056   Code   RO          644    x$fpl$f2d           fz_ws.l(f2d.o)
    0x0800539a   0x0800539a   0x00000002   PAD
    0x0800539c   0x0800539c   0x000000c4   Code   RO          646    x$fpl$fadd          fz_ws.l(faddsub_clz.o)
    0x08005460   0x08005460   0x0000000c   Code   RO          763    x$fpl$fcheck1       fz_ws.l(fcheck1.o)
    0x0800546c   0x0800546c   0x00000018   Code   RO          765    x$fpl$fcmpinf       fz_ws.l(fcmpi.o)
    0x08005484   0x08005484   0x00000184   Code   RO          653    x$fpl$fdiv          fz_ws.l(fdiv.o)
    0x08005608   0x08005608   0x00000036   Code   RO          656    x$fpl$ffix          fz_ws.l(ffix.o)
    0x0800563e   0x0800563e   0x00000002   PAD
    0x08005640   0x08005640   0x0000003e   Code   RO          660    x$fpl$ffixu         fz_ws.l(ffixu.o)
    0x0800567e   0x0800567e   0x00000002   PAD
    0x08005680   0x08005680   0x00000030   Code   RO          665    x$fpl$fflt          fz_ws.l(fflt_clz.o)
    0x080056b0   0x080056b0   0x00000026   Code   RO          664    x$fpl$ffltu         fz_ws.l(fflt_clz.o)
    0x080056d6   0x080056d6   0x00000002   PAD
    0x080056d8   0x080056d8   0x00000068   Code   RO          670    x$fpl$fleqf         fz_ws.l(fleqf.o)
    0x08005740   0x08005740   0x00000102   Code   RO          672    x$fpl$fmul          fz_ws.l(fmul.o)
    0x08005842   0x08005842   0x0000008c   Code   RO          767    x$fpl$fnaninf       fz_ws.l(fnaninf.o)
    0x080058ce   0x080058ce   0x0000000a   Code   RO          769    x$fpl$fretinf       fz_ws.l(fretinf.o)
    0x080058d8   0x080058d8   0x00000014   Code   RO          647    x$fpl$frsb          fz_ws.l(faddsub_clz.o)
    0x080058ec   0x080058ec   0x000000ea   Code   RO          648    x$fpl$fsub          fz_ws.l(faddsub_clz.o)
    0x080059d6   0x080059d6   0x00000064   Code   RO          881    x$fpl$retnan        fz_ws.l(retnan.o)
    0x08005a3a   0x08005a3a   0x0000004c   Code   RO          676    x$fpl$scalbnf       fz_ws.l(scalbnf.o)
    0x08005a86   0x08005a86   0x00000030   Code   RO          897    x$fpl$trapveneer    fz_ws.l(trapv.o)
    0x08005ab6   0x08005ab6   0x00000000   Code   RO          773    x$fpl$usenofp       fz_ws.l(usenofp.o)
    0x08005ab6   0x08005ab6   0x00000002   PAD
    0x08005ab8   0x08005ab8   0x00000058   Data   RO          501    .constdata          z_main.o
    0x08005b10   0x08005b10   0x00000011   Data   RO          588    .constdata          c_w.l(__printf_flags_wp.o)
    0x08005b21   0x08005b21   0x00000003   PAD
    0x08005b24   0x08005b24   0x0000006a   Data   RO          502    .conststring        z_main.o
    0x08005b8e   0x08005b8e   0x00000002   PAD
    0x08005b90   0x08005b90   0x00000020   Data   RO          976    Region$$Table       anon$$obj.o
    0x08005bb0   0x08005bb0   0x00000110   Data   RO          752    locale$$data        c_w.l(lc_ctype_c.o)


    Execution Region RW_IRAM1 (Exec base: 0x20000000, Load base: 0x08005cc0, Size: 0x00002088, Max: 0x00005000, ABSOLUTE)

    Exec Addr    Load Addr    Size         Type   Attr      Idx    E Section Name        Object

    0x20000000   0x08005cc0   0x00000014   Data   RW           97    .data               system_stm32f10x.o
    0x20000014   0x08005cd4   0x00000014   Data   RW          127    .data               stm32f10x_rcc.o
    0x20000028   0x08005ce8   0x00000001   Data   RW          300    .data               z_global.o
    0x20000029   0x08005ce9   0x00000001   Data   RW          301    .data               z_global.o
    0x2000002a   0x08005cea   0x00000001   Data   RW          302    .data               z_global.o
    0x2000002b   0x08005ceb   0x00000001   Data   RW          324    .data               z_gpio.o
    0x2000002c   0x08005cec   0x00000018   Data   RW          368    .data               z_timer.o
    0x20000044   0x08005d04   0x00000006   Data   RW          395    .data               z_usart.o
    0x2000004a   0x08005d0a   0x00000006   Data   RW          410    .data               z_w25q64.o
    0x20000050   0x08005d10   0x00000020   Data   RW          465    .data               z_action.o
    0x20000070   0x08005d30   0x00000001   Data   RW          503    .data               z_main.o
    0x20000071   0x08005d31   0x00000003   PAD
    0x20000074   0x08005d34   0x00000010   Data   RW          507    .data               z_main.o
    0x20000084   0x08005d44   0x00000004   Data   RW          508    .data               z_main.o
    0x20000088   0x08005d48   0x00000001   Data   RW          509    .data               z_main.o
    0x20000089   0x08005d49   0x00000003   PAD
    0x2000008c   0x08005d4c   0x00000044   Data   RW          544    .data               z_sensor.o
    0x200000d0        -       0x00000080   Zero   RW          295    .bss                z_global.o
    0x20000150        -       0x00000400   Zero   RW          296    .bss                z_global.o
    0x20000550        -       0x00000400   Zero   RW          297    .bss                z_global.o
    0x20000950        -       0x000000c0   Zero   RW          298    .bss                z_global.o
    0x20000a10        -       0x00001012   Zero   RW          409    .bss                z_w25q64.o
    0x20001a22   0x08005d90   0x00000002   PAD
    0x20001a24        -       0x00000060   Zero   RW          807    .bss                c_w.l(libspace.o)
    0x20001a84   0x08005d90   0x00000004   PAD
    0x20001a88        -       0x00000200   Zero   RW          269    HEAP                startup_stm32f10x_hd.o
    0x20001c88        -       0x00000400   Zero   RW          268    STACK               startup_stm32f10x_hd.o


==============================================================================

Image component sizes


      Code (inc. data)   RO Data    RW Data    ZI Data      Debug   Object Name

         0          0          0          0          0         32   core_cm3.o
       176         14          0          0          0       1801   misc.o
        64         26        304          0       1536        788   startup_stm32f10x_hd.o
       620         36          0          0          0       5765   stm32f10x_gpio.o
        16          0          0          0          0     259586   stm32f10x_it.o
        60          6          0          0          0       1289   stm32f10x_iwdg.o
       692         32          0         20          0       8904   stm32f10x_rcc.o
       628         14          0          0          0       6906   stm32f10x_spi.o
      2804         86          0          0          0      22886   stm32f10x_tim.o
       808         22          0          0          0       8684   stm32f10x_usart.o
       340         32          0         20          0       1979   system_stm32f10x.o
      2604        406          0         32          0       6966   z_action.o
        60          0          0          0          0       1455   z_delay.o
       180          8          0          3       2368       3103   z_global.o
       472         26          0          1          0       2877   z_gpio.o
      1432        324        194         22          0      21976   z_main.o
        86          0          0          0          0        518   z_rcc.o
       704         46          0         68          0       3561   z_sensor.o
      1724         52          0         24          0       6397   z_timer.o
      1448         56          0          6          0       6658   z_usart.o
      1640         26          0          6       4114       7511   z_w25q64.o

    ----------------------------------------------------------------------
     16560       1212        532        208       8020     379642   Object Totals
         0          0         32          0          0          0   (incl. Generated)
         2          0          2          6          2          0   (incl. Padding)

    ----------------------------------------------------------------------

      Code (inc. data)   RO Data    RW Data    ZI Data      Debug   Library Member Name

        60          8          0          0          0         84   __0sscanf.o
         8          0          0          0          0         68   __main.o
       312          4         17          0          0         92   __printf_flags_wp.o
        14          0          0          0          0         68   __printf_wp.o
         0          0          0          0          0          0   __rtentry.o
        12          0          0          0          0          0   __rtentry2.o
         6          0          0          0          0          0   __rtentry4.o
        52          8          0          0          0          0   __scatter.o
        26          0          0          0          0          0   __scatter_copy.o
        28          0          0          0          0          0   __scatter_zi.o
        28          0          0          0          0         68   _chval.o
        44          0          0          0          0        108   _printf_char.o
        48          6          0          0          0         96   _printf_char_common.o
         6          0          0          0          0          0   _printf_d.o
       120         16          0          0          0         92   _printf_dec.o
       178          0          0          0          0         88   _printf_intcommon.o
        78          0          0          0          0        108   _printf_pad.o
         0          0          0          0          0          0   _printf_percent.o
         4          0          0          0          0          0   _printf_percent_end.o
         6          0          0          0          0          0   _printf_s.o
        82          0          0          0          0         80   _printf_str.o
       884          4          0          0          0        100   _scanf.o
       332          0          0          0          0         96   _scanf_int.o
        64          0          0          0          0         84   _sgetc.o
        10          0          0          0          0         68   _sputc.o
       158          0          0          0          0         92   _strtoul.o
        26          0          0          0          0         80   atoi.o
        18          0          0          0          0         80   exit.o
         6          0          0          0          0        152   heapauxi.o
         0          0          0          0          0          0   indicate_semi.o
        18          0          0          0          0         76   isspace.o
        44         10        272          0          0         76   lc_ctype_c.o
         2          0          0          0          0          0   libinit.o
        20          0          0          0          0          0   libinit2.o
         2          0          0          0          0          0   libshutdown.o
         2          0          0          0          0          0   libshutdown2.o
         8          4          0          0         96         68   libspace.o
        40          6          0          0          0         84   noretval__2sprintf.o
        16          4          0          0          0         76   rt_ctype_table.o
         8          4          0          0          0         68   rt_errno_addr_intlibspace.o
         8          4          0          0          0         68   rt_locale_intlibspace.o
        68          0          0          0          0         68   rt_memclr.o
        78          0          0          0          0         80   rt_memclr_w.o
         2          0          0          0          0          0   rtexit.o
        10          0          0          0          0          0   rtexit2.o
        44          8          0          0          0         84   scanf_char.o
       128          0          0          0          0         68   strcmpv7m.o
        72          0          0          0          0         80   strcpy.o
        62          0          0          0          0         76   strlen.o
       112          0          0          0          0         88   strtol.o
        12          4          0          0          0         68   sys_exit.o
        74          0          0          0          0         80   sys_stackheap_outer.o
         2          0          0          0          0         68   use_no_semi.o
        98          4          0          0          0         92   d2f.o
       688        140          0          0          0        208   ddiv.o
        38          0          0          0          0         68   dflt_clz.o
       156          4          0          0          0         92   dnaninf.o
        12          0          0          0          0         68   dretinf.o
        86          4          0          0          0         84   f2d.o
       450          8          0          0          0        236   faddsub_clz.o
        12          4          0          0          0         68   fcheck1.o
        24          0          0          0          0         68   fcmpi.o
       388         76          0          0          0         96   fdiv.o
        54          4          0          0          0         84   ffix.o
        62          4          0          0          0         84   ffixu.o
        86          0          0          0          0        136   fflt_clz.o
       104          4          0          0          0         84   fleqf.o
       258          4          0          0          0         84   fmul.o
       140          4          0          0          0         84   fnaninf.o
        10          0          0          0          0         68   fretinf.o
       100          0          0          0          0         68   retnan.o
        76          0          0          0          0         68   scalbnf.o
        48          0          0          0          0         68   trapv.o
         0          0          0          0          0          0   usenofp.o

    ----------------------------------------------------------------------
      6360        350        292          0        100       4888   Library Totals
        28          0          3          0          4          0   (incl. Padding)

    ----------------------------------------------------------------------

      Code (inc. data)   RO Data    RW Data    ZI Data      Debug   Library Name

      3442         90        289          0         96       2980   c_w.l
      2890        260          0          0          0       1908   fz_ws.l

    ----------------------------------------------------------------------
      6360        350        292          0        100       4888   Library Totals

    ----------------------------------------------------------------------

==============================================================================


      Code (inc. data)   RO Data    RW Data    ZI Data      Debug   

     22920       1562        824        208       8120     379170   Grand Totals
     22920       1562        824        208       8120     379170   ELF Image Totals
     22920       1562        824        208          0          0   ROM Totals

==============================================================================

    Total RO  Size (Code + RO Data)                23744 (  23.19kB)
    Total RW  Size (RW Data + ZI Data)              8328 (   8.13kB)
    Total ROM Size (Code + RO Data + RW Data)      23952 (  23.39kB)

==============================================================================

