Component: ARM Compiler 5.06 update 7 (build 960) Tool: armlink [4d3601]

==============================================================================

Section Cross References

    system_stm32f10x.o(.text) refers to system_stm32f10x.o(.data) for .data
    stm32f10x_gpio.o(.text) refers to stm32f10x_rcc.o(.text) for RCC_APB2PeriphResetCmd
    stm32f10x_rcc.o(.text) refers to stm32f10x_rcc.o(.data) for .data
    stm32f10x_usart.o(.text) refers to stm32f10x_rcc.o(.text) for RCC_APB2PeriphResetCmd
    stm32f10x_i2c.o(.text) refers to stm32f10x_rcc.o(.text) for RCC_APB1PeriphResetCmd
    stm32f10x_tim.o(.text) refers to stm32f10x_rcc.o(.text) for RCC_APB1PeriphResetCmd
    stm32f10x_spi.o(.text) refers to stm32f10x_rcc.o(.text) for RCC_APB2PeriphResetCmd
    stm32f10x_adc.o(.text) refers to stm32f10x_rcc.o(.text) for RCC_APB2PeriphResetCmd
    stm32f10x_wwdg.o(.text) refers to stm32f10x_rcc.o(.text) for RCC_APB1PeriphResetCmd
    startup_stm32f10x_hd.o(STACK) refers (Special) to heapauxi.o(.text) for __use_two_region_memory
    startup_stm32f10x_hd.o(HEAP) refers (Special) to heapauxi.o(.text) for __use_two_region_memory
    startup_stm32f10x_hd.o(RESET) refers (Special) to heapauxi.o(.text) for __use_two_region_memory
    startup_stm32f10x_hd.o(RESET) refers to startup_stm32f10x_hd.o(STACK) for __initial_sp
    startup_stm32f10x_hd.o(RESET) refers to startup_stm32f10x_hd.o(.text) for Reset_Handler
    startup_stm32f10x_hd.o(RESET) refers to stm32f10x_it.o(.text) for NMI_Handler
    startup_stm32f10x_hd.o(RESET) refers to z_timer.o(.text) for SysTick_Handler
    startup_stm32f10x_hd.o(RESET) refers to z_usart.o(.text) for USART1_IRQHandler
    startup_stm32f10x_hd.o(.text) refers (Special) to heapauxi.o(.text) for __use_two_region_memory
    startup_stm32f10x_hd.o(.text) refers to system_stm32f10x.o(.text) for SystemInit
    startup_stm32f10x_hd.o(.text) refers to __main.o(!!!main) for __main
    startup_stm32f10x_hd.o(.text) refers to startup_stm32f10x_hd.o(HEAP) for Heap_Mem
    startup_stm32f10x_hd.o(.text) refers to startup_stm32f10x_hd.o(STACK) for Stack_Mem
    z_gpio.o(.text) refers to stm32f10x_rcc.o(.text) for RCC_APB2PeriphClockCmd
    z_gpio.o(.text) refers to stm32f10x_gpio.o(.text) for GPIO_PinRemapConfig
    z_gpio.o(.text) refers to z_delay.o(.text) for tb_delay_ms
    z_gpio.o(.text) refers to z_gpio.o(.data) for .data
    z_rcc.o(.text) refers to stm32f10x_rcc.o(.text) for RCC_DeInit
    z_timer.o(.text) refers to stm32f10x_iwdg.o(.text) for IWDG_WriteAccessCmd
    z_timer.o(.text) refers to stm32f10x_rcc.o(.text) for RCC_APB2PeriphClockCmd
    z_timer.o(.text) refers to stm32f10x_tim.o(.text) for TIM_TimeBaseInit
    z_timer.o(.text) refers to misc.o(.text) for NVIC_Init
    z_timer.o(.text) refers to stm32f10x_gpio.o(.text) for GPIO_Init
    z_timer.o(.text) refers to scalbnf.o(x$fpl$scalbnf) for __ARM_scalbnf
    z_timer.o(.text) refers to fflt_clz.o(x$fpl$fflt) for __aeabi_i2f
    z_timer.o(.text) refers to faddsub_clz.o(x$fpl$fsub) for __aeabi_fsub
    z_timer.o(.text) refers to fleqf.o(x$fpl$fleqf) for __aeabi_cfcmple
    z_timer.o(.text) refers to faddsub_clz.o(x$fpl$fadd) for __aeabi_fadd
    z_timer.o(.text) refers to ffixu.o(x$fpl$ffixu) for __aeabi_f2uiz
    z_timer.o(.text) refers to z_gpio.o(.text) for dj_io_set
    z_timer.o(.text) refers to z_timer.o(.data) for .data
    z_timer.o(.text) refers to z_global.o(.bss) for duoji_doing
    z_usart.o(.text) refers to stm32f10x_rcc.o(.text) for RCC_APB2PeriphClockCmd
    z_usart.o(.text) refers to stm32f10x_gpio.o(.text) for GPIO_Init
    z_usart.o(.text) refers to stm32f10x_usart.o(.text) for USART_Init
    z_usart.o(.text) refers to misc.o(.text) for NVIC_Init
    z_usart.o(.text) refers to z_global.o(.data) for uart1_get_ok
    z_usart.o(.text) refers to z_global.o(.data) for uart1_mode
    z_usart.o(.text) refers to z_usart.o(.data) for .data
    z_usart.o(.text) refers to z_global.o(.bss) for uart_receive_buf
    z_global.o(.text) refers to z_global.o(.bss) for .bss
    z_main.o(.text) refers to _printf_pad.o(.text) for _printf_pre_padding
    z_main.o(.text) refers to _printf_percent.o(.ARM.Collect$$_printf_percent$$00000000) for _printf_percent
    z_main.o(.text) refers to _printf_d.o(.ARM.Collect$$_printf_percent$$00000009) for _printf_d
    z_main.o(.text) refers to _printf_dec.o(.text) for _printf_int_dec
    z_main.o(.text) refers to _printf_s.o(.ARM.Collect$$_printf_percent$$00000014) for _printf_s
    z_main.o(.text) refers to _printf_str.o(.text) for _printf_str
    z_main.o(.text) refers to noretval__2sprintf.o(.text) for __2sprintf
    z_main.o(.text) refers to z_usart.o(.text) for zx_uart_send_str
    z_main.o(.text) refers to strcmpv7m.o(.text) for strcmp
    z_main.o(.text) refers to z_sensor.o(.text) for get_csb_value
    z_main.o(.text) refers to z_delay.o(.text) for tb_delay_ms
    z_main.o(.text) refers to rt_memclr_w.o(.text) for __aeabi_memclr4
[...]
    ..\Libraries\src\stm32f10x_spi.c         0x00000000   Number         0  stm32f10x_spi.o ABSOLUTE
    ..\Libraries\src\stm32f10x_tim.c         0x00000000   Number         0  stm32f10x_tim.o ABSOLUTE
    ..\Libraries\src\stm32f10x_usart.c       0x00000000   Number         0  stm32f10x_usart.o ABSOLUTE
    ..\Libraries\src\stm32f10x_wwdg.c        0x00000000   Number         0  stm32f10x_wwdg.o ABSOLUTE
    ..\Startup\startup_stm32f10x_hd.s        0x00000000   Number         0  startup_stm32f10x_hd.o ABSOLUTE
    ..\USER\stm32f10x_it.c                   0x00000000   Number         0  stm32f10x_it.o ABSOLUTE
    ..\USER\z_main.c                         0x00000000   Number         0  z_main.o ABSOLUTE
    ..\USER\z_sensor.c                       0x00000000   Number         0  z_sensor.o ABSOLUTE
    ..\\CMSIS\\CM3\\CoreSupport\\core_cm3.c  0x00000000   Number         0  core_cm3.o ABSOLUTE
    ..\src\z_delay.c                         0x00000000   Number         0  z_delay.o ABSOLUTE
    ..\src\z_global.c                        0x00000000   Number         0  z_global.o ABSOLUTE
    ..\src\z_gpio.c                          0x00000000   Number         0  z_gpio.o ABSOLUTE
    ..\src\z_rcc.c                           0x00000000   Number         0  z_rcc.o ABSOLUTE
    ..\src\z_timer.c                         0x00000000   Number         0  z_timer.o ABSOLUTE
    ..\src\z_usart.c                         0x00000000   Number         0  z_usart.o ABSOLUTE
    dc.s                                     0x00000000   Number         0  dc.o ABSOLUTE
    RESET                                    0x08000000   Section      304  startup_stm32f10x_hd.o(RESET)
    !!!main                                  0x08000130   Section        8  __main.o(!!!main)
    !!!scatter                               0x08000138   Section       52  __scatter.o(!!!scatter)
    !!handler_copy                           0x0800016c   Section       26  __scatter_copy.o(!!handler_copy)
    !!handler_zi                             0x08000188   Section       28  __scatter_zi.o(!!handler_zi)
    .ARM.Collect$$_printf_percent$$00000000  0x080001a4   Section        0  _printf_percent.o(.ARM.Collect$$_printf_percent$$00000000)
    .ARM.Collect$$_printf_percent$$00000009  0x080001a4   Section        6  _printf_d.o(.ARM.Collect$$_printf_percent$$00000009)
    .ARM.Collect$$_printf_percent$$00000014  0x080001aa   Section        6  _printf_s.o(.ARM.Collect$$_printf_percent$$00000014)
    .ARM.Collect$$_printf_percent$$00000017  0x080001b0   Section        4  _printf_percent_end.o(.ARM.Collect$$_printf_percent$$00000017)
    .ARM.Collect$$libinit$$00000000          0x080001b4   Section        2  libinit.o(.ARM.Collect$$libinit$$00000000)
    .ARM.Collect$$libinit$$00000002          0x080001b6   Section        0  libinit2.o(.ARM.Collect$$libinit$$00000002)
    .ARM.Collect$$libinit$$00000004          0x080001b6   Section        0  libinit2.o(.ARM.Collect$$libinit$$00000004)
    .ARM.Collect$$libinit$$0000000A          0x080001b6   Section        0  libinit2.o(.ARM.Collect$$libinit$$0000000A)
    .ARM.Collect$$libinit$$0000000C          0x080001b6   Section        0  libinit2.o(.ARM.Collect$$libinit$$0000000C)
    .ARM.Collect$$libinit$$0000000E          0x080001b6   Section        0  libinit2.o(.ARM.Collect$$libinit$$0000000E)
    .ARM.Collect$$libinit$$0000000F          0x080001b6   Section        6  libinit2.o(.ARM.Collect$$libinit$$0000000F)
    .ARM.Collect$$libinit$$00000011          0x080001bc   Section        0  libinit2.o(.ARM.Collect$$libinit$$00000011)
    .ARM.Collect$$libinit$$00000012          0x080001bc   Section       12  libinit2.o(.ARM.Collect$$libinit$$00000012)
    .ARM.Collect$$libinit$$00000013          0x080001c8   Section        0  libinit2.o(.ARM.Collect$$libinit$$00000013)
    .ARM.Collect$$libinit$$00000015          0x080001c8   Section        0  libinit2.o(.ARM.Collect$$libinit$$00000015)
    .ARM.Collect$$libinit$$00000017          0x080001c8   Section        0  libinit2.o(.ARM.Collect$$libinit$$00000017)
    .ARM.Collect$$libinit$$00000019          0x080001c8   Section        0  libinit2.o(.ARM.Collect$$libinit$$00000019)
    .ARM.Collect$$libinit$$0000001B          0x080001c8   Section        0  libinit2.o(.ARM.Collect$$libinit$$0000001B)
    .ARM.Collect$$libinit$$0000001D          0x080001c8   Section        0  libinit2.o(.ARM.Collect$$libinit$$0000001D)
    .ARM.Collect$$libinit$$0000001F          0x080001c8   Section        0  libinit2.o(.ARM.Collect$$libinit$$0000001F)
    .ARM.Collect$$libinit$$00000021          0x080001c8   Section        0  libinit2.o(.ARM.Collect$$libinit$$00000021)
    .ARM.Collect$$libinit$$00000023          0x080001c8   Section        0  libinit2.o(.ARM.Collect$$libinit$$00000023)
    .ARM.Collect$$libinit$$00000025          0x080001c8   Section        0  libinit2.o(.ARM.Collect$$libinit$$00000025)
    .ARM.Collect$$libinit$$0000002C          0x080001c8   Section        0  libinit2.o(.ARM.Collect$$libinit$$0000002C)
    .ARM.Collect$$libinit$$0000002E          0x080001c8   Section        0  libinit2.o(.ARM.Collect$$libinit$$0000002E)
    .ARM.Collect$$libinit$$00000030          0x080001c8   Section        0  libinit2.o(.ARM.Collect$$libinit$$00000030)
    .ARM.Collect$$libinit$$00000032          0x080001c8   Section        0  libinit2.o(.ARM.Collect$$libinit$$00000032)
    .ARM.Collect$$libinit$$00000033          0x080001c8   Section        2  libinit2.o(.ARM.Collect$$libinit$$00000033)
    .ARM.Collect$$libshutdown$$00000000      0x080001ca   Section        2  libshutdown.o(.ARM.Collect$$libshutdown$$00000000)
    .ARM.Collect$$libshutdown$$00000002      0x080001cc   Section        0  libshutdown2.o(.ARM.Collect$$libshutdown$$00000002)
    .ARM.Collect$$libshutdown$$00000004      0x080001cc   Section        0  libshutdown2.o(.ARM.Collect$$libshutdown$$00000004)
    .ARM.Collect$$libshutdown$$00000006      0x080001cc   Section        0  libshutdown2.o(.ARM.Collect$$libshutdown$$00000006)
    .ARM.Collect$$libshutdown$$00000009      0x080001cc   Section        0  libshutdown2.o(.ARM.Collect$$libshutdown$$00000009)
    .ARM.Collect$$libshutdown$$0000000C      0x080001cc   Section        0  libshutdown2.o(.ARM.Collect$$libshutdown$$0000000C)
    .ARM.Collect$$libshutdown$$0000000E      0x080001cc   Section        0  libshutdown2.o(.ARM.Collect$$libshutdown$$0000000E)
    .ARM.Collect$$libshutdown$$00000011      0x080001cc   Section        0  libshutdown2.o(.ARM.Collect$$libshutdown$$00000011)
    .ARM.Collect$$libshutdown$$00000012      0x080001cc   Section        2  libshutdown2.o(.ARM.Collect$$libshutdown$$00000012)
    .ARM.Collect$$rtentry$$00000000          0x080001ce   Section        0  __rtentry.o(.ARM.Collect$$rtentry$$00000000)
    .ARM.Collect$$rtentry$$00000002          0x080001ce   Section        0  __rtentry2.o(.ARM.Collect$$rtentry$$00000002)
    .ARM.Collect$$rtentry$$00000004          0x080001ce   Section        6  __rtentry4.o(.ARM.Collect$$rtentry$$00000004)
    .ARM.Collect$$rtentry$$00000009          0x080001d4   Section        0  __rtentry2.o(.ARM.Collect$$rtentry$$00000009)
    .ARM.Collect$$rtentry$$0000000A          0x080001d4   Section        4  __rtentry2.o(.ARM.Collect$$rtentry$$0000000A)
    .ARM.Collect$$rtentry$$0000000C          0x080001d8   Section        0  __rtentry2.o(.ARM.Collect$$rtentry$$0000000C)
    .ARM.Collect$$rtentry$$0000000D          0x080001d8   Section        8  __rtentry2.o(.ARM.Collect$$rtentry$$0000000D)
    .ARM.Collect$$rtexit$$00000000           0x080001e0   Section        2  rtexit.o(.ARM.Collect$$rtexit$$00000000)
    .ARM.Collect$$rtexit$$00000002           0x080001e2   Section        0  rtexit2.o(.ARM.Collect$$rtexit$$00000002)
    .ARM.Collect$$rtexit$$00000003           0x080001e2   Section        4  rtexit2.o(.ARM.Collect$$rtexit$$00000003)
    .ARM.Collect$$rtexit$$00000004           0x080001e6   Section        6  rtexit2.o(.ARM.Collect$$rtexit$$00000004)
    .text                                    0x080001ec   Section        0  stm32f10x_it.o(.text)
    .text                                    0x080001fc   Section        0  system_stm32f10x.o(.text)
    SetSysClockTo72                          0x080001fd   Thumb Code   160  system_stm32f10x.o(.text)
    .text                                    0x08000350   Section        0  stm32f10x_gpio.o(.text)
    .text                                    0x080005bc   Section        0  stm32f10x_rcc.o(.text)
    .text                                    0x08000870   Section        0  misc.o(.text)
    .text                                    0x08000920   Section        0  stm32f10x_usart.o(.text)
    .text                                    0x08000c48   Section        0  stm32f10x_tim.o(.text)
    TI2_Config                               0x08000fdb   Thumb Code   166  stm32f10x_tim.o(.text)
    TI1_Config                               0x08001091   Thumb Code    88  stm32f10x_tim.o(.text)
    .text                                    0x0800173c   Section        0  stm32f10x_iwdg.o(.text)
    .text                                    0x08001778   Section       64  startup_stm32f10x_hd.o(.text)
    .text                                    0x080017b8   Section        0  z_delay.o(.text)
    .text                                    0x080017f4   Section        0  z_gpio.o(.text)
    .text                                    0x080019cc   Section        0  z_rcc.o(.text)
    .text                                    0x08001a24   Section        0  z_timer.o(.text)
    .text                                    0x08001f04   Section        0  z_usart.o(.text)
    .text                                    0x080024ac   Section        0  z_global.o(.text)
    .text                                    0x08002560   Section        0  z_main.o(.text)
    .text                                    0x08002acc   Section        0  z_sensor.o(.text)
    .text                                    0x08002d7c   Section       16  rt_ctype_table.o(.text)
    .text                                    0x08002d8c   Section        0  noretval__2sprintf.o(.text)
    .text                                    0x08002db4   Section        0  _printf_pad.o(.text)
    .text                                    0x08002e02   Section        0  _printf_str.o(.text)
    .text                                    0x08002e54   Section        0  _printf_dec.o(.text)
    .text                                    0x08002ecc   Section        0  __printf_flags_wp.o(.text)
    .text                                    0x08003004   Section        0  atoi.o(.text)
    .text                                    0x0800301e   Section       78  rt_memclr_w.o(.text)
    .text                                    0x0800306c   Section      128  strcmpv7m.o(.text)
    .text                                    0x080030ec   Section        0  heapauxi.o(.text)
    .text                                    0x080030f4   Section        8  rt_locale_intlibspace.o(.text)
    .text                                    0x080030fc   Section        8  rt_errno_addr_intlibspace.o(.text)
    .text                                    0x08003104   Section        0  _printf_intcommon.o(.text)
    .text                                    0x080031b8   Section        0  _printf_char_common.o(.text)
    _printf_input_char                       0x080031b9   Thumb Code    10  _printf_char_common.o(.text)
    .text                                    0x080031e8   Section        0  _sputc.o(.text)
    .text                                    0x080031f2   Section        0  _printf_char.o(.text)
    .text                                    0x0800321e   Section        0  strtol.o(.text)
    .text                                    0x08003290   Section        8  libspace.o(.text)
    .text                                    0x08003298   Section        0  _strtoul.o(.text)
    .text                                    0x08003336   Section       74  sys_stackheap_outer.o(.text)
    .text                                    0x08003380   Section        0  _chval.o(.text)
    .text                                    0x0800339c   Section        0  exit.o(.text)
    .text                                    0x080033b0   Section        0  sys_exit.o(.text)
    .text                                    0x080033bc   Section        2  use_no_semi.o(.text)
    .text                                    0x080033be   Section        0  indicate_semi.o(.text)
    i._is_digit                              0x080033be   Section        0  __printf_wp.o(i._is_digit)
    locale$$code                             0x080033cc   Section       44  lc_ctype_c.o(locale$$code)
    x$fpl$fadd                               0x080033f8   Section      196  faddsub_clz.o(x$fpl$fadd)
    _fadd1                                   0x08003407   Thumb Code     0  faddsub_clz.o(x$fpl$fadd)
    x$fpl$fcheck1                            0x080034bc   Section       12  fcheck1.o(x$fpl$fcheck1)
    x$fpl$fcmpinf                            0x080034c8   Section       24  fcmpi.o(x$fpl$fcmpinf)
    x$fpl$ffix                               0x080034e0   Section       54  ffix.o(x$fpl$ffix)
    x$fpl$ffixu                              0x08003518   Section       62  ffixu.o(x$fpl$ffixu)
    x$fpl$fflt                               0x08003558   Section       48  fflt_clz.o(x$fpl$fflt)
    x$fpl$ffltu                              0x08003588   Section       38  fflt_clz.o(x$fpl$ffltu)
    x$fpl$fleqf                              0x080035b0   Section      104  fleqf.o(x$fpl$fleqf)
    x$fpl$fmul                               0x08003618   Section      258  fmul.o(x$fpl$fmul)
    x$fpl$fnaninf                            0x0800371a   Section      140  fnaninf.o(x$fpl$fnaninf)
    x$fpl$fretinf                            0x080037a6   Section       10  fretinf.o(x$fpl$fretinf)
    x$fpl$fsub                               0x080037b0   Section      234  faddsub_clz.o(x$fpl$fsub)
    _fsub1                                   0x080037bf   Thumb Code     0  faddsub_clz.o(x$fpl$fsub)
    x$fpl$retnan                             0x0800389a   Section      100  retnan.o(x$fpl$retnan)
    x$fpl$scalbnf                            0x080038fe   Section       76  scalbnf.o(x$fpl$scalbnf)
    x$fpl$trapveneer                         0x0800394a   Section       48  trapv.o(x$fpl$trapveneer)
    x$fpl$usenofp                            0x0800397a   Section        0  usenofp.o(x$fpl$usenofp)
    .constdata                               0x0800397c   Section       88  z_main.o(.constdata)
    .constdata                               0x080039d4   Section       17  __printf_flags_wp.o(.constdata)
    maptable                                 0x080039d4   Data          17  __printf_flags_wp.o(.constdata)
    .conststring                             0x080039e8   Section      106  z_main.o(.conststring)
    locale$$data                             0x08003a74   Section      272  lc_ctype_c.o(locale$$data)
    __lcctype_c_name                         0x08003a78   Data           2  lc_ctype_c.o(locale$$data)
    __lcctype_c_start                        0x08003a80   Data           0  lc_ctype_c.o(locale$$data)
    __lcctype_c_end                          0x08003b84   Data           0  lc_ctype_c.o(locale$$data)
    .data                                    0x20000000   Section       20  system_stm32f10x.o(.data)
    .data                                    0x20000014   Section       20  stm32f10x_rcc.o(.data)
    ADCPrescTable                            0x20000014   Data           4  stm32f10x_rcc.o(.data)
    APBAHBPrescTable                         0x20000018   Data          16  stm32f10x_rcc.o(.data)
    .data                                    0x20000028   Section        1  z_gpio.o(.data)
    flag                                     0x20000028   Data           1  z_gpio.o(.data)
    .data                                    0x2000002c   Section       16  z_timer.o(.data)
    flag                                     0x20000033   Data           1  z_timer.o(.data)
    duoji_index1                             0x20000034   Data           1  z_timer.o(.data)
    .data                                    0x2000003c   Section        6  z_usart.o(.data)
    buf_index                                0x2000003c   Data           2  z_usart.o(.data)
    buf_index                                0x2000003e   Data           2  z_usart.o(.data)
    buf_index                                0x20000040   Data           2  z_usart.o(.data)
    .data                                    0x20000042   Section        1  z_global.o(.data)
    .data                                    0x20000043   Section        1  z_global.o(.data)
    .data                                    0x20000044   Section       16  z_main.o(.data)
    flag                                     0x20000045   Data           1  z_main.o(.data)
    time_count                               0x20000050   Data           4  z_main.o(.data)
    .data                                    0x20000054   Section       68  z_sensor.o(.data)
    systick_ms_bak                           0x20000054   Data           4  z_sensor.o(.data)
    systick_ms_bak                           0x20000058   Data           4  z_sensor.o(.data)
    .bss                                     0x20000098   Section      128  z_global.o(.bss)
    .bss                                     0x20000118   Section     1024  z_global.o(.bss)
    .bss                                     0x20000518   Section     1024  z_global.o(.bss)
    .bss                                     0x20000918   Section       96  libspace.o(.bss)
    HEAP                                     0x20000978   Section      512  startup_stm32f10x_hd.o(HEAP)
    Heap_Mem                                 0x20000978   Data         512  startup_stm32f10x_hd.o(HEAP)
    STACK                                    0x20000b78   Section     1024  startup_stm32f10x_hd.o(STACK)
    Stack_Mem                                0x20000b78   Data        1024  startup_stm32f10x_hd.o(STACK)
    __initial_sp                             0x20000f78   Data           0  startup_stm32f10x_hd.o(STACK)

    Global Symbols

    Symbol Name                              Value     Ov Type        Size  Object(Section)

    BuildAttributes$$THM_ISAv4$P$D$K$B$S$PE$A:L22UL41UL21$X:L11$S22US41US21$IEEE1$IW$USESV6$~STKCKD$USESV7$~SHL$OSPACE$ROPI$EBA8$UX$STANDARDLIB$REQ8$PRES8$EABIv2 0x00000000   Number         0  anon$$obj.o ABSOLUTE
    __ARM_use_no_argv                        0x00000000   Number         0  z_main.o ABSOLUTE
    _printf_flags                            0x00000000   Number         0  printf_stubs.o ABSOLUTE
    _printf_return_value                     0x00000000   Number         0  printf_stubs.o ABSOLUTE
    _printf_sizespec                         0x00000000   Number         0  printf_stubs.o ABSOLUTE
    _printf_widthprec                        0x00000000   Number         0  printf_stubs.o ABSOLUTE
    __ARM_exceptions_init                     - Undefined Weak Reference
    __alloca_initialize                       - Undefined Weak Reference
    __arm_fini_                               - Undefined Weak Reference
    __arm_preinit_                            - Undefined Weak Reference
    __cpp_initialize__aeabi_                  - Undefined Weak Reference
    __cxa_finalize                            - Undefined Weak Reference
    __sigvec_lookup                           - Undefined Weak Reference
    _atexit_init                              - Undefined Weak Reference
    _call_atexit_fns                          - Undefined Weak Reference
    _clock_init                               - Undefined Weak Reference
    _fp_trap_init                             - Undefined Weak Reference
    _fp_trap_shutdown                         - Undefined Weak Reference
    _get_lc_collate                           - Undefined Weak Reference
    _get_lc_monetary                          - Undefined Weak Reference
    _get_lc_numeric                           - Undefined Weak Reference
    _get_lc_time                              - Undefined Weak Reference
    _getenv_init                              - Undefined Weak Reference
    _handle_redirection                       - Undefined Weak Reference
    _init_alloc                               - Undefined Weak Reference
    _init_user_alloc                          - Undefined Weak Reference
    _initio                                   - Undefined Weak Reference
    _printf_mbtowc                            - Undefined Weak Reference
    _printf_truncate_signed                   - Undefined Weak Reference
    _printf_truncate_unsigned                 - Undefined Weak Reference
    _rand_init                                - Undefined Weak Reference
    _signal_finish                            - Undefined Weak Reference
    _signal_init                              - Undefined Weak Reference
    _terminate_alloc                          - Undefined Weak Reference
    _terminate_user_alloc                     - Undefined Weak Reference
    _terminateio                              - Undefined Weak Reference
    __Vectors_Size                           0x00000130   Number         0  startup_stm32f10x_hd.o ABSOLUTE
    __Vectors                                0x08000000   Data           4  startup_stm32f10x_hd.o(RESET)
    __Vectors_End                            0x08000130   Data           0  startup_stm32f10x_hd.o(RESET)
    __main                                   0x08000131   Thumb Code     8  __main.o(!!!main)
    __scatterload                            0x08000139   Thumb Code     0  __scatter.o(!!!scatter)
    __scatterload_rt2                        0x08000139   Thumb Code    44  __scatter.o(!!!scatter)
    __scatterload_rt2_thumb_only             0x08000139   Thumb Code     0  __scatter.o(!!!scatter)
    __scatterload_null                       0x08000147   Thumb Code     0  __scatter.o(!!!scatter)
    __scatterload_copy                       0x0800016d   Thumb Code    26  __scatter_copy.o(!!handler_copy)
    __scatterload_zeroinit                   0x08000189   Thumb Code    28  __scatter_zi.o(!!handler_zi)
    _printf_d                                0x080001a5   Thumb Code     0  _printf_d.o(.ARM.Collect$$_printf_percent$$00000009)
    _printf_percent                          0x080001a5   Thumb Code     0  _printf_percent.o(.ARM.Collect$$_printf_percent$$00000000)
    _printf_s                                0x080001ab   Thumb Code     0  _printf_s.o(.ARM.Collect$$_printf_percent$$00000014)
    _printf_percent_end                      0x080001b1   Thumb Code     0  _printf_percent_end.o(.ARM.Collect$$_printf_percent$$00000017)
    __rt_lib_init                            0x080001b5   Thumb Code     0  libinit.o(.ARM.Collect$$libinit$$00000000)
    __rt_lib_init_fp_1                       0x080001b7   Thumb Code     0  libinit2.o(.ARM.Collect$$libinit$$00000002)
    __rt_lib_init_heap_1                     0x080001b7   Thumb Code     0  libinit2.o(.ARM.Collect$$libinit$$0000000A)
    __rt_lib_init_lc_common                  0x080001b7   Thumb Code     0  libinit2.o(.ARM.Collect$$libinit$$0000000F)
    __rt_lib_init_preinit_1                  0x080001b7   Thumb Code     0  libinit2.o(.ARM.Collect$$libinit$$00000004)
    __rt_lib_init_rand_1                     0x080001b7   Thumb Code     0  libinit2.o(.ARM.Collect$$libinit$$0000000E)
    __rt_lib_init_user_alloc_1               0x080001b7   Thumb Code     0  libinit2.o(.ARM.Collect$$libinit$$0000000C)
    __rt_lib_init_lc_collate_1               0x080001bd   Thumb Code     0  libinit2.o(.ARM.Collect$$libinit$$00000011)
    __rt_lib_init_lc_ctype_2                 0x080001bd   Thumb Code     0  libinit2.o(.ARM.Collect$$libinit$$00000012)
    __rt_lib_init_alloca_1                   0x080001c9   Thumb Code     0  libinit2.o(.ARM.Collect$$libinit$$0000002E)
    __rt_lib_init_argv_1                     0x080001c9   Thumb Code     0  libinit2.o(.ARM.Collect$$libinit$$0000002C)
    __rt_lib_init_atexit_1                   0x080001c9   Thumb Code     0  libinit2.o(.ARM.Collect$$libinit$$0000001B)
    __rt_lib_init_clock_1                    0x080001c9   Thumb Code     0  libinit2.o(.ARM.Collect$$libinit$$00000021)
    __rt_lib_init_cpp_1                      0x080001c9   Thumb Code     0  libinit2.o(.ARM.Collect$$libinit$$00000032)
    __rt_lib_init_exceptions_1               0x080001c9   Thumb Code     0  libinit2.o(.ARM.Collect$$libinit$$00000030)
    __rt_lib_init_fp_trap_1                  0x080001c9   Thumb Code     0  libinit2.o(.ARM.Collect$$libinit$$0000001F)
    __rt_lib_init_getenv_1                   0x080001c9   Thumb Code     0  libinit2.o(.ARM.Collect$$libinit$$00000023)
    __rt_lib_init_lc_ctype_1                 0x080001c9   Thumb Code     0  libinit2.o(.ARM.Collect$$libinit$$00000013)
    __rt_lib_init_lc_monetary_1              0x080001c9   Thumb Code     0  libinit2.o(.ARM.Collect$$libinit$$00000015)
    __rt_lib_init_lc_numeric_1               0x080001c9   Thumb Code     0  libinit2.o(.ARM.Collect$$libinit$$00000017)
    __rt_lib_init_lc_time_1                  0x080001c9   Thumb Code     0  libinit2.o(.ARM.Collect$$libinit$$00000019)
    __rt_lib_init_return                     0x080001c9   Thumb Code     0  libinit2.o(.ARM.Collect$$libinit$$00000033)
    __rt_lib_init_signal_1                   0x080001c9   Thumb Code     0  libinit2.o(.ARM.Collect$$libinit$$0000001D)
    __rt_lib_init_stdio_1                    0x080001c9   Thumb Code     0  libinit2.o(.ARM.Collect$$libinit$$00000025)
    __rt_lib_shutdown                        0x080001cb   Thumb Code     0  libshutdown.o(.ARM.Collect$$libshutdown$$00000000)
    __rt_lib_shutdown_cpp_1                  0x080001cd   Thumb Code     0  libshutdown2.o(.ARM.Collect$$libshutdown$$00000004)
    __rt_lib_shutdown_fini_1                 0x080001cd   Thumb Code     0  libshutdown2.o(.ARM.Collect$$libshutdown$$00000002)
    __rt_lib_shutdown_fp_trap_1              0x080001cd   Thumb Code     0  libshutdown2.o(.ARM.Collect$$libshutdown$$00000009)
    __rt_lib_shutdown_heap_1                 0x080001cd   Thumb Code     0  libshutdown2.o(.ARM.Collect$$libshutdown$$00000011)
    __rt_lib_shutdown_return                 0x080001cd   Thumb Code     0  libshutdown2.o(.ARM.Collect$$libshutdown$$00000012)
    __rt_lib_shutdown_signal_1               0x080001cd   Thumb Code     0  libshutdown2.o(.ARM.Collect$$libshutdown$$0000000C)
    __rt_lib_shutdown_stdio_1                0x080001cd   Thumb Code     0  libshutdown2.o(.ARM.Collect$$libshutdown$$00000006)
    __rt_lib_shutdown_user_alloc_1           0x080001cd   Thumb Code     0  libshutdown2.o(.ARM.Collect$$libshutdown$$0000000E)
    __rt_entry                               0x080001cf   Thumb Code     0  __rtentry.o(.ARM.Collect$$rtentry$$00000000)
    __rt_entry_presh_1                       0x080001cf   Thumb Code     0  __rtentry2.o(.ARM.Collect$$rtentry$$00000002)
    __rt_entry_sh                            0x080001cf   Thumb Code     0  __rtentry4.o(.ARM.Collect$$rtentry$$00000004)
    __rt_entry_li                            0x080001d5   Thumb Code     0  __rtentry2.o(.ARM.Collect$$rtentry$$0000000A)
    __rt_entry_postsh_1                      0x080001d5   Thumb Code     0  __rtentry2.o(.ARM.Collect$$rtentry$$00000009)
    __rt_entry_main                          0x080001d9   Thumb Code     0  __rtentry2.o(.ARM.Collect$$rtentry$$0000000D)
    __rt_entry_postli_1                      0x080001d9   Thumb Code     0  __rtentry2.o(.ARM.Collect$$rtentry$$0000000C)
    __rt_exit                                0x080001e1   Thumb Code     0  rtexit.o(.ARM.Collect$$rtexit$$00000000)
    __rt_exit_ls                             0x080001e3   Thumb Code     0  rtexit2.o(.ARM.Collect$$rtexit$$00000003)
    __rt_exit_prels_1                        0x080001e3   Thumb Code     0  rtexit2.o(.ARM.Collect$$rtexit$$00000002)
    __rt_exit_exit                           0x080001e7   Thumb Code     0  rtexit2.o(.ARM.Collect$$rtexit$$00000004)
    NMI_Handler                              0x080001ed   Thumb Code     2  stm32f10x_it.o(.text)
    HardFault_Handler                        0x080001ef   Thumb Code     2  stm32f10x_it.o(.text)
    MemManage_Handler                        0x080001f1   Thumb Code     2  stm32f10x_it.o(.text)
    BusFault_Handler                         0x080001f3   Thumb Code     2  stm32f10x_it.o(.text)
    UsageFault_Handler                       0x080001f5   Thumb Code     2  stm32f10x_it.o(.text)
    SVC_Handler                              0x080001f7   Thumb Code     2  stm32f10x_it.o(.text)
    DebugMon_Handler                         0x080001f9   Thumb Code     2  stm32f10x_it.o(.text)
    PendSV_Handler                           0x080001fb   Thumb Code     2  stm32f10x_it.o(.text)
    SystemInit                               0x0800029d   Thumb Code    64  system_stm32f10x.o(.text)
    SystemCoreClockUpdate                    0x080002dd   Thumb Code    84  system_stm32f10x.o(.text)
    GPIO_DeInit                              0x08000351   Thumb Code   152  stm32f10x_gpio.o(.text)
    GPIO_AFIODeInit                          0x080003e9   Thumb Code    22  stm32f10x_gpio.o(.text)
    GPIO_Init                                0x080003ff   Thumb Code   164  stm32f10x_gpio.o(.text)
    GPIO_StructInit                          0x080004a3   Thumb Code    16  stm32f10x_gpio.o(.text)
    GPIO_ReadInputDataBit                    0x080004b3   Thumb Code    14  stm32f10x_gpio.o(.text)
    GPIO_ReadInputData                       0x080004c1   Thumb Code     6  stm32f10x_gpio.o(.text)
    GPIO_ReadOutputDataBit                   0x080004c7   Thumb Code    14  stm32f10x_gpio.o(.text)
    GPIO_ReadOutputData                      0x080004d5   Thumb Code     6  stm32f10x_gpio.o(.text)
    GPIO_SetBits                             0x080004db   Thumb Code     4  stm32f10x_gpio.o(.text)
    GPIO_ResetBits                           0x080004df   Thumb Code     4  stm32f10x_gpio.o(.text)
    GPIO_WriteBit                            0x080004e3   Thumb Code    10  stm32f10x_gpio.o(.text)
    GPIO_Write                               0x080004ed   Thumb Code     4  stm32f10x_gpio.o(.text)
    GPIO_PinLockConfig                       0x080004f1   Thumb Code    16  stm32f10x_gpio.o(.text)
    GPIO_EventOutputConfig                   0x08000501   Thumb Code    22  stm32f10x_gpio.o(.text)
    GPIO_EventOutputCmd                      0x08000517   Thumb Code     6  stm32f10x_gpio.o(.text)
    GPIO_PinRemapConfig                      0x0800051d   Thumb Code    82  stm32f10x_gpio.o(.text)
    GPIO_EXTILineConfig                      0x0800056f   Thumb Code    34  stm32f10x_gpio.o(.text)
    GPIO_ETH_MediaInterfaceConfig            0x08000591   Thumb Code     8  stm32f10x_gpio.o(.text)
    RCC_DeInit                               0x080005bd   Thumb Code    50  stm32f10x_rcc.o(.text)
    RCC_HSEConfig                            0x080005ef   Thumb Code    48  stm32f10x_rcc.o(.text)
    RCC_GetFlagStatus                        0x0800061f   Thumb Code    42  stm32f10x_rcc.o(.text)
    RCC_WaitForHSEStartUp                    0x08000649   Thumb Code    44  stm32f10x_rcc.o(.text)
    RCC_AdjustHSICalibrationValue            0x08000675   Thumb Code    16  stm32f10x_rcc.o(.text)
    RCC_HSICmd                               0x08000685   Thumb Code     6  stm32f10x_rcc.o(.text)
    RCC_PLLConfig                            0x0800068b   Thumb Code    16  stm32f10x_rcc.o(.text)
    RCC_PLLCmd                               0x0800069b   Thumb Code     6  stm32f10x_rcc.o(.text)
    RCC_SYSCLKConfig                         0x080006a1   Thumb Code    14  stm32f10x_rcc.o(.text)
    RCC_GetSYSCLKSource                      0x080006af   Thumb Code    10  stm32f10x_rcc.o(.text)
    RCC_HCLKConfig                           0x080006b9   Thumb Code    14  stm32f10x_rcc.o(.text)
    RCC_PCLK1Config                          0x080006c7   Thumb Code    14  stm32f10x_rcc.o(.text)
    RCC_PCLK2Config                          0x080006d5   Thumb Code    16  stm32f10x_rcc.o(.text)
    RCC_ITConfig                             0x080006e5   Thumb Code    18  stm32f10x_rcc.o(.text)
    RCC_USBCLKConfig                         0x080006f7   Thumb Code     8  stm32f10x_rcc.o(.text)
    RCC_ADCCLKConfig                         0x080006ff   Thumb Code    14  stm32f10x_rcc.o(.text)
    RCC_LSEConfig                            0x0800070d   Thumb Code    28  stm32f10x_rcc.o(.text)
    RCC_LSICmd                               0x08000729   Thumb Code     6  stm32f10x_rcc.o(.text)
    RCC_RTCCLKConfig                         0x0800072f   Thumb Code    10  stm32f10x_rcc.o(.text)
    RCC_RTCCLKCmd                            0x08000739   Thumb Code     8  stm32f10x_rcc.o(.text)
    RCC_GetClocksFreq                        0x08000741   Thumb Code   128  stm32f10x_rcc.o(.text)
    RCC_AHBPeriphClockCmd                    0x080007c1   Thumb Code    18  stm32f10x_rcc.o(.text)
    RCC_APB2PeriphClockCmd                   0x080007d3   Thumb Code    18  stm32f10x_rcc.o(.text)
    RCC_APB1PeriphClockCmd                   0x080007e5   Thumb Code    18  stm32f10x_rcc.o(.text)
    RCC_APB2PeriphResetCmd                   0x080007f7   Thumb Code    18  stm32f10x_rcc.o(.text)
    RCC_APB1PeriphResetCmd                   0x08000809   Thumb Code    18  stm32f10x_rcc.o(.text)
    RCC_BackupResetCmd                       0x0800081b   Thumb Code     8  stm32f10x_rcc.o(.text)
    RCC_ClockSecuritySystemCmd               0x08000823   Thumb Code     6  stm32f10x_rcc.o(.text)
    RCC_MCOConfig                            0x08000829   Thumb Code     6  stm32f10x_rcc.o(.text)
    RCC_ClearFlag                            0x0800082f   Thumb Code    12  stm32f10x_rcc.o(.text)
    RCC_GetITStatus                          0x0800083b   Thumb Code    16  stm32f10x_rcc.o(.text)
    RCC_ClearITPendingBit                    0x0800084b   Thumb Code     6  stm32f10x_rcc.o(.text)
    NVIC_PriorityGroupConfig                 0x08000871   Thumb Code    10  misc.o(.text)
    NVIC_Init                                0x0800087b   Thumb Code    94  misc.o(.text)
    NVIC_SetVectorTable                      0x080008d9   Thumb Code    14  misc.o(.text)
    NVIC_SystemLPConfig                      0x080008e7   Thumb Code    20  misc.o(.text)
    SysTick_CLKSourceConfig                  0x080008fb   Thumb Code    24  misc.o(.text)
    USART_DeInit                             0x08000921   Thumb Code    96  stm32f10x_usart.o(.text)
    USART_Init                               0x08000981   Thumb Code   166  stm32f10x_usart.o(.text)
    USART_StructInit                         0x08000a27   Thumb Code    22  stm32f10x_usart.o(.text)
    USART_ClockInit                          0x08000a3d   Thumb Code    30  stm32f10x_usart.o(.text)
    USART_ClockStructInit                    0x08000a5b   Thumb Code    12  stm32f10x_usart.o(.text)
    USART_Cmd                                0x08000a67   Thumb Code    20  stm32f10x_usart.o(.text)
    USART_ITConfig                           0x08000a7b   Thumb Code    48  stm32f10x_usart.o(.text)
    USART_DMACmd                             0x08000aab   Thumb Code    16  stm32f10x_usart.o(.text)
    USART_SetAddress                         0x08000abb   Thumb Code    16  stm32f10x_usart.o(.text)
    USART_WakeUpConfig                       0x08000acb   Thumb Code    16  stm32f10x_usart.o(.text)
    USART_ReceiverWakeUpCmd                  0x08000adb   Thumb Code    20  stm32f10x_usart.o(.text)
    USART_LINBreakDetectLengthConfig         0x08000aef   Thumb Code    16  stm32f10x_usart.o(.text)
    USART_LINCmd                             0x08000aff   Thumb Code    20  stm32f10x_usart.o(.text)
    USART_SendData                           0x08000b13   Thumb Code     8  stm32f10x_usart.o(.text)
    USART_ReceiveData                        0x08000b1b   Thumb Code     8  stm32f10x_usart.o(.text)
    USART_SendBreak                          0x08000b23   Thumb Code    10  stm32f10x_usart.o(.text)
    USART_SetGuardTime                       0x08000b2d   Thumb Code    16  stm32f10x_usart.o(.text)
    USART_SetPrescaler                       0x08000b3d   Thumb Code    16  stm32f10x_usart.o(.text)
    USART_SmartCardCmd                       0x08000b4d   Thumb Code    20  stm32f10x_usart.o(.text)
    USART_SmartCardNACKCmd                   0x08000b61   Thumb Code    20  stm32f10x_usart.o(.text)
    USART_HalfDuplexCmd                      0x08000b75   Thumb Code    20  stm32f10x_usart.o(.text)
    USART_OverSampling8Cmd                   0x08000b89   Thumb Code    20  stm32f10x_usart.o(.text)
    USART_OneBitMethodCmd                    0x08000b9d   Thumb Code    20  stm32f10x_usart.o(.text)
    USART_IrDAConfig                         0x08000bb1   Thumb Code    16  stm32f10x_usart.o(.text)
    USART_IrDACmd                            0x08000bc1   Thumb Code    20  stm32f10x_usart.o(.text)
    USART_GetFlagStatus                      0x08000bd5   Thumb Code    14  stm32f10x_usart.o(.text)
    USART_ClearFlag                          0x08000be3   Thumb Code     6  stm32f10x_usart.o(.text)
    USART_GetITStatus                        0x08000be9   Thumb Code    62  stm32f10x_usart.o(.text)
    USART_ClearITPendingBit                  0x08000c27   Thumb Code    12  stm32f10x_usart.o(.text)
    TIM_DeInit                               0x08000c49   Thumb Code   304  stm32f10x_tim.o(.text)
    TIM_TimeBaseInit                         0x08000d79   Thumb Code   114  stm32f10x_tim.o(.text)
    TIM_OC1Init                              0x08000deb   Thumb Code   106  stm32f10x_tim.o(.text)
    TIM_OC2Init                              0x08000e55   Thumb Code   120  stm32f10x_tim.o(.text)
    TIM_OC3Init                              0x08000ecd   Thumb Code   116  stm32f10x_tim.o(.text)
    TIM_OC4Init                              0x08000f41   Thumb Code    90  stm32f10x_tim.o(.text)
    TIM_SetIC4Prescaler                      0x08000f9b   Thumb Code    24  stm32f10x_tim.o(.text)
    TIM_SetIC3Prescaler                      0x08000fb3   Thumb Code    16  stm32f10x_tim.o(.text)
    TIM_SetIC2Prescaler                      0x08000fc3   Thumb Code    24  stm32f10x_tim.o(.text)
    TIM_SetIC1Prescaler                      0x08001081   Thumb Code    16  stm32f10x_tim.o(.text)
    TIM_ICInit                               0x080010e9   Thumb Code   272  stm32f10x_tim.o(.text)
    TIM_PWMIConfig                           0x080011f9   Thumb Code   104  stm32f10x_tim.o(.text)
    TIM_BDTRConfig                           0x08001261   Thumb Code    34  stm32f10x_tim.o(.text)
    TIM_TimeBaseStructInit                   0x08001283   Thumb Code    18  stm32f10x_tim.o(.text)
    TIM_OCStructInit                         0x08001295   Thumb Code    20  stm32f10x_tim.o(.text)
    TIM_ICStructInit                         0x080012a9   Thumb Code    16  stm32f10x_tim.o(.text)
    TIM_BDTRStructInit                       0x080012b9   Thumb Code    18  stm32f10x_tim.o(.text)
    TIM_Cmd                                  0x080012cb   Thumb Code    20  stm32f10x_tim.o(.text)
    TIM_CtrlPWMOutputs                       0x080012df   Thumb Code    22  stm32f10x_tim.o(.text)
    TIM_ITConfig                             0x080012f5   Thumb Code    16  stm32f10x_tim.o(.text)
    TIM_GenerateEvent                        0x08001305   Thumb Code     4  stm32f10x_tim.o(.text)
    TIM_DMAConfig                            0x08001309   Thumb Code     8  stm32f10x_tim.o(.text)
    TIM_DMACmd                               0x08001311   Thumb Code    16  stm32f10x_tim.o(.text)
    TIM_InternalClockConfig                  0x08001321   Thumb Code    10  stm32f10x_tim.o(.text)
    TIM_SelectInputTrigger                   0x0800132b   Thumb Code    12  stm32f10x_tim.o(.text)
    TIM_ITRxExternalClockConfig              0x08001337   Thumb Code    18  stm32f10x_tim.o(.text)
    TIM_TIxExternalClockConfig               0x08001349   Thumb Code    46  stm32f10x_tim.o(.text)
    TIM_ETRConfig                            0x08001377   Thumb Code    24  stm32f10x_tim.o(.text)
    TIM_ETRClockMode1Config                  0x0800138f   Thumb Code    18  stm32f10x_tim.o(.text)
    TIM_ETRClockMode2Config                  0x080013a1   Thumb Code    18  stm32f10x_tim.o(.text)
    TIM_PrescalerConfig                      0x080013b3   Thumb Code     6  stm32f10x_tim.o(.text)
    TIM_CounterModeConfig                    0x080013b9   Thumb Code    12  stm32f10x_tim.o(.text)
    TIM_EncoderInterfaceConfig               0x080013c5   Thumb Code    50  stm32f10x_tim.o(.text)
    TIM_ForcedOC1Config                      0x080013f7   Thumb Code    12  stm32f10x_tim.o(.text)
    TIM_ForcedOC2Config                      0x08001403   Thumb Code    20  stm32f10x_tim.o(.text)
    TIM_ForcedOC3Config                      0x08001417   Thumb Code    12  stm32f10x_tim.o(.text)
    TIM_ForcedOC4Config                      0x08001423   Thumb Code    20  stm32f10x_tim.o(.text)
    TIM_ARRPreloadConfig                     0x08001437   Thumb Code    20  stm32f10x_tim.o(.text)
    TIM_SelectCOM                            0x0800144b   Thumb Code    20  stm32f10x_tim.o(.text)
    TIM_SelectCCDMA                          0x0800145f   Thumb Code    20  stm32f10x_tim.o(.text)
    TIM_CCPreloadControl                     0x08001473   Thumb Code    20  stm32f10x_tim.o(.text)
    TIM_OC1PreloadConfig                     0x08001487   Thumb Code    34  stm32f10x_tim.o(.text)
    TIM_OC2PreloadConfig                     0x080014a9   Thumb Code    20  stm32f10x_tim.o(.text)
    TIM_OC3PreloadConfig                     0x080014bd   Thumb Code    12  stm32f10x_tim.o(.text)
    TIM_OC4PreloadConfig                     0x080014c9   Thumb Code    20  stm32f10x_tim.o(.text)
    TIM_OC1FastConfig                        0x080014dd   Thumb Code    12  stm32f10x_tim.o(.text)
    TIM_OC2FastConfig                        0x080014e9   Thumb Code    20  stm32f10x_tim.o(.text)
    TIM_OC3FastConfig                        0x080014fd   Thumb Code    12  stm32f10x_tim.o(.text)
    TIM_OC4FastConfig                        0x08001509   Thumb Code    20  stm32f10x_tim.o(.text)
    TIM_ClearOC1Ref                          0x0800151d   Thumb Code    12  stm32f10x_tim.o(.text)
    TIM_ClearOC2Ref                          0x08001529   Thumb Code    20  stm32f10x_tim.o(.text)
    TIM_ClearOC3Ref                          0x0800153d   Thumb Code    12  stm32f10x_tim.o(.text)
    TIM_ClearOC4Ref                          0x08001549   Thumb Code    20  stm32f10x_tim.o(.text)
    TIM_OC1PolarityConfig                    0x0800155d   Thumb Code    12  stm32f10x_tim.o(.text)
    TIM_OC1NPolarityConfig                   0x08001569   Thumb Code    12  stm32f10x_tim.o(.text)
    TIM_OC2PolarityConfig                    0x08001575   Thumb Code    20  stm32f10x_tim.o(.text)
    TIM_OC2NPolarityConfig                   0x08001589   Thumb Code    20  stm32f10x_tim.o(.text)
    TIM_OC3PolarityConfig                    0x0800159d   Thumb Code    20  stm32f10x_tim.o(.text)
    TIM_OC3NPolarityConfig                   0x080015b1   Thumb Code    20  stm32f10x_tim.o(.text)
    TIM_OC4PolarityConfig                    0x080015c5   Thumb Code    20  stm32f10x_tim.o(.text)
    TIM_CCxCmd                               0x080015d9   Thumb Code    22  stm32f10x_tim.o(.text)
    TIM_CCxNCmd                              0x080015ef   Thumb Code    22  stm32f10x_tim.o(.text)
    TIM_SelectOCxM                           0x08001605   Thumb Code    70  stm32f10x_tim.o(.text)
    TIM_UpdateDisableConfig                  0x0800164b   Thumb Code    20  stm32f10x_tim.o(.text)
    TIM_UpdateRequestConfig                  0x0800165f   Thumb Code    20  stm32f10x_tim.o(.text)
    TIM_SelectHallSensor                     0x08001673   Thumb Code    20  stm32f10x_tim.o(.text)
    TIM_SelectOnePulseMode                   0x08001687   Thumb Code    16  stm32f10x_tim.o(.text)
    TIM_SelectOutputTrigger                  0x08001697   Thumb Code    16  stm32f10x_tim.o(.text)
    TIM_SelectSlaveMode                      0x080016a7   Thumb Code    16  stm32f10x_tim.o(.text)
    TIM_SelectMasterSlaveMode                0x080016b7   Thumb Code    16  stm32f10x_tim.o(.text)
    TIM_SetCounter                           0x080016c7   Thumb Code     4  stm32f10x_tim.o(.text)
    TIM_SetAutoreload                        0x080016cb   Thumb Code     4  stm32f10x_tim.o(.text)
    TIM_SetCompare1                          0x080016cf   Thumb Code     4  stm32f10x_tim.o(.text)
    TIM_SetCompare2                          0x080016d3   Thumb Code     4  stm32f10x_tim.o(.text)
    TIM_SetCompare3                          0x080016d7   Thumb Code     4  stm32f10x_tim.o(.text)
    TIM_SetCompare4                          0x080016db   Thumb Code     6  stm32f10x_tim.o(.text)
    TIM_SetClockDivision                     0x080016e1   Thumb Code    16  stm32f10x_tim.o(.text)
    TIM_GetCapture1                          0x080016f1   Thumb Code     4  stm32f10x_tim.o(.text)
    TIM_GetCapture2                          0x080016f5   Thumb Code     4  stm32f10x_tim.o(.text)
    TIM_GetCapture3                          0x080016f9   Thumb Code     4  stm32f10x_tim.o(.text)
    TIM_GetCapture4                          0x080016fd   Thumb Code     6  stm32f10x_tim.o(.text)
    TIM_GetCounter                           0x08001703   Thumb Code     4  stm32f10x_tim.o(.text)
    TIM_GetPrescaler                         0x08001707   Thumb Code     4  stm32f10x_tim.o(.text)
    TIM_GetFlagStatus                        0x0800170b   Thumb Code    14  stm32f10x_tim.o(.text)
    TIM_ClearFlag                            0x08001719   Thumb Code     6  stm32f10x_tim.o(.text)
    TIM_GetITStatus                          0x0800171f   Thumb Code    24  stm32f10x_tim.o(.text)
    TIM_ClearITPendingBit                    0x08001737   Thumb Code     6  stm32f10x_tim.o(.text)
    IWDG_WriteAccessCmd                      0x0800173d   Thumb Code     6  stm32f10x_iwdg.o(.text)
    IWDG_SetPrescaler                        0x08001743   Thumb Code     6  stm32f10x_iwdg.o(.text)
    IWDG_SetReload                           0x08001749   Thumb Code     6  stm32f10x_iwdg.o(.text)
    IWDG_ReloadCounter                       0x0800174f   Thumb Code    10  stm32f10x_iwdg.o(.text)
    IWDG_Enable                              0x08001759   Thumb Code    10  stm32f10x_iwdg.o(.text)
    IWDG_GetFlagStatus                       0x08001763   Thumb Code    16  stm32f10x_iwdg.o(.text)
    Reset_Handler                            0x08001779   Thumb Code     8  startup_stm32f10x_hd.o(.text)
    ADC1_2_IRQHandler                        0x08001793   Thumb Code     0  startup_stm32f10x_hd.o(.text)
    ADC3_IRQHandler                          0x08001793   Thumb Code     0  startup_stm32f10x_hd.o(.text)
    CAN1_RX1_IRQHandler                      0x08001793   Thumb Code     0  startup_stm32f10x_hd.o(.text)
    CAN1_SCE_IRQHandler                      0x08001793   Thumb Code     0  startup_stm32f10x_hd.o(.text)
    DMA1_Channel1_IRQHandler                 0x08001793   Thumb Code     0  startup_stm32f10x_hd.o(.text)
    DMA1_Channel2_IRQHandler                 0x08001793   Thumb Code     0  startup_stm32f10x_hd.o(.text)
    DMA1_Channel3_IRQHandler                 0x08001793   Thumb Code     0  startup_stm32f10x_hd.o(.text)
    DMA1_Channel4_IRQHandler                 0x08001793   Thumb Code     0  startup_stm32f10x_hd.o(.text)
    DMA1_Channel5_IRQHandler                 0x08001793   Thumb Code     0  startup_stm32f10x_hd.o(.text)
    DMA1_Channel6_IRQHandler                 0x08001793   Thumb Code     0  startup_stm32f10x_hd.o(.text)
    DMA1_Channel7_IRQHandler                 0x08001793   Thumb Code     0  startup_stm32f10x_hd.o(.text)
    DMA2_Channel1_IRQHandler                 0x08001793   Thumb Code     0  startup_stm32f10x_hd.o(.text)
    DMA2_Channel2_IRQHandler                 0x08001793   Thumb Code     0  startup_stm32f10x_hd.o(.text)
    DMA2_Channel3_IRQHandler                 0x08001793   Thumb Code     0  startup_stm32f10x_hd.o(.text)
    DMA2_Channel4_5_IRQHandler               0x08001793   Thumb Code     0  startup_stm32f10x_hd.o(.text)
    EXTI0_IRQHandler                         0x08001793   Thumb Code     0  startup_stm32f10x_hd.o(.text)
    EXTI15_10_IRQHandler                     0x08001793   Thumb Code     0  startup_stm32f10x_hd.o(.text)
    EXTI1_IRQHandler                         0x08001793   Thumb Code     0  startup_stm32f10x_hd.o(.text)
    EXTI2_IRQHandler                         0x08001793   Thumb Code     0  startup_stm32f10x_hd.o(.text)
    EXTI3_IRQHandler                         0x08001793   Thumb Code     0  startup_stm32f10x_hd.o(.text)
    EXTI4_IRQHandler                         0x08001793   Thumb Code     0  startup_stm32f10x_hd.o(.text)
    EXTI9_5_IRQHandler                       0x08001793   Thumb Code     0  startup_stm32f10x_hd.o(.text)
    FLASH_IRQHandler                         0x08001793   Thumb Code     0  startup_stm32f10x_hd.o(.text)
    FSMC_IRQHandler                          0x08001793   Thumb Code     0  startup_stm32f10x_hd.o(.text)
    I2C1_ER_IRQHandler                       0x08001793   Thumb Code     0  startup_stm32f10x_hd.o(.text)
    I2C1_EV_IRQHandler                       0x08001793   Thumb Code     0  startup_stm32f10x_hd.o(.text)
    I2C2_ER_IRQHandler                       0x08001793   Thumb Code     0  startup_stm32f10x_hd.o(.text)
    I2C2_EV_IRQHandler                       0x08001793   Thumb Code     0  startup_stm32f10x_hd.o(.text)
    PVD_IRQHandler                           0x08001793   Thumb Code     0  startup_stm32f10x_hd.o(.text)
    RCC_IRQHandler                           0x08001793   Thumb Code     0  startup_stm32f10x_hd.o(.text)
    RTCAlarm_IRQHandler                      0x08001793   Thumb Code     0  startup_stm32f10x_hd.o(.text)
    RTC_IRQHandler                           0x08001793   Thumb Code     0  startup_stm32f10x_hd.o(.text)
    SDIO_IRQHandler                          0x08001793   Thumb Code     0  startup_stm32f10x_hd.o(.text)
    SPI1_IRQHandler                          0x08001793   Thumb Code     0  startup_stm32f10x_hd.o(.text)
    SPI2_IRQHandler                          0x08001793   Thumb Code     0  startup_stm32f10x_hd.o(.text)
    SPI3_IRQHandler                          0x08001793   Thumb Code     0  startup_stm32f10x_hd.o(.text)
    TAMPER_IRQHandler                        0x08001793   Thumb Code     0  startup_stm32f10x_hd.o(.text)
    TIM1_BRK_IRQHandler                      0x08001793   Thumb Code     0  startup_stm32f10x_hd.o(.text)
    TIM1_CC_IRQHandler                       0x08001793   Thumb Code     0  startup_stm32f10x_hd.o(.text)
    TIM1_TRG_COM_IRQHandler                  0x08001793   Thumb Code     0  startup_stm32f10x_hd.o(.text)
    TIM4_IRQHandler                          0x08001793   Thumb Code     0  startup_stm32f10x_hd.o(.text)
    TIM5_IRQHandler                          0x08001793   Thumb Code     0  startup_stm32f10x_hd.o(.text)
    TIM6_IRQHandler                          0x08001793   Thumb Code     0  startup_stm32f10x_hd.o(.text)
    TIM7_IRQHandler                          0x08001793   Thumb Code     0  startup_stm32f10x_hd.o(.text)
    TIM8_BRK_IRQHandler                      0x08001793   Thumb Code     0  startup_stm32f10x_hd.o(.text)
    TIM8_CC_IRQHandler                       0x08001793   Thumb Code     0  startup_stm32f10x_hd.o(.text)
    TIM8_TRG_COM_IRQHandler                  0x08001793   Thumb Code     0  startup_stm32f10x_hd.o(.text)
    TIM8_UP_IRQHandler                       0x08001793   Thumb Code     0  startup_stm32f10x_hd.o(.text)
    UART4_IRQHandler                         0x08001793   Thumb Code     0  startup_stm32f10x_hd.o(.text)
    UART5_IRQHandler                         0x08001793   Thumb Code     0  startup_stm32f10x_hd.o(.text)
    USBWakeUp_IRQHandler                     0x08001793   Thumb Code     0  startup_stm32f10x_hd.o(.text)
    USB_HP_CAN1_TX_IRQHandler                0x08001793   Thumb Code     0  startup_stm32f10x_hd.o(.text)
    USB_LP_CAN1_RX0_IRQHandler               0x08001793   Thumb Code     0  startup_stm32f10x_hd.o(.text)
    WWDG_IRQHandler                          0x08001793   Thumb Code     0  startup_stm32f10x_hd.o(.text)
    __user_initial_stackheap                 0x08001795   Thumb Code     0  startup_stm32f10x_hd.o(.text)
    tb_delay_init                            0x080017b9   Thumb Code     2  z_delay.o(.text)
    tb_delay                                 0x080017bb   Thumb Code     8  z_delay.o(.text)
    tb_delay_ns                              0x080017c3   Thumb Code     8  z_delay.o(.text)
    tb_delay_us                              0x080017cb   Thumb Code    18  z_delay.o(.text)
    tb_delay_ms                              0x080017dd   Thumb Code    24  z_delay.o(.text)
    tb_gpio_init                             0x080017f5   Thumb Code    22  z_gpio.o(.text)
    nled_init                                0x0800180b   Thumb Code    40  z_gpio.o(.text)
    gpioB_pin_set                            0x08001833   Thumb Code    20  z_gpio.o(.text)
    nled_switch                              0x08001847   Thumb Code    28  z_gpio.o(.text)
    beep_init                                0x08001863   Thumb Code    38  z_gpio.o(.text)
    beep_times                               0x08001889   Thumb Code    62  z_gpio.o(.text)
    gpioA_pin_set                            0x080018c7   Thumb Code    20  z_gpio.o(.text)
    gpioC_pin_set                            0x080018db   Thumb Code    20  z_gpio.o(.text)
    dj_io_init                               0x080018ef   Thumb Code    64  z_gpio.o(.text)
    dj_io_set                                0x0800192f   Thumb Code    40  z_gpio.o(.text)
    sensor_init                              0x08001957   Thumb Code    52  z_gpio.o(.text)
    beep_on_times                            0x0800198b   Thumb Code    46  z_gpio.o(.text)
    tb_rcc_init                              0x080019cd   Thumb Code    86  z_rcc.o(.text)
    IWDG_Init                                0x08001a25   Thumb Code    36  z_timer.o(.text)
    _abs                                     0x08001a49   Thumb Code    12  z_timer.o(.text)
    SysTick_Int_Init                         0x08001a55   Thumb Code    22  z_timer.o(.text)
    SysTick_Handler                          0x08001a6b   Thumb Code    20  z_timer.o(.text)
    millis                                   0x08001a7f   Thumb Code     6  z_timer.o(.text)
    TIM1_Int_Init                            0x08001a85   Thumb Code   102  z_timer.o(.text)
    TIM2_Int_Init                            0x08001aeb   Thumb Code   100  z_timer.o(.text)
    TIM3_Int_Init                            0x08001b4f   Thumb Code    98  z_timer.o(.text)
    TIM3_Pwm_Init                            0x08001bb1   Thumb Code   144  z_timer.o(.text)
    TIM4_Pwm_Init                            0x08001c41   Thumb Code   146  z_timer.o(.text)
    abs_float                                0x08001cd3   Thumb Code    12  z_timer.o(.text)
    duoji_inc_handle                         0x08001cdf   Thumb Code    96  z_timer.o(.text)
    TIM2_IRQHandler                          0x08001d3f   Thumb Code   112  z_timer.o(.text)
    TIM3_IRQHandler                          0x08001daf   Thumb Code    30  z_timer.o(.text)
    timer1_ir_init                           0x08001dcd   Thumb Code   232  z_timer.o(.text)
    TIM1_UP_IRQHandler                       0x08001eb5   Thumb Code    72  z_timer.o(.text)
    tb_usart3_init                           0x08001f05   Thumb Code   158  z_usart.o(.text)
    tb_usart2_init                           0x08001fa3   Thumb Code   162  z_usart.o(.text)
    tb_usart1_init                           0x08002045   Thumb Code   188  z_usart.o(.text)
    tb_usart_init                            0x08002101   Thumb Code    62  z_usart.o(.text)
    tb_usart1_send_byte                      0x0800213f   Thumb Code     8  z_usart.o(.text)
    tb_usart1_send_nbyte                     0x08002147   Thumb Code    46  z_usart.o(.text)
    tb_usart1_send_str                       0x08002175   Thumb Code    36  z_usart.o(.text)
    tb_usart2_send_byte                      0x08002199   Thumb Code     8  z_usart.o(.text)
    tb_usart2_send_nbyte                     0x080021a1   Thumb Code    44  z_usart.o(.text)
    tb_usart2_send_str                       0x080021cd   Thumb Code    36  z_usart.o(.text)
    tb_usart3_send_byte                      0x080021f1   Thumb Code     8  z_usart.o(.text)
    tb_usart3_send_nbyte                     0x080021f9   Thumb Code    44  z_usart.o(.text)
    tb_usart3_send_str                       0x08002225   Thumb Code    36  z_usart.o(.text)
    USART1_IRQHandler                        0x08002249   Thumb Code   172  z_usart.o(.text)
    USART2_IRQHandler                        0x080022f5   Thumb Code   202  z_usart.o(.text)
    USART3_IRQHandler                        0x080023bf   Thumb Code   172  z_usart.o(.text)
    uart1_send_str                           0x0800246b   Thumb Code     2  z_usart.o(.text)
    uart1_send_nbyte                         0x0800246d   Thumb Code     2  z_usart.o(.text)
    uart1_send_byte                          0x0800246f   Thumb Code     2  z_usart.o(.text)
    uart2_send_str                           0x08002471   Thumb Code     2  z_usart.o(.text)
    uart2_send_nbyte                         0x08002473   Thumb Code     2  z_usart.o(.text)
    uart2_send_byte                          0x08002475   Thumb Code     2  z_usart.o(.text)
    zx_uart_send_str                         0x08002477   Thumb Code    28  z_usart.o(.text)
    uart3_send_str                           0x08002493   Thumb Code     2  z_usart.o(.text)
    uart3_send_nbyte                         0x08002495   Thumb Code     2  z_usart.o(.text)
    uart3_send_byte                          0x08002497   Thumb Code     2  z_usart.o(.text)
    tb_global_init                           0x080024ad   Thumb Code    36  z_global.o(.text)
    str_contain_str                          0x080024d1   Thumb Code    64  z_global.o(.text)
    selection_sort                           0x08002511   Thumb Code    64  z_global.o(.text)
    abs_int                                  0x08002551   Thumb Code     8  z_global.o(.text)
    car_run                                  0x08002561   Thumb Code    44  z_main.o(.text)
    execute_direction                        0x0800258d   Thumb Code   120  z_main.o(.text)
    get_direction_from_str                   0x08002605   Thumb Code    38  z_main.o(.text)
    ultra_distance                           0x0800262b   Thumb Code    64  z_main.o(.text)
    avoid_system                             0x0800266b   Thumb Code   136  z_main.o(.text)
    parse_cmd                                0x080026f3   Thumb Code   162  z_main.o(.text)
    loop_uart                                0x08002795   Thumb Code    70  z_main.o(.text)
    loop_nled                                0x080027db   Thumb Code    48  z_main.o(.text)
    setup_interrupt                          0x0800280b   Thumb Code     4  z_main.o(.text)
    setup_systick                            0x0800280f   Thumb Code     4  z_main.o(.text)
    setup_uart3                              0x08002813   Thumb Code    38  z_main.o(.text)
    setup_uart1                              0x08002839   Thumb Code    32  z_main.o(.text)
    setup_beep                               0x08002859   Thumb Code    18  z_main.o(.text)
    setup_nled                               0x0800286b   Thumb Code    18  z_main.o(.text)
    setup_gpio                               0x0800287d   Thumb Code     4  z_main.o(.text)
    setup_rcc                                0x08002881   Thumb Code     4  z_main.o(.text)
    main                                     0x08002885   Thumb Code    80  z_main.o(.text)
    setup_uart2                              0x080028d5   Thumb Code    32  z_main.o(.text)
    setup_start                              0x080028f5   Thumb Code   438  z_main.o(.text)
    soft_reset                               0x08002aab   Thumb Code    26  z_main.o(.text)
    setup_csb                                0x08002acd   Thumb Code   104  z_sensor.o(.text)
    setup_xunji                              0x08002b35   Thumb Code    32  z_sensor.o(.text)
    setup_sensor                             0x08002b55   Thumb Code    12  z_sensor.o(.text)
    csb_Delay_Us                             0x08002b61   Thumb Code    24  z_sensor.o(.text)
    get_csb_value                            0x08002b79   Thumb Code   224  z_sensor.o(.text)
    dingju_gensui                            0x08002c59   Thumb Code    86  z_sensor.o(.text)
    ziyou_bizhang                            0x08002caf   Thumb Code   164  z_sensor.o(.text)
    __rt_ctype_table                         0x08002d7d   Thumb Code    16  rt_ctype_table.o(.text)
    __2sprintf                               0x08002d8d   Thumb Code    34  noretval__2sprintf.o(.text)
    _printf_pre_padding                      0x08002db5   Thumb Code    44  _printf_pad.o(.text)
    _printf_post_padding                     0x08002de1   Thumb Code    34  _printf_pad.o(.text)
    _printf_str                              0x08002e03   Thumb Code    82  _printf_str.o(.text)
    _printf_int_dec                          0x08002e55   Thumb Code   104  _printf_dec.o(.text)
    __printf                                 0x08002ecd   Thumb Code   308  __printf_flags_wp.o(.text)
    atoi                                     0x08003005   Thumb Code    26  atoi.o(.text)
    __aeabi_memclr4                          0x0800301f   Thumb Code     0  rt_memclr_w.o(.text)
    __aeabi_memclr8                          0x0800301f   Thumb Code     0  rt_memclr_w.o(.text)
    __rt_memclr_w                            0x0800301f   Thumb Code    78  rt_memclr_w.o(.text)
    _memset_w                                0x08003023   Thumb Code     0  rt_memclr_w.o(.text)
    strcmp                                   0x0800306d   Thumb Code   128  strcmpv7m.o(.text)
    __use_two_region_memory                  0x080030ed   Thumb Code     2  heapauxi.o(.text)
    __rt_heap_escrow$2region                 0x080030ef   Thumb Code     2  heapauxi.o(.text)
    __rt_heap_expand$2region                 0x080030f1   Thumb Code     2  heapauxi.o(.text)
    __rt_locale                              0x080030f5   Thumb Code     8  rt_locale_intlibspace.o(.text)
    __aeabi_errno_addr                       0x080030fd   Thumb Code     8  rt_errno_addr_intlibspace.o(.text)
    __errno$intlibspace                      0x080030fd   Thumb Code     0  rt_errno_addr_intlibspace.o(.text)
    __rt_errno_addr$intlibspace              0x080030fd   Thumb Code     0  rt_errno_addr_intlibspace.o(.text)
    _printf_int_common                       0x08003105   Thumb Code   178  _printf_intcommon.o(.text)
    _printf_char_common                      0x080031c3   Thumb Code    32  _printf_char_common.o(.text)
    _sputc                                   0x080031e9   Thumb Code    10  _sputc.o(.text)
    _printf_cs_common                        0x080031f3   Thumb Code    20  _printf_char.o(.text)
    _printf_char                             0x08003207   Thumb Code    16  _printf_char.o(.text)
    _printf_string                           0x08003217   Thumb Code     8  _printf_char.o(.text)
    strtol                                   0x0800321f   Thumb Code   112  strtol.o(.text)
    __user_libspace                          0x08003291   Thumb Code     8  libspace.o(.text)
    __user_perproc_libspace                  0x08003291   Thumb Code     0  libspace.o(.text)
    __user_perthread_libspace                0x08003291   Thumb Code     0  libspace.o(.text)
    _strtoul                                 0x08003299   Thumb Code   158  _strtoul.o(.text)
    __user_setup_stackheap                   0x08003337   Thumb Code    74  sys_stackheap_outer.o(.text)
    _chval                                   0x08003381   Thumb Code    28  _chval.o(.text)
    exit                                     0x0800339d   Thumb Code    18  exit.o(.text)
    _sys_exit                                0x080033b1   Thumb Code     8  sys_exit.o(.text)
    __I$use$semihosting                      0x080033bd   Thumb Code     0  use_no_semi.o(.text)
    __use_no_semihosting_swi                 0x080033bd   Thumb Code     2  use_no_semi.o(.text)
    __semihosting_library_function           0x080033bf   Thumb Code     0  indicate_semi.o(.text)
    _is_digit                                0x080033bf   Thumb Code    14  __printf_wp.o(i._is_digit)
    _get_lc_ctype                            0x080033cd   Thumb Code    44  lc_ctype_c.o(locale$$code)
    __aeabi_fadd                             0x080033f9   Thumb Code     0  faddsub_clz.o(x$fpl$fadd)
    _fadd                                    0x080033f9   Thumb Code   196  faddsub_clz.o(x$fpl$fadd)
    __fpl_fcheck_NaN1                        0x080034bd   Thumb Code     6  fcheck1.o(x$fpl$fcheck1)
    __fpl_fcmp_Inf                           0x080034c9   Thumb Code    24  fcmpi.o(x$fpl$fcmpinf)
    __aeabi_f2iz                             0x080034e1   Thumb Code     0  ffix.o(x$fpl$ffix)
    _ffix                                    0x080034e1   Thumb Code    54  ffix.o(x$fpl$ffix)
    __aeabi_f2uiz                            0x08003519   Thumb Code     0  ffixu.o(x$fpl$ffixu)
    _ffixu                                   0x08003519   Thumb Code    62  ffixu.o(x$fpl$ffixu)
    __aeabi_i2f                              0x08003559   Thumb Code     0  fflt_clz.o(x$fpl$fflt)
    _fflt                                    0x08003559   Thumb Code    48  fflt_clz.o(x$fpl$fflt)
    __aeabi_ui2f                             0x08003589   Thumb Code     0  fflt_clz.o(x$fpl$ffltu)
    _ffltu                                   0x08003589   Thumb Code    38  fflt_clz.o(x$fpl$ffltu)
    __aeabi_cfcmple                          0x080035b1   Thumb Code     0  fleqf.o(x$fpl$fleqf)
    _fcmple                                  0x080035b1   Thumb Code   104  fleqf.o(x$fpl$fleqf)
    __fpl_fcmple_InfNaN                      0x08003603   Thumb Code     0  fleqf.o(x$fpl$fleqf)
    __aeabi_fmul                             0x08003619   Thumb Code     0  fmul.o(x$fpl$fmul)
    _fmul                                    0x08003619   Thumb Code   258  fmul.o(x$fpl$fmul)
    __fpl_fnaninf                            0x0800371b   Thumb Code   140  fnaninf.o(x$fpl$fnaninf)
    __fpl_fretinf                            0x080037a7   Thumb Code    10  fretinf.o(x$fpl$fretinf)
    __aeabi_fsub                             0x080037b1   Thumb Code     0  faddsub_clz.o(x$fpl$fsub)
    _fsub                                    0x080037b1   Thumb Code   234  faddsub_clz.o(x$fpl$fsub)
    __fpl_return_NaN                         0x0800389b   Thumb Code   100  retnan.o(x$fpl$retnan)
    __ARM_scalbnf                            0x080038ff   Thumb Code    76  scalbnf.o(x$fpl$scalbnf)
    __fpl_cmpreturn                          0x0800394b   Thumb Code    48  trapv.o(x$fpl$trapveneer)
    __I$use$fp                               0x0800397a   Number         0  usenofp.o(x$fpl$usenofp)
    directionTable                           0x0800397c   Data          88  z_main.o(.constdata)
    Region$$Table$$Base                      0x08003a54   Number         0  anon$$obj.o(Region$$Table)
    Region$$Table$$Limit                     0x08003a74   Number         0  anon$$obj.o(Region$$Table)
    __ctype                                  0x08003a81   Data           0  lc_ctype_c.o(locale$$data)
    SystemCoreClock                          0x20000000   Data           4  system_stm32f10x.o(.data)
    AHBPrescTable                            0x20000004   Data          16  system_stm32f10x.o(.data)
    ir_start                                 0x2000002c   Data           1  z_timer.o(.data)
    ir_start_flag                            0x2000002d   Data           1  z_timer.o(.data)
    ir_repeat                                0x2000002e   Data           1  z_timer.o(.data)
    ir_repeat_flag                           0x2000002f   Data           1  z_timer.o(.data)
    ir_end_flag                              0x20000030   Data           1  z_timer.o(.data)
    ir_time_flag                             0x20000031   Data           1  z_timer.o(.data)
    ir_data_count                            0x20000032   Data           1  z_timer.o(.data)
    systick_ms                               0x20000038   Data           4  z_timer.o(.data)
    uart1_get_ok                             0x20000042   Data           1  z_global.o(.data)
    uart1_mode                               0x20000043   Data           1  z_global.o(.data)
    main_direction                           0x20000044   Data           1  z_main.o(.data)
    ultra_left                               0x20000046   Data           2  z_main.o(.data)
    ultra_front                              0x20000048   Data           2  z_main.o(.data)
    ultra_right                              0x2000004a   Data           2  z_main.o(.data)
    ultra_back                               0x2000004c   Data           2  z_main.o(.data)
    main_distance                            0x2000004e   Data           2  z_main.o(.data)
    trig_pins                                0x2000005c   Data          10  z_sensor.o(.data)
    echo_pins                                0x20000066   Data          10  z_sensor.o(.data)
    trig_ports                               0x20000070   Data          20  z_sensor.o(.data)
    echo_ports                               0x20000084   Data          20  z_sensor.o(.data)
    duoji_doing                              0x20000098   Data         128  z_global.o(.bss)
    cmd_return                               0x20000118   Data        1024  z_global.o(.bss)
    uart_receive_buf                         0x20000518   Data        1024  z_global.o(.bss)
    __libspace_start                         0x20000918   Data          96  libspace.o(.bss)
    __temporary_stack_top$libspace           0x20000978   Data           0  libspace.o(.bss)



==============================================================================

Memory Map of the image

  Image Entry point : 0x08000131

  Load Region LR_IROM1 (Base: 0x08000000, Size: 0x00003c1c, Max: 0x00010000, ABSOLUTE)

    Execution Region ER_IROM1 (Exec base: 0x08000000, Load base: 0x08000000, Size: 0x00003b84, Max: 0x00010000, ABSOLUTE)

    Exec Addr    Load Addr    Size         Type   Attr      Idx    E Section Name        Object

    0x08000000   0x08000000   0x00000130   Data   RO          296    RESET               startup_stm32f10x_hd.o
    0x08000130   0x08000130   0x00000008   Code   RO          490  * !!!main             c_w.l(__main.o)
    0x08000138   0x08000138   0x00000034   Code   RO          718    !!!scatter          c_w.l(__scatter.o)
    0x0800016c   0x0800016c   0x0000001a   Code   RO          720    !!handler_copy      c_w.l(__scatter_copy.o)
    0x08000186   0x08000186   0x00000002   PAD
    0x08000188   0x08000188   0x0000001c   Code   RO          722    !!handler_zi        c_w.l(__scatter_zi.o)
    0x080001a4   0x080001a4   0x00000000   Code   RO          481    .ARM.Collect$$_printf_percent$$00000000  c_w.l(_printf_percent.o)
    0x080001a4   0x080001a4   0x00000006   Code   RO          480    .ARM.Collect$$_printf_percent$$00000009  c_w.l(_printf_d.o)
    0x080001aa   0x080001aa   0x00000006   Code   RO          479    .ARM.Collect$$_printf_percent$$00000014  c_w.l(_printf_s.o)
    0x080001b0   0x080001b0   0x00000004   Code   RO          537    .ARM.Collect$$_printf_percent$$00000017  c_w.l(_printf_percent_end.o)
    0x080001b4   0x080001b4   0x00000002   Code   RO          634    .ARM.Collect$$libinit$$00000000  c_w.l(libinit.o)
    0x080001b6   0x080001b6   0x00000000   Code   RO          575    .ARM.Collect$$libinit$$00000002  c_w.l(libinit2.o)
    0x080001b6   0x080001b6   0x00000000   Code   RO          577    .ARM.Collect$$libinit$$00000004  c_w.l(libinit2.o)
    0x080001b6   0x080001b6   0x00000000   Code   RO          580    .ARM.Collect$$libinit$$0000000A  c_w.l(libinit2.o)
    0x080001b6   0x080001b6   0x00000000   Code   RO          582    .ARM.Collect$$libinit$$0000000C  c_w.l(libinit2.o)
    0x080001b6   0x080001b6   0x00000000   Code   RO          584    .ARM.Collect$$libinit$$0000000E  c_w.l(libinit2.o)
    0x080001b6   0x080001b6   0x00000006   Code   RO          585    .ARM.Collect$$libinit$$0000000F  c_w.l(libinit2.o)
    0x080001bc   0x080001bc   0x00000000   Code   RO          587    .ARM.Collect$$libinit$$00000011  c_w.l(libinit2.o)
    0x080001bc   0x080001bc   0x0000000c   Code   RO          588    .ARM.Collect$$libinit$$00000012  c_w.l(libinit2.o)
    0x080001c8   0x080001c8   0x00000000   Code   RO          589    .ARM.Collect$$libinit$$00000013  c_w.l(libinit2.o)
    0x080001c8   0x080001c8   0x00000000   Code   RO          591    .ARM.Collect$$libinit$$00000015  c_w.l(libinit2.o)
    0x080001c8   0x080001c8   0x00000000   Code   RO          593    .ARM.Collect$$libinit$$00000017  c_w.l(libinit2.o)
    0x080001c8   0x080001c8   0x00000000   Code   RO          595    .ARM.Collect$$libinit$$00000019  c_w.l(libinit2.o)
    0x080001c8   0x080001c8   0x00000000   Code   RO          597    .ARM.Collect$$libinit$$0000001B  c_w.l(libinit2.o)
    0x080001c8   0x080001c8   0x00000000   Code   RO          599    .ARM.Collect$$libinit$$0000001D  c_w.l(libinit2.o)
    0x080001c8   0x080001c8   0x00000000   Code   RO          601    .ARM.Collect$$libinit$$0000001F  c_w.l(libinit2.o)
    0x080001c8   0x080001c8   0x00000000   Code   RO          603    .ARM.Collect$$libinit$$00000021  c_w.l(libinit2.o)
    0x080001c8   0x080001c8   0x00000000   Code   RO          605    .ARM.Collect$$libinit$$00000023  c_w.l(libinit2.o)
    0x080001c8   0x080001c8   0x00000000   Code   RO          607    .ARM.Collect$$libinit$$00000025  c_w.l(libinit2.o)
    0x080001c8   0x080001c8   0x00000000   Code   RO          611    .ARM.Collect$$libinit$$0000002C  c_w.l(libinit2.o)
    0x080001c8   0x080001c8   0x00000000   Code   RO          613    .ARM.Collect$$libinit$$0000002E  c_w.l(libinit2.o)
    0x080001c8   0x080001c8   0x00000000   Code   RO          615    .ARM.Collect$$libinit$$00000030  c_w.l(libinit2.o)
    0x080001c8   0x080001c8   0x00000000   Code   RO          617    .ARM.Collect$$libinit$$00000032  c_w.l(libinit2.o)
    0x080001c8   0x080001c8   0x00000002   Code   RO          618    .ARM.Collect$$libinit$$00000033  c_w.l(libinit2.o)
    0x080001ca   0x080001ca   0x00000002   Code   RO          673    .ARM.Collect$$libshutdown$$00000000  c_w.l(libshutdown.o)
    0x080001cc   0x080001cc   0x00000000   Code   RO          679    .ARM.Collect$$libshutdown$$00000002  c_w.l(libshutdown2.o)
    0x080001cc   0x080001cc   0x00000000   Code   RO          681    .ARM.Collect$$libshutdown$$00000004  c_w.l(libshutdown2.o)
    0x080001cc   0x080001cc   0x00000000   Code   RO          683    .ARM.Collect$$libshutdown$$00000006  c_w.l(libshutdown2.o)
    0x080001cc   0x080001cc   0x00000000   Code   RO          686    .ARM.Collect$$libshutdown$$00000009  c_w.l(libshutdown2.o)
    0x080001cc   0x080001cc   0x00000000   Code   RO          689    .ARM.Collect$$libshutdown$$0000000C  c_w.l(libshutdown2.o)
    0x080001cc   0x080001cc   0x00000000   Code   RO          691    .ARM.Collect$$libshutdown$$0000000E  c_w.l(libshutdown2.o)
    0x080001cc   0x080001cc   0x00000000   Code   RO          694    .ARM.Collect$$libshutdown$$00000011  c_w.l(libshutdown2.o)
    0x080001cc   0x080001cc   0x00000002   Code   RO          695    .ARM.Collect$$libshutdown$$00000012  c_w.l(libshutdown2.o)
    0x080001ce   0x080001ce   0x00000000   Code   RO          518    .ARM.Collect$$rtentry$$00000000  c_w.l(__rtentry.o)
    0x080001ce   0x080001ce   0x00000000   Code   RO          556    .ARM.Collect$$rtentry$$00000002  c_w.l(__rtentry2.o)
    0x080001ce   0x080001ce   0x00000006   Code   RO          568    .ARM.Collect$$rtentry$$00000004  c_w.l(__rtentry4.o)
    0x080001d4   0x080001d4   0x00000000   Code   RO          558    .ARM.Collect$$rtentry$$00000009  c_w.l(__rtentry2.o)
    0x080001d4   0x080001d4   0x00000004   Code   RO          559    .ARM.Collect$$rtentry$$0000000A  c_w.l(__rtentry2.o)
    0x080001d8   0x080001d8   0x00000000   Code   RO          561    .ARM.Collect$$rtentry$$0000000C  c_w.l(__rtentry2.o)
    0x080001d8   0x080001d8   0x00000008   Code   RO          562    .ARM.Collect$$rtentry$$0000000D  c_w.l(__rtentry2.o)
    0x080001e0   0x080001e0   0x00000002   Code   RO          639    .ARM.Collect$$rtexit$$00000000  c_w.l(rtexit.o)
    0x080001e2   0x080001e2   0x00000000   Code   RO          648    .ARM.Collect$$rtexit$$00000002  c_w.l(rtexit2.o)
    0x080001e2   0x080001e2   0x00000004   Code   RO          649    .ARM.Collect$$rtexit$$00000003  c_w.l(rtexit2.o)
    0x080001e6   0x080001e6   0x00000006   Code   RO          650    .ARM.Collect$$rtexit$$00000004  c_w.l(rtexit2.o)
    0x080001ec   0x080001ec   0x00000010   Code   RO            1    .text               stm32f10x_it.o
    0x080001fc   0x080001fc   0x00000154   Code   RO          125    .text               system_stm32f10x.o
    0x08000350   0x08000350   0x0000026c   Code   RO          143    .text               stm32f10x_gpio.o
    0x080005bc   0x080005bc   0x000002b4   Code   RO          155    .text               stm32f10x_rcc.o
    0x08000870   0x08000870   0x000000b0   Code   RO          169    .text               misc.o
    0x08000920   0x08000920   0x00000328   Code   RO          181    .text               stm32f10x_usart.o
    0x08000c48   0x08000c48   0x00000af4   Code   RO          205    .text               stm32f10x_tim.o
    0x0800173c   0x0800173c   0x0000003c   Code   RO          267    .text               stm32f10x_iwdg.o
    0x08001778   0x08001778   0x00000040   Code   RO          297    .text               startup_stm32f10x_hd.o
    0x080017b8   0x080017b8   0x0000003c   Code   RO          301    .text               z_delay.o
    0x080017f4   0x080017f4   0x000001d8   Code   RO          314    .text               z_gpio.o
    0x080019cc   0x080019cc   0x00000056   Code   RO          331    .text               z_rcc.o
    0x08001a22   0x08001a22   0x00000002   PAD
    0x08001a24   0x08001a24   0x000004e0   Code   RO          343    .text               z_timer.o
    0x08001f04   0x08001f04   0x000005a8   Code   RO          359    .text               z_usart.o
    0x080024ac   0x080024ac   0x000000b4   Code   RO          373    .text               z_global.o
    0x08002560   0x08002560   0x0000056c   Code   RO          399    .text               z_main.o
    0x08002acc   0x08002acc   0x000002b0   Code   RO          424    .text               z_sensor.o
    0x08002d7c   0x08002d7c   0x00000010   Code   RO          445    .text               c_w.l(rt_ctype_table.o)
    0x08002d8c   0x08002d8c   0x00000028   Code   RO          449    .text               c_w.l(noretval__2sprintf.o)
    0x08002db4   0x08002db4   0x0000004e   Code   RO          453    .text               c_w.l(_printf_pad.o)
    0x08002e02   0x08002e02   0x00000052   Code   RO          455    .text               c_w.l(_printf_str.o)
    0x08002e54   0x08002e54   0x00000078   Code   RO          457    .text               c_w.l(_printf_dec.o)
    0x08002ecc   0x08002ecc   0x00000138   Code   RO          471    .text               c_w.l(__printf_flags_wp.o)
    0x08003004   0x08003004   0x0000001a   Code   RO          482    .text               c_w.l(atoi.o)
    0x0800301e   0x0800301e   0x0000004e   Code   RO          484    .text               c_w.l(rt_memclr_w.o)
    0x0800306c   0x0800306c   0x00000080   Code   RO          486    .text               c_w.l(strcmpv7m.o)
    0x080030ec   0x080030ec   0x00000006   Code   RO          488    .text               c_w.l(heapauxi.o)
    0x080030f2   0x080030f2   0x00000002   PAD
    0x080030f4   0x080030f4   0x00000008   Code   RO          522    .text               c_w.l(rt_locale_intlibspace.o)
    0x080030fc   0x080030fc   0x00000008   Code   RO          527    .text               c_w.l(rt_errno_addr_intlibspace.o)
    0x08003104   0x08003104   0x000000b2   Code   RO          529    .text               c_w.l(_printf_intcommon.o)
    0x080031b6   0x080031b6   0x00000002   PAD
    0x080031b8   0x080031b8   0x00000030   Code   RO          531    .text               c_w.l(_printf_char_common.o)
    0x080031e8   0x080031e8   0x0000000a   Code   RO          533    .text               c_w.l(_sputc.o)
    0x080031f2   0x080031f2   0x0000002c   Code   RO          535    .text               c_w.l(_printf_char.o)
    0x0800321e   0x0800321e   0x00000070   Code   RO          538    .text               c_w.l(strtol.o)
    0x0800328e   0x0800328e   0x00000002   PAD
    0x08003290   0x08003290   0x00000008   Code   RO          552    .text               c_w.l(libspace.o)
    0x08003298   0x08003298   0x0000009e   Code   RO          572    .text               c_w.l(_strtoul.o)
    0x08003336   0x08003336   0x0000004a   Code   RO          621    .text               c_w.l(sys_stackheap_outer.o)
    0x08003380   0x08003380   0x0000001c   Code   RO          623    .text               c_w.l(_chval.o)
    0x0800339c   0x0800339c   0x00000012   Code   RO          625    .text               c_w.l(exit.o)
    0x080033ae   0x080033ae   0x00000002   PAD
    0x080033b0   0x080033b0   0x0000000c   Code   RO          660    .text               c_w.l(sys_exit.o)
    0x080033bc   0x080033bc   0x00000002   Code   RO          662    .text               c_w.l(use_no_semi.o)
    0x080033be   0x080033be   0x00000000   Code   RO          664    .text               c_w.l(indicate_semi.o)
    0x080033be   0x080033be   0x0000000e   Code   RO          469    i._is_digit         c_w.l(__printf_wp.o)
    0x080033cc   0x080033cc   0x0000002c   Code   RO          541    locale$$code        c_w.l(lc_ctype_c.o)
    0x080033f8   0x080033f8   0x000000c4   Code   RO          492    x$fpl$fadd          fz_ws.l(faddsub_clz.o)
    0x080034bc   0x080034bc   0x0000000c   Code   RO          543    x$fpl$fcheck1       fz_ws.l(fcheck1.o)
    0x080034c8   0x080034c8   0x00000018   Code   RO          545    x$fpl$fcmpinf       fz_ws.l(fcmpi.o)
    0x080034e0   0x080034e0   0x00000036   Code   RO          498    x$fpl$ffix          fz_ws.l(ffix.o)
    0x08003516   0x08003516   0x00000002   PAD
    0x08003518   0x08003518   0x0000003e   Code   RO          502    x$fpl$ffixu         fz_ws.l(ffixu.o)
    0x08003556   0x08003556   0x00000002   PAD
    0x08003558   0x08003558   0x00000030   Code   RO          507    x$fpl$fflt          fz_ws.l(fflt_clz.o)
    0x08003588   0x08003588   0x00000026   Code   RO          506    x$fpl$ffltu         fz_ws.l(fflt_clz.o)
    0x080035ae   0x080035ae   0x00000002   PAD
    0x080035b0   0x080035b0   0x00000068   Code   RO          512    x$fpl$fleqf         fz_ws.l(fleqf.o)
    0x08003618   0x08003618   0x00000102   Code   RO          514    x$fpl$fmul          fz_ws.l(fmul.o)
    0x0800371a   0x0800371a   0x0000008c   Code   RO          547    x$fpl$fnaninf       fz_ws.l(fnaninf.o)
    0x080037a6   0x080037a6   0x0000000a   Code   RO          549    x$fpl$fretinf       fz_ws.l(fretinf.o)
    0x080037b0   0x080037b0   0x000000ea   Code   RO          494    x$fpl$fsub          fz_ws.l(faddsub_clz.o)
    0x0800389a   0x0800389a   0x00000064   Code   RO          619    x$fpl$retnan        fz_ws.l(retnan.o)
    0x080038fe   0x080038fe   0x0000004c   Code   RO          516    x$fpl$scalbnf       fz_ws.l(scalbnf.o)
    0x0800394a   0x0800394a   0x00000030   Code   RO          637    x$fpl$trapveneer    fz_ws.l(trapv.o)
    0x0800397a   0x0800397a   0x00000000   Code   RO          551    x$fpl$usenofp       fz_ws.l(usenofp.o)
    0x0800397a   0x0800397a   0x00000002   PAD
    0x0800397c   0x0800397c   0x00000058   Data   RO          400    .constdata          z_main.o
    0x080039d4   0x080039d4   0x00000011   Data   RO          472    .constdata          c_w.l(__printf_flags_wp.o)
    0x080039e5   0x080039e5   0x00000003   PAD
    0x080039e8   0x080039e8   0x0000006a   Data   RO          401    .conststring        z_main.o
    0x08003a52   0x08003a52   0x00000002   PAD
    0x08003a54   0x08003a54   0x00000020   Data   RO          716    Region$$Table       anon$$obj.o
    0x08003a74   0x08003a74   0x00000110   Data   RO          540    locale$$data        c_w.l(lc_ctype_c.o)


    Execution Region RW_IRAM1 (Exec base: 0x20000000, Load base: 0x08003b84, Size: 0x00000f78, Max: 0x00005000, ABSOLUTE)

    Exec Addr    Load Addr    Size         Type   Attr      Idx    E Section Name        Object

    0x20000000   0x08003b84   0x00000014   Data   RW          126    .data               system_stm32f10x.o
    0x20000014   0x08003b98   0x00000014   Data   RW          156    .data               stm32f10x_rcc.o
    0x20000028   0x08003bac   0x00000001   Data   RW          315    .data               z_gpio.o
    0x20000029   0x08003bad   0x00000003   PAD
    0x2000002c   0x08003bb0   0x00000010   Data   RW          344    .data               z_timer.o
    0x2000003c   0x08003bc0   0x00000006   Data   RW          360    .data               z_usart.o
    0x20000042   0x08003bc6   0x00000001   Data   RW          380    .data               z_global.o
    0x20000043   0x08003bc7   0x00000001   Data   RW          381    .data               z_global.o
    0x20000044   0x08003bc8   0x00000010   Data   RW          402    .data               z_main.o
    0x20000054   0x08003bd8   0x00000044   Data   RW          428    .data               z_sensor.o
    0x20000098        -       0x00000080   Zero   RW          374    .bss                z_global.o
    0x20000118        -       0x00000400   Zero   RW          375    .bss                z_global.o
    0x20000518        -       0x00000400   Zero   RW          376    .bss                z_global.o
    0x20000918        -       0x00000060   Zero   RW          553    .bss                c_w.l(libspace.o)
    0x20000978        -       0x00000200   Zero   RW          295    HEAP                startup_stm32f10x_hd.o
    0x20000b78        -       0x00000400   Zero   RW          294    STACK               startup_stm32f10x_hd.o


==============================================================================

Image component sizes


      Code (inc. data)   RO Data    RW Data    ZI Data      Debug   Object Name

         0          0          0          0          0         32   core_cm3.o
       176         14          0          0          0       1801   misc.o
        64         26        304          0       1536        788   startup_stm32f10x_hd.o
       620         36          0          0          0       5765   stm32f10x_gpio.o
        16          0          0          0          0     252666   stm32f10x_it.o
        60          6          0          0          0       1289   stm32f10x_iwdg.o
       692         32          0         20          0       8904   stm32f10x_rcc.o
      2804         86          0          0          0      22886   stm32f10x_tim.o
       808         22          0          0          0       8684   stm32f10x_usart.o
       340         32          0         20          0       1979   system_stm32f10x.o
        60          0          0          0          0       1455   z_delay.o
       180          8          0          2       2176       3103   z_global.o
       472         26          0          1          0       2877   z_gpio.o
      1388        318        194         16          0      21331   z_main.o
        86          0          0          0          0        518   z_rcc.o
       688         42          0         68          0       3193   z_sensor.o
      1248         42          0         16          0       5738   z_timer.o
      1448         56          0          6          0       6658   z_usart.o

    ----------------------------------------------------------------------
     11152        746        532        152       3712     349667   Object Totals
         0          0         32          0          0          0   (incl. Generated)
         2          0          2          3          0          0   (incl. Padding)

    ----------------------------------------------------------------------

      Code (inc. data)   RO Data    RW Data    ZI Data      Debug   Library Member Name

         8          0          0          0          0         68   __main.o
       312          4         17          0          0         92   __printf_flags_wp.o
        14          0          0          0          0         68   __printf_wp.o
         0          0          0          0          0          0   __rtentry.o
        12          0          0          0          0          0   __rtentry2.o
         6          0          0          0          0          0   __rtentry4.o
        52          8          0          0          0          0   __scatter.o
        26          0          0          0          0          0   __scatter_copy.o
        28          0          0          0          0          0   __scatter_zi.o
        28          0          0          0          0         68   _chval.o
        44          0          0          0          0        108   _printf_char.o
        48          6          0          0          0         96   _printf_char_common.o
         6          0          0          0          0          0   _printf_d.o
       120         16          0          0          0         92   _printf_dec.o
       178          0          0          0          0         88   _printf_intcommon.o
        78          0          0          0          0        108   _printf_pad.o
         0          0          0          0          0          0   _printf_percent.o
         4          0          0          0          0          0   _printf_percent_end.o
         6          0          0          0          0          0   _printf_s.o
        82          0          0          0          0         80   _printf_str.o
        10          0          0          0          0         68   _sputc.o
       158          0          0          0          0         92   _strtoul.o
        26          0          0          0          0         80   atoi.o
        18          0          0          0          0         80   exit.o
         6          0          0          0          0        152   heapauxi.o
         0          0          0          0          0          0   indicate_semi.o
        44         10        272          0          0         76   lc_ctype_c.o
         2          0          0          0          0          0   libinit.o
        20          0          0          0          0          0   libinit2.o
         2          0          0          0          0          0   libshutdown.o
         2          0          0          0          0          0   libshutdown2.o
         8          4          0          0         96         68   libspace.o
        40          6          0          0          0         84   noretval__2sprintf.o
        16          4          0          0          0         76   rt_ctype_table.o
         8          4          0          0          0         68   rt_errno_addr_intlibspace.o
         8          4          0          0          0         68   rt_locale_intlibspace.o
        78          0          0          0          0         80   rt_memclr_w.o
         2          0          0          0          0          0   rtexit.o
        10          0          0          0          0          0   rtexit2.o
       128          0          0          0          0         68   strcmpv7m.o
       112          0          0          0          0         88   strtol.o
        12          4          0          0          0         68   sys_exit.o
        74          0          0          0          0         80   sys_stackheap_outer.o
         2          0          0          0          0         68   use_no_semi.o
       430          8          0          0          0        168   faddsub_clz.o
        12          4          0          0          0         68   fcheck1.o
        24          0          0          0          0         68   fcmpi.o
        54          4          0          0          0         84   ffix.o
        62          4          0          0          0         84   ffixu.o
        86          0          0          0          0        136   fflt_clz.o
       104          4          0          0          0         84   fleqf.o
       258          4          0          0          0         84   fmul.o
       140          4          0          0          0         84   fnaninf.o
        10          0          0          0          0         68   fretinf.o
       100          0          0          0          0         68   retnan.o
        76          0          0          0          0         68   scalbnf.o
        48          0          0          0          0         68   trapv.o
         0          0          0          0          0          0   usenofp.o

    ----------------------------------------------------------------------
      3260        102        292          0         96       3364   Library Totals
        18          0          3          0          0          0   (incl. Padding)

    ----------------------------------------------------------------------

      Code (inc. data)   RO Data    RW Data    ZI Data      Debug   Library Name

      1838         70        289          0         96       2232   c_w.l
      1404         32          0          0          0       1132   fz_ws.l

    ----------------------------------------------------------------------
      3260        102        292          0         96       3364   Library Totals

    ----------------------------------------------------------------------

==============================================================================


      Code (inc. data)   RO Data    RW Data    ZI Data      Debug   

     14412        848        824        152       3808     349023   Grand Totals
     14412        848        824        152       3808     349023   ELF Image Totals
     14412        848        824        152          0          0   ROM Totals

==============================================================================

    Total RO  Size (Code + RO Data)                15236 (  14.88kB)
    Total RW  Size (RW Data + ZI Data)              3960 (   3.87kB)
    Total ROM Size (Code + RO Data + RW Data)      15388 (  15.03kB)

==============================================================================

