Component: ARM Compiler 5.06 update 7 (build 960) Tool: armlink [4d3601]

==============================================================================

Section Cross References

    startup_stm32f10x_md.o(STACK) refers (Special) to heapauxi.o(.text) for __use_two_region_memory
    startup_stm32f10x_md.o(HEAP) refers (Special) to heapauxi.o(.text) for __use_two_region_memory
    startup_stm32f10x_md.o(RESET) refers (Special) to heapauxi.o(.text) for __use_two_region_memory
    startup_stm32f10x_md.o(RESET) refers to startup_stm32f10x_md.o(STACK) for __initial_sp
    startup_stm32f10x_md.o(RESET) refers to startup_stm32f10x_md.o(.text) for Reset_Handler
    startup_stm32f10x_md.o(RESET) refers to stm32f10x_it.o(.text) for NMI_Handler
    startup_stm32f10x_md.o(.text) refers (Special) to heapauxi.o(.text) for __use_two_region_memory
    startup_stm32f10x_md.o(.text) refers to system_stm32f10x.o(.text) for SystemInit
    startup_stm32f10x_md.o(.text) refers to __main.o(!!!main) for __main
    startup_stm32f10x_md.o(.text) refers to startup_stm32f10x_md.o(HEAP) for Heap_Mem
    startup_stm32f10x_md.o(.text) refers to startup_stm32f10x_md.o(STACK) for Stack_Mem
    system_stm32f10x.o(.text) refers to system_stm32f10x.o(.data) for SystemCoreClock
    stm32f10x_gpio.o(.text) refers to stm32f10x_rcc.o(.text) for RCC_APB2PeriphResetCmd
    stm32f10x_rcc.o(.text) refers to stm32f10x_rcc.o(.data) for APBAHBPrescTable
    stm32f10x_tim.o(.text) refers to stm32f10x_rcc.o(.text) for RCC_APB2PeriphResetCmd
    stm32f10x_usart.o(.text) refers to stm32f10x_rcc.o(.text) for RCC_APB2PeriphResetCmd
    main.o(.text) refers to _printf_percent.o(.ARM.Collect$$_printf_percent$$00000000) for _printf_percent
    main.o(.text) refers to _printf_f.o(.ARM.Collect$$_printf_percent$$00000003) for _printf_f
    main.o(.text) refers to printf1.o(x$fpl$printf1) for _printf_fp_dec
    main.o(.text) refers to fdiv.o(x$fpl$fdiv) for __aeabi_fdiv
    main.o(.text) refers to faddsub_clz.o(x$fpl$frsb) for __aeabi_frsub
    main.o(.text) refers to fmul.o(x$fpl$fmul) for __aeabi_fmul
    main.o(.text) refers to ffixu.o(x$fpl$ffixu) for __aeabi_f2uiz
    main.o(.text) refers to stm32f10x_gpio.o(.text) for GPIO_SetBits
    main.o(.text) refers to stm32f10x_tim.o(.text) for TIM_SetCompare2
    main.o(.text) refers to f2d.o(x$fpl$f2d) for __aeabi_f2d
    main.o(.text) refers to noretval__2sprintf.o(.text) for __2sprintf
    main.o(.text) refers to usart.o(.text) for USART_SendString
    main.o(.text) refers to led.o(.text) for LED_Control
    main.o(.text) refers to lcd.o(.text) for Filter_Distance
    main.o(.text) refers to fflt_clz.o(x$fpl$fflt) for __aeabi_i2f
    main.o(.text) refers to gpio.o(.text) for GPIO_Config
    main.o(.text) refers to tim.o(.text) for TIM3_Config
    main.o(.text) refers to nvic.o(.text) for NVIC_Config
    main.o(.text) refers to dflt_clz.o(x$fpl$dflt) for __aeabi_i2d
    main.o(.text) refers to dmul.o(x$fpl$dmul) for __aeabi_dmul
    main.o(.text) refers to d2f.o(x$fpl$d2f) for __aeabi_d2f
    main.o(.text) refers to main.o(.bss) for buf
    main.o(.text) refers to main.o(.data) for Start_DisX
    main.o(.text) refers to system_stm32f10x.o(.data) for SystemCoreClock
    stm32f10x_it.o(.text) refers to stm32f10x_tim.o(.text) for TIM_GetITStatus
    stm32f10x_it.o(.text) refers to main.o(.data) for TimingDelay
    lcd.o(.text) refers to main.o(.text) for Delay_Ms
    lcd.o(.text) refers to stm32f10x_gpio.o(.text) for GPIO_Init
    lcd.o(.text) refers to stm32f10x_rcc.o(.text) for RCC_APB2PeriphClockCmd
    lcd.o(.text) refers to lcd.o(.data) for dummy
    lcd.o(.text) refers to dflt_clz.o(x$fpl$dflt) for __aeabi_i2d
    lcd.o(.text) refers to daddsub_clz.o(x$fpl$dadd) for __aeabi_dadd
    lcd.o(.text) refers to dmul.o(x$fpl$dmul) for __aeabi_dmul
    lcd.o(.text) refers to ddiv.o(x$fpl$ddiv) for __aeabi_ddiv
    lcd.o(.text) refers to cos.o(i.cos) for cos
    lcd.o(.text) refers to dflt_clz.o(x$fpl$dfltu) for __aeabi_ui2d
    lcd.o(.text) refers to dfixu.o(x$fpl$dfixu) for __aeabi_d2uiz
    lcd.o(.text) refers to sin.o(i.sin) for sin
    lcd.o(.text) refers to faddsub_clz.o(x$fpl$fadd) for __aeabi_fadd
    lcd.o(.text) refers to fdiv.o(x$fpl$fdiv) for __aeabi_fdiv
    lcd.o(.text) refers to faddsub_clz.o(x$fpl$frsb) for __aeabi_frsub
    lcd.o(.text) refers to f2d.o(x$fpl$f2d) for __aeabi_f2d
    lcd.o(.text) refers to drleqf.o(x$fpl$drleqf) for __aeabi_cdrcmple
    lcd.o(.text) refers to lcd.o(.bss) for output
    lcd.o(.text) refers to main.o(.data) for FontMartix
    nvic.o(.text) refers to misc.o(.text) for NVIC_PriorityGroupConfig
    tim.o(.text) refers to stm32f10x_rcc.o(.text) for RCC_APB1PeriphClockCmd
    tim.o(.text) refers to stm32f10x_tim.o(.text) for TIM_TimeBaseInit
    usart.o(.text) refers to stm32f10x_rcc.o(.text) for RCC_APB2PeriphClockCmd
    usart.o(.text) refers to stm32f10x_gpio.o(.text) for GPIO_Init
    usart.o(.text) refers to stm32f10x_usart.o(.text) for USART_Init
[...]
    .ARM.Collect$$libinit$$0000002C          0x080001c4   Section        0  libinit2.o(.ARM.Collect$$libinit$$0000002C)
    .ARM.Collect$$libinit$$0000002E          0x080001c4   Section        0  libinit2.o(.ARM.Collect$$libinit$$0000002E)
    .ARM.Collect$$libinit$$00000030          0x080001c4   Section        0  libinit2.o(.ARM.Collect$$libinit$$00000030)
    .ARM.Collect$$libinit$$00000032          0x080001c4   Section        0  libinit2.o(.ARM.Collect$$libinit$$00000032)
    .ARM.Collect$$libinit$$00000033          0x080001c4   Section        2  libinit2.o(.ARM.Collect$$libinit$$00000033)
    .ARM.Collect$$libshutdown$$00000000      0x080001c6   Section        2  libshutdown.o(.ARM.Collect$$libshutdown$$00000000)
    .ARM.Collect$$libshutdown$$00000002      0x080001c8   Section        0  libshutdown2.o(.ARM.Collect$$libshutdown$$00000002)
    .ARM.Collect$$libshutdown$$00000004      0x080001c8   Section        0  libshutdown2.o(.ARM.Collect$$libshutdown$$00000004)
    .ARM.Collect$$libshutdown$$00000006      0x080001c8   Section        0  libshutdown2.o(.ARM.Collect$$libshutdown$$00000006)
    .ARM.Collect$$libshutdown$$00000009      0x080001c8   Section        0  libshutdown2.o(.ARM.Collect$$libshutdown$$00000009)
    .ARM.Collect$$libshutdown$$0000000C      0x080001c8   Section        0  libshutdown2.o(.ARM.Collect$$libshutdown$$0000000C)
    .ARM.Collect$$libshutdown$$0000000E      0x080001c8   Section        0  libshutdown2.o(.ARM.Collect$$libshutdown$$0000000E)
    .ARM.Collect$$libshutdown$$00000011      0x080001c8   Section        0  libshutdown2.o(.ARM.Collect$$libshutdown$$00000011)
    .ARM.Collect$$libshutdown$$00000012      0x080001c8   Section        2  libshutdown2.o(.ARM.Collect$$libshutdown$$00000012)
    .ARM.Collect$$rtentry$$00000000          0x080001ca   Section        0  __rtentry.o(.ARM.Collect$$rtentry$$00000000)
    .ARM.Collect$$rtentry$$00000002          0x080001ca   Section        0  __rtentry2.o(.ARM.Collect$$rtentry$$00000002)
    .ARM.Collect$$rtentry$$00000004          0x080001ca   Section        6  __rtentry4.o(.ARM.Collect$$rtentry$$00000004)
    .ARM.Collect$$rtentry$$00000009          0x080001d0   Section        0  __rtentry2.o(.ARM.Collect$$rtentry$$00000009)
    .ARM.Collect$$rtentry$$0000000A          0x080001d0   Section        4  __rtentry2.o(.ARM.Collect$$rtentry$$0000000A)
    .ARM.Collect$$rtentry$$0000000C          0x080001d4   Section        0  __rtentry2.o(.ARM.Collect$$rtentry$$0000000C)
    .ARM.Collect$$rtentry$$0000000D          0x080001d4   Section        8  __rtentry2.o(.ARM.Collect$$rtentry$$0000000D)
    .ARM.Collect$$rtexit$$00000000           0x080001dc   Section        2  rtexit.o(.ARM.Collect$$rtexit$$00000000)
    .ARM.Collect$$rtexit$$00000002           0x080001de   Section        0  rtexit2.o(.ARM.Collect$$rtexit$$00000002)
    .ARM.Collect$$rtexit$$00000003           0x080001de   Section        4  rtexit2.o(.ARM.Collect$$rtexit$$00000003)
    .ARM.Collect$$rtexit$$00000004           0x080001e2   Section        6  rtexit2.o(.ARM.Collect$$rtexit$$00000004)
    .text                                    0x080001e8   Section       64  startup_stm32f10x_md.o(.text)
    .text                                    0x08000228   Section        0  system_stm32f10x.o(.text)
    SetSysClockTo72                          0x08000229   Thumb Code   214  system_stm32f10x.o(.text)
    SetSysClock                              0x080002ff   Thumb Code     8  system_stm32f10x.o(.text)
    .text                                    0x08000408   Section        0  misc.o(.text)
    .text                                    0x080004e4   Section        0  stm32f10x_gpio.o(.text)
    .text                                    0x08000840   Section        0  stm32f10x_rcc.o(.text)
    .text                                    0x08000be4   Section        0  stm32f10x_tim.o(.text)
    TI4_Config                               0x0800108b   Thumb Code   130  stm32f10x_tim.o(.text)
    TI3_Config                               0x0800111f   Thumb Code   122  stm32f10x_tim.o(.text)
    TI2_Config                               0x080011b3   Thumb Code   130  stm32f10x_tim.o(.text)
    TI1_Config                               0x08001247   Thumb Code   108  stm32f10x_tim.o(.text)
    .text                                    0x08001a00   Section        0  stm32f10x_usart.o(.text)
    .text                                    0x08001e08   Section        0  main.o(.text)
    .text                                    0x08002208   Section        0  stm32f10x_it.o(.text)
    .text                                    0x080022c4   Section        0  lcd.o(.text)
    .text                                    0x08003110   Section        0  nvic.o(.text)
    .text                                    0x08003158   Section        0  tim.o(.text)
    .text                                    0x08003220   Section        0  usart.o(.text)
    .text                                    0x080032d4   Section        0  gpio.o(.text)
    .text                                    0x08003380   Section        0  led.o(.text)
    .text                                    0x0800341c   Section        0  noretval__2sprintf.o(.text)
    .text                                    0x08003444   Section        0  __printf_wp.o(.text)
    .text                                    0x08003552   Section        0  heapauxi.o(.text)
    .text                                    0x08003558   Section        0  _rserrno.o(.text)
    .text                                    0x0800356e   Section        0  _printf_fp_dec.o(.text)
    _fp_digits                               0x08003571   Thumb Code   432  _printf_fp_dec.o(.text)
    .text                                    0x0800398c   Section        0  _printf_char_common.o(.text)
    _printf_input_char                       0x0800398d   Thumb Code    10  _printf_char_common.o(.text)
    .text                                    0x080039bc   Section        0  _sputc.o(.text)
    .text                                    0x080039c8   Section        8  rt_locale_intlibspace.o(.text)
    .text                                    0x080039d0   Section        8  rt_errno_addr_intlibspace.o(.text)
    .text                                    0x080039d8   Section      138  lludiv10.o(.text)
    .text                                    0x08003a64   Section        0  _printf_fp_infnan.o(.text)
    .text                                    0x08003ae4   Section        0  bigflt0.o(.text)
    .text                                    0x08003bc8   Section        8  libspace.o(.text)
    .text                                    0x08003bd0   Section       74  sys_stackheap_outer.o(.text)
    .text                                    0x08003c1a   Section        0  exit.o(.text)
    .text                                    0x08003c2c   Section      128  strcmpv7m.o(.text)
    .text                                    0x08003cac   Section        0  sys_exit.o(.text)
    .text                                    0x08003cb8   Section        2  use_no_semi.o(.text)
    .text                                    0x08003cba   Section        0  indicate_semi.o(.text)
    CL$$btod_d2e                             0x08003cba   Section       62  btod.o(CL$$btod_d2e)
    CL$$btod_d2e_denorm_low                  0x08003cf8   Section       70  btod.o(CL$$btod_d2e_denorm_low)
    CL$$btod_d2e_norm_op1                    0x08003d3e   Section       96  btod.o(CL$$btod_d2e_norm_op1)
    CL$$btod_div_common                      0x08003d9e   Section      824  btod.o(CL$$btod_div_common)
    CL$$btod_e2e                             0x080040d6   Section      220  btod.o(CL$$btod_e2e)
    CL$$btod_ediv                            0x080041b2   Section       42  btod.o(CL$$btod_ediv)
    CL$$btod_emul                            0x080041dc   Section       42  btod.o(CL$$btod_emul)
    CL$$btod_mult_common                     0x08004206   Section      580  btod.o(CL$$btod_mult_common)
    i.__ARM_fpclassify                       0x0800444a   Section        0  fpclassify.o(i.__ARM_fpclassify)
    i.__ieee754_rem_pio2                     0x08004474   Section        0  rred.o(i.__ieee754_rem_pio2)
    i.__kernel_cos                           0x080047fc   Section        0  cos_i.o(i.__kernel_cos)
    i.__kernel_poly                          0x080048f8   Section        0  poly.o(i.__kernel_poly)
    i.__kernel_sin                           0x080049a4   Section        0  sin_i.o(i.__kernel_sin)
    i.__mathlib_dbl_infnan                   0x08004a90   Section        0  dunder.o(i.__mathlib_dbl_infnan)
    i.__mathlib_dbl_invalid                  0x08004a96   Section        0  dunder.o(i.__mathlib_dbl_invalid)
    i.__mathlib_dbl_underflow                0x08004aa4   Section        0  dunder.o(i.__mathlib_dbl_underflow)
    i._is_digit                              0x08004ab4   Section        0  __printf_wp.o(i._is_digit)
    i.cos                                    0x08004ac4   Section        0  cos.o(i.cos)
    i.sin                                    0x08004b60   Section        0  sin.o(i.sin)
    locale$$code                             0x08004c00   Section       44  lc_numeric_c.o(locale$$code)
    x$fpl$d2f                                0x08004c2c   Section       98  d2f.o(x$fpl$d2f)
    x$fpl$dadd                               0x08004c90   Section      336  daddsub_clz.o(x$fpl$dadd)
    _dadd1                                   0x08004ca1   Thumb Code     0  daddsub_clz.o(x$fpl$dadd)
    x$fpl$dcheck1                            0x08004de0   Section       16  dcheck1.o(x$fpl$dcheck1)
    x$fpl$dcmpinf                            0x08004df0   Section       24  dcmpi.o(x$fpl$dcmpinf)
    x$fpl$ddiv                               0x08004e08   Section      688  ddiv.o(x$fpl$ddiv)
    ddiv_entry                               0x08004e0f   Thumb Code     0  ddiv.o(x$fpl$ddiv)
    x$fpl$dfix                               0x080050b8   Section       94  dfix.o(x$fpl$dfix)
    x$fpl$dfixu                              0x08005118   Section       90  dfixu.o(x$fpl$dfixu)
    x$fpl$dflt                               0x08005172   Section       46  dflt_clz.o(x$fpl$dflt)
    x$fpl$dfltu                              0x080051a0   Section       38  dflt_clz.o(x$fpl$dfltu)
    x$fpl$dleqf                              0x080051c8   Section      120  dleqf.o(x$fpl$dleqf)
    x$fpl$dmul                               0x08005240   Section      340  dmul.o(x$fpl$dmul)
    x$fpl$dnaninf                            0x08005394   Section      156  dnaninf.o(x$fpl$dnaninf)
    x$fpl$dretinf                            0x08005430   Section       12  dretinf.o(x$fpl$dretinf)
    x$fpl$drleqf                             0x0800543c   Section      108  drleqf.o(x$fpl$drleqf)
    x$fpl$drsb                               0x080054a8   Section       22  daddsub_clz.o(x$fpl$drsb)
    x$fpl$dsub                               0x080054c0   Section      468  daddsub_clz.o(x$fpl$dsub)
    _dsub1                                   0x080054d1   Thumb Code     0  daddsub_clz.o(x$fpl$dsub)
    x$fpl$f2d                                0x08005694   Section       86  f2d.o(x$fpl$f2d)
    x$fpl$fadd                               0x080056ec   Section      196  faddsub_clz.o(x$fpl$fadd)
    _fadd1                                   0x080056fb   Thumb Code     0  faddsub_clz.o(x$fpl$fadd)
    x$fpl$fcmpinf                            0x080057b0   Section       24  fcmpi.o(x$fpl$fcmpinf)
    x$fpl$fdiv                               0x080057c8   Section      388  fdiv.o(x$fpl$fdiv)
    _fdiv1                                   0x080057c9   Thumb Code     0  fdiv.o(x$fpl$fdiv)
    x$fpl$ffixu                              0x0800594c   Section       62  ffixu.o(x$fpl$ffixu)
    x$fpl$fflt                               0x0800598c   Section       48  fflt_clz.o(x$fpl$fflt)
    x$fpl$fleqf                              0x080059bc   Section      104  fleqf.o(x$fpl$fleqf)
    x$fpl$fmul                               0x08005a24   Section      258  fmul.o(x$fpl$fmul)
    x$fpl$fnaninf                            0x08005b26   Section      140  fnaninf.o(x$fpl$fnaninf)
    x$fpl$fretinf                            0x08005bb2   Section       10  fretinf.o(x$fpl$fretinf)
    x$fpl$frleqf                             0x08005bbc   Section       98  frleqf.o(x$fpl$frleqf)
    x$fpl$frsb                               0x08005c1e   Section       20  faddsub_clz.o(x$fpl$frsb)
    x$fpl$fsub                               0x08005c34   Section      234  faddsub_clz.o(x$fpl$fsub)
    _fsub1                                   0x08005c43   Thumb Code     0  faddsub_clz.o(x$fpl$fsub)
    x$fpl$printf1                            0x08005d1e   Section        4  printf1.o(x$fpl$printf1)
    x$fpl$retnan                             0x08005d22   Section      100  retnan.o(x$fpl$retnan)
    x$fpl$scalbn                             0x08005d86   Section       92  scalbn.o(x$fpl$scalbn)
    x$fpl$trapveneer                         0x08005de2   Section       48  trapv.o(x$fpl$trapveneer)
    x$fpl$usenofp                            0x08005e12   Section        0  usenofp.o(x$fpl$usenofp)
    .constdata                               0x08005e18   Section       48  cos_i.o(.constdata)
    C                                        0x08005e18   Data          48  cos_i.o(.constdata)
    .constdata                               0x08005e48   Section      200  rred.o(.constdata)
    pio2s                                    0x08005e48   Data          48  rred.o(.constdata)
    twooverpi                                0x08005e78   Data         152  rred.o(.constdata)
    .constdata                               0x08005f10   Section       40  sin_i.o(.constdata)
    S                                        0x08005f10   Data          40  sin_i.o(.constdata)
    .constdata                               0x08005f38   Section      148  bigflt0.o(.constdata)
    tenpwrs_x                                0x08005f38   Data          60  bigflt0.o(.constdata)
    tenpwrs_i                                0x08005f74   Data          64  bigflt0.o(.constdata)
    locale$$data                             0x08005fec   Section       28  lc_numeric_c.o(locale$$data)
    __lcnum_c_name                           0x08005ff0   Data           2  lc_numeric_c.o(locale$$data)
    __lcnum_c_start                          0x08005ff8   Data           0  lc_numeric_c.o(locale$$data)
    __lcnum_c_point                          0x08006004   Data           0  lc_numeric_c.o(locale$$data)
    __lcnum_c_thousands                      0x08006006   Data           0  lc_numeric_c.o(locale$$data)
    __lcnum_c_grouping                       0x08006007   Data           0  lc_numeric_c.o(locale$$data)
    __lcnum_c_end                            0x08006008   Data           0  lc_numeric_c.o(locale$$data)
    .data                                    0x20000000   Section       20  system_stm32f10x.o(.data)
    .data                                    0x20000014   Section       20  stm32f10x_rcc.o(.data)
    APBAHBPrescTable                         0x20000014   Data          16  stm32f10x_rcc.o(.data)
    ADCPrescTable                            0x20000024   Data           4  stm32f10x_rcc.o(.data)
    .data                                    0x20000028   Section     4582  main.o(.data)
    last_dis_blocks                          0x2000120c   Data           1  main.o(.data)
    last_duty_blocks                         0x2000120d   Data           1  main.o(.data)
    .data                                    0x2000120e   Section        8  lcd.o(.data)
    TextColor                                0x20001210   Data           2  lcd.o(.data)
    BackColor                                0x20001212   Data           2  lcd.o(.data)
    .data                                    0x20001216   Section       16  led.o(.data)
    .bss                                     0x20001228   Section       64  main.o(.bss)
    .bss                                     0x20001268   Section       44  lcd.o(.bss)
    .bss                                     0x20001294   Section       96  libspace.o(.bss)
    HEAP                                     0x200012f8   Section      512  startup_stm32f10x_md.o(HEAP)
    Heap_Mem                                 0x200012f8   Data         512  startup_stm32f10x_md.o(HEAP)
    STACK                                    0x200014f8   Section     1024  startup_stm32f10x_md.o(STACK)
    Stack_Mem                                0x200014f8   Data        1024  startup_stm32f10x_md.o(STACK)
    __initial_sp                             0x200018f8   Data           0  startup_stm32f10x_md.o(STACK)

    Global Symbols

    Symbol Name                              Value     Ov Type        Size  Object(Section)

    BuildAttributes$$THM_ISAv4$P$D$K$B$S$PE$A:L22UL41UL21$X:L11$S22US41US21$IEEE1$IW$USESV6$~STKCKD$USESV7$~SHL$OTIME$ROPI$IEEEX$EBA8$UX$STANDARDLIB$REQ8$PRES8$EABIv2 0x00000000   Number         0  anon$$obj.o ABSOLUTE
    __ARM_use_no_argv                        0x00000000   Number         0  main.o ABSOLUTE
    _printf_flags                            0x00000000   Number         0  printf_stubs.o ABSOLUTE
    _printf_return_value                     0x00000000   Number         0  printf_stubs.o ABSOLUTE
    _printf_sizespec                         0x00000000   Number         0  printf_stubs.o ABSOLUTE
    _printf_widthprec                        0x00000000   Number         0  printf_stubs.o ABSOLUTE
    __ARM_exceptions_init                     - Undefined Weak Reference
    __alloca_initialize                       - Undefined Weak Reference
    __arm_fini_                               - Undefined Weak Reference
    __arm_preinit_                            - Undefined Weak Reference
    __cpp_initialize__aeabi_                  - Undefined Weak Reference
    __cxa_finalize                            - Undefined Weak Reference
    __sigvec_lookup                           - Undefined Weak Reference
    _atexit_init                              - Undefined Weak Reference
    _call_atexit_fns                          - Undefined Weak Reference
    _clock_init                               - Undefined Weak Reference
    _fp_trap_init                             - Undefined Weak Reference
    _fp_trap_shutdown                         - Undefined Weak Reference
    _get_lc_collate                           - Undefined Weak Reference
    _get_lc_ctype                             - Undefined Weak Reference
    _get_lc_monetary                          - Undefined Weak Reference
    _get_lc_time                              - Undefined Weak Reference
    _getenv_init                              - Undefined Weak Reference
    _handle_redirection                       - Undefined Weak Reference
    _init_alloc                               - Undefined Weak Reference
    _init_user_alloc                          - Undefined Weak Reference
    _initio                                   - Undefined Weak Reference
    _printf_post_padding                      - Undefined Weak Reference
    _printf_pre_padding                       - Undefined Weak Reference
    _rand_init                                - Undefined Weak Reference
    _signal_finish                            - Undefined Weak Reference
    _signal_init                              - Undefined Weak Reference
    _terminate_alloc                          - Undefined Weak Reference
    _terminate_user_alloc                     - Undefined Weak Reference
    _terminateio                              - Undefined Weak Reference
    __Vectors_Size                           0x000000ec   Number         0  startup_stm32f10x_md.o ABSOLUTE
    __Vectors                                0x08000000   Data           4  startup_stm32f10x_md.o(RESET)
    __Vectors_End                            0x080000ec   Data           0  startup_stm32f10x_md.o(RESET)
    __main                                   0x080000ed   Thumb Code     8  __main.o(!!!main)
    __scatterload                            0x080000f5   Thumb Code     0  __scatter.o(!!!scatter)
    __scatterload_rt2                        0x080000f5   Thumb Code    44  __scatter.o(!!!scatter)
    __scatterload_rt2_thumb_only             0x080000f5   Thumb Code     0  __scatter.o(!!!scatter)
    __scatterload_null                       0x08000103   Thumb Code     0  __scatter.o(!!!scatter)
    __decompress                             0x08000129   Thumb Code   100  __dclz77c.o(!!dclz77c)
    __decompress2                            0x08000129   Thumb Code     0  __dclz77c.o(!!dclz77c)
    __scatterload_zeroinit                   0x0800018d   Thumb Code    28  __scatter_zi.o(!!handler_zi)
    _printf_f                                0x080001a9   Thumb Code     0  _printf_f.o(.ARM.Collect$$_printf_percent$$00000003)
    _printf_percent                          0x080001a9   Thumb Code     0  _printf_percent.o(.ARM.Collect$$_printf_percent$$00000000)
    _printf_percent_end                      0x080001af   Thumb Code     0  _printf_percent_end.o(.ARM.Collect$$_printf_percent$$00000017)
    __rt_lib_init                            0x080001b3   Thumb Code     0  libinit.o(.ARM.Collect$$libinit$$00000000)
    __rt_lib_init_fp_1                       0x080001b5   Thumb Code     0  libinit2.o(.ARM.Collect$$libinit$$00000002)
    __rt_lib_init_heap_1                     0x080001b5   Thumb Code     0  libinit2.o(.ARM.Collect$$libinit$$0000000A)
    __rt_lib_init_lc_common                  0x080001b5   Thumb Code     0  libinit2.o(.ARM.Collect$$libinit$$0000000F)
    __rt_lib_init_preinit_1                  0x080001b5   Thumb Code     0  libinit2.o(.ARM.Collect$$libinit$$00000004)
    __rt_lib_init_rand_1                     0x080001b5   Thumb Code     0  libinit2.o(.ARM.Collect$$libinit$$0000000E)
    __rt_lib_init_user_alloc_1               0x080001b5   Thumb Code     0  libinit2.o(.ARM.Collect$$libinit$$0000000C)
    __rt_lib_init_lc_collate_1               0x080001bb   Thumb Code     0  libinit2.o(.ARM.Collect$$libinit$$00000011)
    __rt_lib_init_lc_ctype_1                 0x080001bb   Thumb Code     0  libinit2.o(.ARM.Collect$$libinit$$00000013)
    __rt_lib_init_lc_monetary_1              0x080001bb   Thumb Code     0  libinit2.o(.ARM.Collect$$libinit$$00000015)
    __rt_lib_init_lc_numeric_2               0x080001bb   Thumb Code     0  libinit2.o(.ARM.Collect$$libinit$$00000016)
    __rt_lib_init_alloca_1                   0x080001c5   Thumb Code     0  libinit2.o(.ARM.Collect$$libinit$$0000002E)
    __rt_lib_init_argv_1                     0x080001c5   Thumb Code     0  libinit2.o(.ARM.Collect$$libinit$$0000002C)
    __rt_lib_init_atexit_1                   0x080001c5   Thumb Code     0  libinit2.o(.ARM.Collect$$libinit$$0000001B)
    __rt_lib_init_clock_1                    0x080001c5   Thumb Code     0  libinit2.o(.ARM.Collect$$libinit$$00000021)
    __rt_lib_init_cpp_1                      0x080001c5   Thumb Code     0  libinit2.o(.ARM.Collect$$libinit$$00000032)
    __rt_lib_init_exceptions_1               0x080001c5   Thumb Code     0  libinit2.o(.ARM.Collect$$libinit$$00000030)
    __rt_lib_init_fp_trap_1                  0x080001c5   Thumb Code     0  libinit2.o(.ARM.Collect$$libinit$$0000001F)
    __rt_lib_init_getenv_1                   0x080001c5   Thumb Code     0  libinit2.o(.ARM.Collect$$libinit$$00000023)
    __rt_lib_init_lc_numeric_1               0x080001c5   Thumb Code     0  libinit2.o(.ARM.Collect$$libinit$$00000017)
    __rt_lib_init_lc_time_1                  0x080001c5   Thumb Code     0  libinit2.o(.ARM.Collect$$libinit$$00000019)
    __rt_lib_init_return                     0x080001c5   Thumb Code     0  libinit2.o(.ARM.Collect$$libinit$$00000033)
    __rt_lib_init_signal_1                   0x080001c5   Thumb Code     0  libinit2.o(.ARM.Collect$$libinit$$0000001D)
    __rt_lib_init_stdio_1                    0x080001c5   Thumb Code     0  libinit2.o(.ARM.Collect$$libinit$$00000025)
    __rt_lib_shutdown                        0x080001c7   Thumb Code     0  libshutdown.o(.ARM.Collect$$libshutdown$$00000000)
    __rt_lib_shutdown_cpp_1                  0x080001c9   Thumb Code     0  libshutdown2.o(.ARM.Collect$$libshutdown$$00000004)
    __rt_lib_shutdown_fini_1                 0x080001c9   Thumb Code     0  libshutdown2.o(.ARM.Collect$$libshutdown$$00000002)
    __rt_lib_shutdown_fp_trap_1              0x080001c9   Thumb Code     0  libshutdown2.o(.ARM.Collect$$libshutdown$$00000009)
    __rt_lib_shutdown_heap_1                 0x080001c9   Thumb Code     0  libshutdown2.o(.ARM.Collect$$libshutdown$$00000011)
    __rt_lib_shutdown_return                 0x080001c9   Thumb Code     0  libshutdown2.o(.ARM.Collect$$libshutdown$$00000012)
    __rt_lib_shutdown_signal_1               0x080001c9   Thumb Code     0  libshutdown2.o(.ARM.Collect$$libshutdown$$0000000C)
    __rt_lib_shutdown_stdio_1                0x080001c9   Thumb Code     0  libshutdown2.o(.ARM.Collect$$libshutdown$$00000006)
    __rt_lib_shutdown_user_alloc_1           0x080001c9   Thumb Code     0  libshutdown2.o(.ARM.Collect$$libshutdown$$0000000E)
    __rt_entry                               0x080001cb   Thumb Code     0  __rtentry.o(.ARM.Collect$$rtentry$$00000000)
    __rt_entry_presh_1                       0x080001cb   Thumb Code     0  __rtentry2.o(.ARM.Collect$$rtentry$$00000002)
    __rt_entry_sh                            0x080001cb   Thumb Code     0  __rtentry4.o(.ARM.Collect$$rtentry$$00000004)
    __rt_entry_li                            0x080001d1   Thumb Code     0  __rtentry2.o(.ARM.Collect$$rtentry$$0000000A)
    __rt_entry_postsh_1                      0x080001d1   Thumb Code     0  __rtentry2.o(.ARM.Collect$$rtentry$$00000009)
    __rt_entry_main                          0x080001d5   Thumb Code     0  __rtentry2.o(.ARM.Collect$$rtentry$$0000000D)
    __rt_entry_postli_1                      0x080001d5   Thumb Code     0  __rtentry2.o(.ARM.Collect$$rtentry$$0000000C)
    __rt_exit                                0x080001dd   Thumb Code     0  rtexit.o(.ARM.Collect$$rtexit$$00000000)
    __rt_exit_ls                             0x080001df   Thumb Code     0  rtexit2.o(.ARM.Collect$$rtexit$$00000003)
    __rt_exit_prels_1                        0x080001df   Thumb Code     0  rtexit2.o(.ARM.Collect$$rtexit$$00000002)
    __rt_exit_exit                           0x080001e3   Thumb Code     0  rtexit2.o(.ARM.Collect$$rtexit$$00000004)
    Reset_Handler                            0x080001e9   Thumb Code     8  startup_stm32f10x_md.o(.text)
    SVC_Handler                              0x080001fb   Thumb Code     2  startup_stm32f10x_md.o(.text)
    DebugMon_Handler                         0x080001fd   Thumb Code     2  startup_stm32f10x_md.o(.text)
    PendSV_Handler                           0x080001ff   Thumb Code     2  startup_stm32f10x_md.o(.text)
    ADC1_2_IRQHandler                        0x08000203   Thumb Code     0  startup_stm32f10x_md.o(.text)
    CAN1_RX1_IRQHandler                      0x08000203   Thumb Code     0  startup_stm32f10x_md.o(.text)
    CAN1_SCE_IRQHandler                      0x08000203   Thumb Code     0  startup_stm32f10x_md.o(.text)
    DMA1_Channel1_IRQHandler                 0x08000203   Thumb Code     0  startup_stm32f10x_md.o(.text)
    DMA1_Channel2_IRQHandler                 0x08000203   Thumb Code     0  startup_stm32f10x_md.o(.text)
    DMA1_Channel3_IRQHandler                 0x08000203   Thumb Code     0  startup_stm32f10x_md.o(.text)
    DMA1_Channel4_IRQHandler                 0x08000203   Thumb Code     0  startup_stm32f10x_md.o(.text)
    DMA1_Channel5_IRQHandler                 0x08000203   Thumb Code     0  startup_stm32f10x_md.o(.text)
    DMA1_Channel6_IRQHandler                 0x08000203   Thumb Code     0  startup_stm32f10x_md.o(.text)
    DMA1_Channel7_IRQHandler                 0x08000203   Thumb Code     0  startup_stm32f10x_md.o(.text)
    EXTI0_IRQHandler                         0x08000203   Thumb Code     0  startup_stm32f10x_md.o(.text)
    EXTI15_10_IRQHandler                     0x08000203   Thumb Code     0  startup_stm32f10x_md.o(.text)
    EXTI1_IRQHandler                         0x08000203   Thumb Code     0  startup_stm32f10x_md.o(.text)
    EXTI2_IRQHandler                         0x08000203   Thumb Code     0  startup_stm32f10x_md.o(.text)
    EXTI3_IRQHandler                         0x08000203   Thumb Code     0  startup_stm32f10x_md.o(.text)
    EXTI4_IRQHandler                         0x08000203   Thumb Code     0  startup_stm32f10x_md.o(.text)
    EXTI9_5_IRQHandler                       0x08000203   Thumb Code     0  startup_stm32f10x_md.o(.text)
    FLASH_IRQHandler                         0x08000203   Thumb Code     0  startup_stm32f10x_md.o(.text)
    I2C1_ER_IRQHandler                       0x08000203   Thumb Code     0  startup_stm32f10x_md.o(.text)
    I2C1_EV_IRQHandler                       0x08000203   Thumb Code     0  startup_stm32f10x_md.o(.text)
    I2C2_ER_IRQHandler                       0x08000203   Thumb Code     0  startup_stm32f10x_md.o(.text)
    I2C2_EV_IRQHandler                       0x08000203   Thumb Code     0  startup_stm32f10x_md.o(.text)
    PVD_IRQHandler                           0x08000203   Thumb Code     0  startup_stm32f10x_md.o(.text)
    RCC_IRQHandler                           0x08000203   Thumb Code     0  startup_stm32f10x_md.o(.text)
    RTCAlarm_IRQHandler                      0x08000203   Thumb Code     0  startup_stm32f10x_md.o(.text)
    RTC_IRQHandler                           0x08000203   Thumb Code     0  startup_stm32f10x_md.o(.text)
    SPI1_IRQHandler                          0x08000203   Thumb Code     0  startup_stm32f10x_md.o(.text)
    SPI2_IRQHandler                          0x08000203   Thumb Code     0  startup_stm32f10x_md.o(.text)
    TAMPER_IRQHandler                        0x08000203   Thumb Code     0  startup_stm32f10x_md.o(.text)
    TIM1_BRK_IRQHandler                      0x08000203   Thumb Code     0  startup_stm32f10x_md.o(.text)
    TIM1_CC_IRQHandler                       0x08000203   Thumb Code     0  startup_stm32f10x_md.o(.text)
    TIM1_TRG_COM_IRQHandler                  0x08000203   Thumb Code     0  startup_stm32f10x_md.o(.text)
    TIM1_UP_IRQHandler                       0x08000203   Thumb Code     0  startup_stm32f10x_md.o(.text)
    TIM2_IRQHandler                          0x08000203   Thumb Code     0  startup_stm32f10x_md.o(.text)
    TIM4_IRQHandler                          0x08000203   Thumb Code     0  startup_stm32f10x_md.o(.text)
    USART1_IRQHandler                        0x08000203   Thumb Code     0  startup_stm32f10x_md.o(.text)
    USART2_IRQHandler                        0x08000203   Thumb Code     0  startup_stm32f10x_md.o(.text)
    USART3_IRQHandler                        0x08000203   Thumb Code     0  startup_stm32f10x_md.o(.text)
    USBWakeUp_IRQHandler                     0x08000203   Thumb Code     0  startup_stm32f10x_md.o(.text)
    USB_HP_CAN1_TX_IRQHandler                0x08000203   Thumb Code     0  startup_stm32f10x_md.o(.text)
    USB_LP_CAN1_RX0_IRQHandler               0x08000203   Thumb Code     0  startup_stm32f10x_md.o(.text)
    WWDG_IRQHandler                          0x08000203   Thumb Code     0  startup_stm32f10x_md.o(.text)
    __user_initial_stackheap                 0x08000205   Thumb Code     0  startup_stm32f10x_md.o(.text)
    SystemInit                               0x08000307   Thumb Code    78  system_stm32f10x.o(.text)
    SystemCoreClockUpdate                    0x08000355   Thumb Code   142  system_stm32f10x.o(.text)
    NVIC_PriorityGroupConfig                 0x08000409   Thumb Code    10  misc.o(.text)
    NVIC_Init                                0x08000413   Thumb Code   100  misc.o(.text)
    NVIC_SetVectorTable                      0x08000477   Thumb Code    14  misc.o(.text)
    NVIC_SystemLPConfig                      0x08000485   Thumb Code    34  misc.o(.text)
    SysTick_CLKSourceConfig                  0x080004a7   Thumb Code    40  misc.o(.text)
    GPIO_DeInit                              0x080004e5   Thumb Code   172  stm32f10x_gpio.o(.text)
    GPIO_AFIODeInit                          0x08000591   Thumb Code    20  stm32f10x_gpio.o(.text)
    GPIO_Init                                0x080005a5   Thumb Code   278  stm32f10x_gpio.o(.text)
    GPIO_StructInit                          0x080006bb   Thumb Code    16  stm32f10x_gpio.o(.text)
    GPIO_ReadInputDataBit                    0x080006cb   Thumb Code    18  stm32f10x_gpio.o(.text)
    GPIO_ReadInputData                       0x080006dd   Thumb Code     8  stm32f10x_gpio.o(.text)
    GPIO_ReadOutputDataBit                   0x080006e5   Thumb Code    18  stm32f10x_gpio.o(.text)
    GPIO_ReadOutputData                      0x080006f7   Thumb Code     8  stm32f10x_gpio.o(.text)
    GPIO_SetBits                             0x080006ff   Thumb Code     4  stm32f10x_gpio.o(.text)
    GPIO_ResetBits                           0x08000703   Thumb Code     4  stm32f10x_gpio.o(.text)
    GPIO_WriteBit                            0x08000707   Thumb Code    10  stm32f10x_gpio.o(.text)
    GPIO_Write                               0x08000711   Thumb Code     4  stm32f10x_gpio.o(.text)
    GPIO_PinLockConfig                       0x08000715   Thumb Code    18  stm32f10x_gpio.o(.text)
    GPIO_EventOutputConfig                   0x08000727   Thumb Code    26  stm32f10x_gpio.o(.text)
    GPIO_EventOutputCmd                      0x08000741   Thumb Code     6  stm32f10x_gpio.o(.text)
    GPIO_PinRemapConfig                      0x08000747   Thumb Code   138  stm32f10x_gpio.o(.text)
    GPIO_EXTILineConfig                      0x080007d1   Thumb Code    66  stm32f10x_gpio.o(.text)
    GPIO_ETH_MediaInterfaceConfig            0x08000813   Thumb Code     8  stm32f10x_gpio.o(.text)
    RCC_DeInit                               0x08000841   Thumb Code    64  stm32f10x_rcc.o(.text)
    RCC_HSEConfig                            0x08000881   Thumb Code    70  stm32f10x_rcc.o(.text)
    RCC_GetFlagStatus                        0x080008c7   Thumb Code    56  stm32f10x_rcc.o(.text)
    RCC_WaitForHSEStartUp                    0x080008ff   Thumb Code    56  stm32f10x_rcc.o(.text)
    RCC_AdjustHSICalibrationValue            0x08000937   Thumb Code    20  stm32f10x_rcc.o(.text)
    RCC_HSICmd                               0x0800094b   Thumb Code     6  stm32f10x_rcc.o(.text)
    RCC_PLLConfig                            0x08000951   Thumb Code    24  stm32f10x_rcc.o(.text)
    RCC_PLLCmd                               0x08000969   Thumb Code     6  stm32f10x_rcc.o(.text)
    RCC_SYSCLKConfig                         0x0800096f   Thumb Code    18  stm32f10x_rcc.o(.text)
    RCC_GetSYSCLKSource                      0x08000981   Thumb Code    10  stm32f10x_rcc.o(.text)
    RCC_HCLKConfig                           0x0800098b   Thumb Code    18  stm32f10x_rcc.o(.text)
    RCC_PCLK1Config                          0x0800099d   Thumb Code    18  stm32f10x_rcc.o(.text)
    RCC_PCLK2Config                          0x080009af   Thumb Code    20  stm32f10x_rcc.o(.text)
    RCC_ITConfig                             0x080009c3   Thumb Code    26  stm32f10x_rcc.o(.text)
    RCC_USBCLKConfig                         0x080009dd   Thumb Code     8  stm32f10x_rcc.o(.text)
    RCC_ADCCLKConfig                         0x080009e5   Thumb Code    18  stm32f10x_rcc.o(.text)
    RCC_LSEConfig                            0x080009f7   Thumb Code    50  stm32f10x_rcc.o(.text)
    RCC_LSICmd                               0x08000a29   Thumb Code     6  stm32f10x_rcc.o(.text)
    RCC_RTCCLKConfig                         0x08000a2f   Thumb Code    12  stm32f10x_rcc.o(.text)
    RCC_RTCCLKCmd                            0x08000a3b   Thumb Code     8  stm32f10x_rcc.o(.text)
    RCC_GetClocksFreq                        0x08000a43   Thumb Code   192  stm32f10x_rcc.o(.text)
    RCC_AHBPeriphClockCmd                    0x08000b03   Thumb Code    26  stm32f10x_rcc.o(.text)
    RCC_APB2PeriphClockCmd                   0x08000b1d   Thumb Code    26  stm32f10x_rcc.o(.text)
    RCC_APB1PeriphClockCmd                   0x08000b37   Thumb Code    26  stm32f10x_rcc.o(.text)
    RCC_APB2PeriphResetCmd                   0x08000b51   Thumb Code    26  stm32f10x_rcc.o(.text)
    RCC_APB1PeriphResetCmd                   0x08000b6b   Thumb Code    26  stm32f10x_rcc.o(.text)
    RCC_BackupResetCmd                       0x08000b85   Thumb Code     8  stm32f10x_rcc.o(.text)
    RCC_ClockSecuritySystemCmd               0x08000b8d   Thumb Code     6  stm32f10x_rcc.o(.text)
    RCC_MCOConfig                            0x08000b93   Thumb Code     6  stm32f10x_rcc.o(.text)
    RCC_ClearFlag                            0x08000b99   Thumb Code    14  stm32f10x_rcc.o(.text)
    RCC_GetITStatus                          0x08000ba7   Thumb Code    20  stm32f10x_rcc.o(.text)
    RCC_ClearITPendingBit                    0x08000bbb   Thumb Code     6  stm32f10x_rcc.o(.text)
    TIM_DeInit                               0x08000be5   Thumb Code   424  stm32f10x_tim.o(.text)
    TIM_TimeBaseInit                         0x08000d8d   Thumb Code   122  stm32f10x_tim.o(.text)
    TIM_OC1Init                              0x08000e07   Thumb Code   132  stm32f10x_tim.o(.text)
    TIM_OC2Init                              0x08000e8b   Thumb Code   154  stm32f10x_tim.o(.text)
    TIM_OC3Init                              0x08000f25   Thumb Code   150  stm32f10x_tim.o(.text)
    TIM_OC4Init                              0x08000fbb   Thumb Code   182  stm32f10x_tim.o(.text)
    TIM_SetIC4Prescaler                      0x08001071   Thumb Code    26  stm32f10x_tim.o(.text)
    TIM_SetIC3Prescaler                      0x0800110d   Thumb Code    18  stm32f10x_tim.o(.text)
    TIM_SetIC2Prescaler                      0x08001199   Thumb Code    26  stm32f10x_tim.o(.text)
    TIM_SetIC1Prescaler                      0x08001235   Thumb Code    18  stm32f10x_tim.o(.text)
    TIM_ICInit                               0x080012b3   Thumb Code   150  stm32f10x_tim.o(.text)
    TIM_PWMIConfig                           0x08001349   Thumb Code   124  stm32f10x_tim.o(.text)
    TIM_BDTRConfig                           0x080013c5   Thumb Code    32  stm32f10x_tim.o(.text)
    TIM_TimeBaseStructInit                   0x080013e5   Thumb Code    18  stm32f10x_tim.o(.text)
    TIM_OCStructInit                         0x080013f7   Thumb Code    20  stm32f10x_tim.o(.text)
    TIM_ICStructInit                         0x0800140b   Thumb Code    18  stm32f10x_tim.o(.text)
    TIM_BDTRStructInit                       0x0800141d   Thumb Code    40  stm32f10x_tim.o(.text)
    TIM_Cmd                                  0x08001445   Thumb Code    24  stm32f10x_tim.o(.text)
    TIM_CtrlPWMOutputs                       0x0800145d   Thumb Code    30  stm32f10x_tim.o(.text)
    TIM_ITConfig                             0x0800147b   Thumb Code    18  stm32f10x_tim.o(.text)
    TIM_GenerateEvent                        0x0800148d   Thumb Code     4  stm32f10x_tim.o(.text)
    TIM_DMAConfig                            0x08001491   Thumb Code    10  stm32f10x_tim.o(.text)
    TIM_DMACmd                               0x0800149b   Thumb Code    18  stm32f10x_tim.o(.text)
    TIM_InternalClockConfig                  0x080014ad   Thumb Code    12  stm32f10x_tim.o(.text)
    TIM_SelectInputTrigger                   0x080014b9   Thumb Code    18  stm32f10x_tim.o(.text)
    TIM_ITRxExternalClockConfig              0x080014cb   Thumb Code    24  stm32f10x_tim.o(.text)
    TIM_TIxExternalClockConfig               0x080014e3   Thumb Code    62  stm32f10x_tim.o(.text)
    TIM_ETRConfig                            0x08001521   Thumb Code    28  stm32f10x_tim.o(.text)
    TIM_ETRClockMode1Config                  0x0800153d   Thumb Code    54  stm32f10x_tim.o(.text)
    TIM_ETRClockMode2Config                  0x08001573   Thumb Code    32  stm32f10x_tim.o(.text)
    TIM_PrescalerConfig                      0x08001593   Thumb Code     6  stm32f10x_tim.o(.text)
    TIM_CounterModeConfig                    0x08001599   Thumb Code    18  stm32f10x_tim.o(.text)
    TIM_EncoderInterfaceConfig               0x080015ab   Thumb Code    66  stm32f10x_tim.o(.text)
    TIM_ForcedOC1Config                      0x080015ed   Thumb Code    18  stm32f10x_tim.o(.text)
    TIM_ForcedOC2Config                      0x080015ff   Thumb Code    26  stm32f10x_tim.o(.text)
    TIM_ForcedOC3Config                      0x08001619   Thumb Code    18  stm32f10x_tim.o(.text)
    TIM_ForcedOC4Config                      0x0800162b   Thumb Code    26  stm32f10x_tim.o(.text)
    TIM_ARRPreloadConfig                     0x08001645   Thumb Code    24  stm32f10x_tim.o(.text)
    TIM_SelectCOM                            0x0800165d   Thumb Code    24  stm32f10x_tim.o(.text)
    TIM_SelectCCDMA                          0x08001675   Thumb Code    24  stm32f10x_tim.o(.text)
    TIM_CCPreloadControl                     0x0800168d   Thumb Code    24  stm32f10x_tim.o(.text)
    TIM_OC1PreloadConfig                     0x080016a5   Thumb Code    18  stm32f10x_tim.o(.text)
    TIM_OC2PreloadConfig                     0x080016b7   Thumb Code    26  stm32f10x_tim.o(.text)
    TIM_OC3PreloadConfig                     0x080016d1   Thumb Code    18  stm32f10x_tim.o(.text)
    TIM_OC4PreloadConfig                     0x080016e3   Thumb Code    26  stm32f10x_tim.o(.text)
    TIM_OC1FastConfig                        0x080016fd   Thumb Code    18  stm32f10x_tim.o(.text)
    TIM_OC2FastConfig                        0x0800170f   Thumb Code    26  stm32f10x_tim.o(.text)
    TIM_OC3FastConfig                        0x08001729   Thumb Code    18  stm32f10x_tim.o(.text)
    TIM_OC4FastConfig                        0x0800173b   Thumb Code    26  stm32f10x_tim.o(.text)
    TIM_ClearOC1Ref                          0x08001755   Thumb Code    18  stm32f10x_tim.o(.text)
    TIM_ClearOC2Ref                          0x08001767   Thumb Code    24  stm32f10x_tim.o(.text)
    TIM_ClearOC3Ref                          0x0800177f   Thumb Code    18  stm32f10x_tim.o(.text)
    TIM_ClearOC4Ref                          0x08001791   Thumb Code    24  stm32f10x_tim.o(.text)
    TIM_OC1PolarityConfig                    0x080017a9   Thumb Code    18  stm32f10x_tim.o(.text)
    TIM_OC1NPolarityConfig                   0x080017bb   Thumb Code    18  stm32f10x_tim.o(.text)
    TIM_OC2PolarityConfig                    0x080017cd   Thumb Code    26  stm32f10x_tim.o(.text)
    TIM_OC2NPolarityConfig                   0x080017e7   Thumb Code    26  stm32f10x_tim.o(.text)
    TIM_OC3PolarityConfig                    0x08001801   Thumb Code    26  stm32f10x_tim.o(.text)
    TIM_OC3NPolarityConfig                   0x0800181b   Thumb Code    26  stm32f10x_tim.o(.text)
    TIM_OC4PolarityConfig                    0x08001835   Thumb Code    26  stm32f10x_tim.o(.text)
    TIM_CCxCmd                               0x0800184f   Thumb Code    30  stm32f10x_tim.o(.text)
    TIM_CCxNCmd                              0x0800186d   Thumb Code    30  stm32f10x_tim.o(.text)
    TIM_SelectOCxM                           0x0800188b   Thumb Code    82  stm32f10x_tim.o(.text)
    TIM_UpdateDisableConfig                  0x080018dd   Thumb Code    24  stm32f10x_tim.o(.text)
    TIM_UpdateRequestConfig                  0x080018f5   Thumb Code    24  stm32f10x_tim.o(.text)
    TIM_SelectHallSensor                     0x0800190d   Thumb Code    24  stm32f10x_tim.o(.text)
    TIM_SelectOnePulseMode                   0x08001925   Thumb Code    18  stm32f10x_tim.o(.text)
    TIM_SelectOutputTrigger                  0x08001937   Thumb Code    18  stm32f10x_tim.o(.text)
    TIM_SelectSlaveMode                      0x08001949   Thumb Code    18  stm32f10x_tim.o(.text)
    TIM_SelectMasterSlaveMode                0x0800195b   Thumb Code    18  stm32f10x_tim.o(.text)
    TIM_SetCounter                           0x0800196d   Thumb Code     4  stm32f10x_tim.o(.text)
    TIM_SetAutoreload                        0x08001971   Thumb Code     4  stm32f10x_tim.o(.text)
    TIM_SetCompare1                          0x08001975   Thumb Code     4  stm32f10x_tim.o(.text)
    TIM_SetCompare2                          0x08001979   Thumb Code     4  stm32f10x_tim.o(.text)
    TIM_SetCompare3                          0x0800197d   Thumb Code     4  stm32f10x_tim.o(.text)
    TIM_SetCompare4                          0x08001981   Thumb Code     6  stm32f10x_tim.o(.text)
    TIM_SetClockDivision                     0x08001987   Thumb Code    18  stm32f10x_tim.o(.text)
    TIM_GetCapture1                          0x08001999   Thumb Code     6  stm32f10x_tim.o(.text)
    TIM_GetCapture2                          0x0800199f   Thumb Code     6  stm32f10x_tim.o(.text)
    TIM_GetCapture3                          0x080019a5   Thumb Code     6  stm32f10x_tim.o(.text)
    TIM_GetCapture4                          0x080019ab   Thumb Code     8  stm32f10x_tim.o(.text)
    TIM_GetCounter                           0x080019b3   Thumb Code     6  stm32f10x_tim.o(.text)
    TIM_GetPrescaler                         0x080019b9   Thumb Code     6  stm32f10x_tim.o(.text)
    TIM_GetFlagStatus                        0x080019bf   Thumb Code    18  stm32f10x_tim.o(.text)
    TIM_ClearFlag                            0x080019d1   Thumb Code     6  stm32f10x_tim.o(.text)
    TIM_GetITStatus                          0x080019d7   Thumb Code    34  stm32f10x_tim.o(.text)
    TIM_ClearITPendingBit                    0x080019f9   Thumb Code     6  stm32f10x_tim.o(.text)
    USART_DeInit                             0x08001a01   Thumb Code   134  stm32f10x_usart.o(.text)
    USART_Init                               0x08001a87   Thumb Code   210  stm32f10x_usart.o(.text)
    USART_StructInit                         0x08001b59   Thumb Code    24  stm32f10x_usart.o(.text)
    USART_ClockInit                          0x08001b71   Thumb Code    34  stm32f10x_usart.o(.text)
    USART_ClockStructInit                    0x08001b93   Thumb Code    12  stm32f10x_usart.o(.text)
    USART_Cmd                                0x08001b9f   Thumb Code    24  stm32f10x_usart.o(.text)
    USART_ITConfig                           0x08001bb7   Thumb Code    74  stm32f10x_usart.o(.text)
    USART_DMACmd                             0x08001c01   Thumb Code    18  stm32f10x_usart.o(.text)
    USART_SetAddress                         0x08001c13   Thumb Code    18  stm32f10x_usart.o(.text)
    USART_WakeUpConfig                       0x08001c25   Thumb Code    18  stm32f10x_usart.o(.text)
    USART_ReceiverWakeUpCmd                  0x08001c37   Thumb Code    24  stm32f10x_usart.o(.text)
    USART_LINBreakDetectLengthConfig         0x08001c4f   Thumb Code    18  stm32f10x_usart.o(.text)
    USART_LINCmd                             0x08001c61   Thumb Code    24  stm32f10x_usart.o(.text)
    USART_SendData                           0x08001c79   Thumb Code     8  stm32f10x_usart.o(.text)
    USART_ReceiveData                        0x08001c81   Thumb Code    10  stm32f10x_usart.o(.text)
    USART_SendBreak                          0x08001c8b   Thumb Code    10  stm32f10x_usart.o(.text)
    USART_SetGuardTime                       0x08001c95   Thumb Code    16  stm32f10x_usart.o(.text)
    USART_SetPrescaler                       0x08001ca5   Thumb Code    16  stm32f10x_usart.o(.text)
    USART_SmartCardCmd                       0x08001cb5   Thumb Code    24  stm32f10x_usart.o(.text)
    USART_SmartCardNACKCmd                   0x08001ccd   Thumb Code    24  stm32f10x_usart.o(.text)
    USART_HalfDuplexCmd                      0x08001ce5   Thumb Code    24  stm32f10x_usart.o(.text)
    USART_OverSampling8Cmd                   0x08001cfd   Thumb Code    22  stm32f10x_usart.o(.text)
    USART_OneBitMethodCmd                    0x08001d13   Thumb Code    24  stm32f10x_usart.o(.text)
    USART_IrDAConfig                         0x08001d2b   Thumb Code    18  stm32f10x_usart.o(.text)
    USART_IrDACmd                            0x08001d3d   Thumb Code    24  stm32f10x_usart.o(.text)
    USART_GetFlagStatus                      0x08001d55   Thumb Code    26  stm32f10x_usart.o(.text)
    USART_ClearFlag                          0x08001d6f   Thumb Code    18  stm32f10x_usart.o(.text)
    USART_GetITStatus                        0x08001d81   Thumb Code    84  stm32f10x_usart.o(.text)
    USART_ClearITPendingBit                  0x08001dd5   Thumb Code    52  stm32f10x_usart.o(.text)
    Motor_Control                            0x08001e09   Thumb Code   132  main.o(.text)
    Update_Octagons                          0x08001e8d   Thumb Code   420  main.o(.text)
    Delay_Ms                                 0x08002031   Thumb Code    16  main.o(.text)
    main                                     0x08002041   Thumb Code   322  main.o(.text)
    NMI_Handler                              0x08002209   Thumb Code     2  stm32f10x_it.o(.text)
    HardFault_Handler                        0x0800220b   Thumb Code     4  stm32f10x_it.o(.text)
    MemManage_Handler                        0x0800220f   Thumb Code     4  stm32f10x_it.o(.text)
    BusFault_Handler                         0x08002213   Thumb Code     4  stm32f10x_it.o(.text)
    UsageFault_Handler                       0x08002217   Thumb Code     4  stm32f10x_it.o(.text)
    SysTick_Handler                          0x0800221b   Thumb Code    12  stm32f10x_it.o(.text)
    TIM3_IRQHandler                          0x08002227   Thumb Code   138  stm32f10x_it.o(.text)
    Delay_LCD                                0x080022c5   Thumb Code    30  lcd.o(.text)
    LCD_WriteReg                             0x080022e3   Thumb Code    56  lcd.o(.text)
    REG_8230_Init                            0x0800231b   Thumb Code   288  lcd.o(.text)
    REG_932X_Init                            0x0800243b   Thumb Code   512  lcd.o(.text)
    LCD_BusOut                               0x0800263b   Thumb Code    32  lcd.o(.text)
    LCD_BusIn                                0x0800265b   Thumb Code    32  lcd.o(.text)
    LCD_ReadReg                              0x0800267b   Thumb Code    90  lcd.o(.text)
    LCD_CtrlLinesConfig                      0x080026d5   Thumb Code    68  lcd.o(.text)
    STM3210B_LCD_Init                        0x08002719   Thumb Code    50  lcd.o(.text)
    LCD_SetTextColor                         0x0800274b   Thumb Code    12  lcd.o(.text)
    LCD_SetBackColor                         0x08002757   Thumb Code    12  lcd.o(.text)
    LCD_WriteRAM                             0x08002763   Thumb Code    44  lcd.o(.text)
    LCD_WriteRAM_Prepare                     0x0800278f   Thumb Code    48  lcd.o(.text)
    LCD_SetCursor                            0x080027bf   Thumb Code    24  lcd.o(.text)
    LCD_Clear                                0x080027d7   Thumb Code    38  lcd.o(.text)
    LCD_DrawChar                             0x080027fd   Thumb Code   100  lcd.o(.text)
    LCD_SetDisplayWindow                     0x08002861   Thumb Code    88  lcd.o(.text)
    LCD_WindowModeDisable                    0x080028b9   Thumb Code    28  lcd.o(.text)
    LCD_DrawLine                             0x080028d5   Thumb Code    86  lcd.o(.text)
    LCD_DrawRect                             0x0800292b   Thumb Code    66  lcd.o(.text)
    LCD_DrawCircle                           0x0800296d   Thumb Code   252  lcd.o(.text)
    LCD_DrawMonoPict                         0x08002a69   Thumb Code    76  lcd.o(.text)
    LCD_WriteBMP                             0x08002ab5   Thumb Code    94  lcd.o(.text)
    LCD_ReadRAM                              0x08002b13   Thumb Code    82  lcd.o(.text)
    LCD_PowerOn                              0x08002b65   Thumb Code   118  lcd.o(.text)
    LCD_DisplayOn                            0x08002bdb   Thumb Code    14  lcd.o(.text)
    LCD_DisplayOff                           0x08002be9   Thumb Code    12  lcd.o(.text)
    LCD_DrawPicture                          0x08002bf5   Thumb Code    48  lcd.o(.text)
    LCD_DrawPixel                            0x08002c25   Thumb Code    28  lcd.o(.text)
    PRO_DrawLine                             0x08002c41   Thumb Code   130  lcd.o(.text)
    LCD_DrawOctagon                          0x08002cc3   Thumb Code   304  lcd.o(.text)
    PRO_DrawChar                             0x08002df3   Thumb Code   166  lcd.o(.text)
    transposeMatrix                          0x08002e99   Thumb Code   166  lcd.o(.text)
    LCD_VerticalDisplay                      0x08002f3f   Thumb Code    28  lcd.o(.text)
    Filter_Distance                          0x08002f5b   Thumb Code   118  lcd.o(.text)
    LCD_FillRect                             0x08002fd1   Thumb Code    64  lcd.o(.text)
    LCD_Back_Init                            0x08003011   Thumb Code   220  lcd.o(.text)
    NVIC_Config                              0x08003111   Thumb Code    70  nvic.o(.text)
    TIM3_Config                              0x08003159   Thumb Code   104  tim.o(.text)
    TIM2_Config                              0x080031c1   Thumb Code    92  tim.o(.text)
    USART_Config                             0x08003221   Thumb Code   128  usart.o(.text)
    USART_SendString                         0x080032a1   Thumb Code    44  usart.o(.text)
    GPIO_Config                              0x080032d5   Thumb Code   160  gpio.o(.text)
    LED_Control                              0x08003381   Thumb Code    60  led.o(.text)
    LED_PWM                                  0x080033bd   Thumb Code    84  led.o(.text)
    __2sprintf                               0x0800341d   Thumb Code    34  noretval__2sprintf.o(.text)
    __printf                                 0x08003445   Thumb Code   270  __printf_wp.o(.text)
    __use_two_region_memory                  0x08003553   Thumb Code     2  heapauxi.o(.text)
    __rt_heap_escrow$2region                 0x08003555   Thumb Code     2  heapauxi.o(.text)
    __rt_heap_expand$2region                 0x08003557   Thumb Code     2  heapauxi.o(.text)
    __read_errno                             0x08003559   Thumb Code    10  _rserrno.o(.text)
    __set_errno                              0x08003563   Thumb Code    12  _rserrno.o(.text)
    __lib_sel_fp_printf                      0x0800356f   Thumb Code     2  _printf_fp_dec.o(.text)
    _printf_fp_dec_real                      0x08003721   Thumb Code   620  _printf_fp_dec.o(.text)
    _printf_char_common                      0x08003997   Thumb Code    32  _printf_char_common.o(.text)
    _sputc                                   0x080039bd   Thumb Code    10  _sputc.o(.text)
    __rt_locale                              0x080039c9   Thumb Code     8  rt_locale_intlibspace.o(.text)
    __aeabi_errno_addr                       0x080039d1   Thumb Code     8  rt_errno_addr_intlibspace.o(.text)
    __errno$intlibspace                      0x080039d1   Thumb Code     0  rt_errno_addr_intlibspace.o(.text)
    __rt_errno_addr$intlibspace              0x080039d1   Thumb Code     0  rt_errno_addr_intlibspace.o(.text)
    _ll_udiv10                               0x080039d9   Thumb Code   138  lludiv10.o(.text)
    _printf_fp_infnan                        0x08003a65   Thumb Code   112  _printf_fp_infnan.o(.text)
    _btod_etento                             0x08003ae5   Thumb Code   224  bigflt0.o(.text)
    __user_libspace                          0x08003bc9   Thumb Code     8  libspace.o(.text)
    __user_perproc_libspace                  0x08003bc9   Thumb Code     0  libspace.o(.text)
    __user_perthread_libspace                0x08003bc9   Thumb Code     0  libspace.o(.text)
    __user_setup_stackheap                   0x08003bd1   Thumb Code    74  sys_stackheap_outer.o(.text)
    exit                                     0x08003c1b   Thumb Code    18  exit.o(.text)
    strcmp                                   0x08003c2d   Thumb Code   128  strcmpv7m.o(.text)
    _sys_exit                                0x08003cad   Thumb Code     8  sys_exit.o(.text)
    __I$use$semihosting                      0x08003cb9   Thumb Code     0  use_no_semi.o(.text)
    __use_no_semihosting_swi                 0x08003cb9   Thumb Code     2  use_no_semi.o(.text)
    __semihosting_library_function           0x08003cbb   Thumb Code     0  indicate_semi.o(.text)
    _btod_d2e                                0x08003cbb   Thumb Code    62  btod.o(CL$$btod_d2e)
    _d2e_denorm_low                          0x08003cf9   Thumb Code    70  btod.o(CL$$btod_d2e_denorm_low)
    _d2e_norm_op1                            0x08003d3f   Thumb Code    96  btod.o(CL$$btod_d2e_norm_op1)
    __btod_div_common                        0x08003d9f   Thumb Code   696  btod.o(CL$$btod_div_common)
    _e2e                                     0x080040d7   Thumb Code   220  btod.o(CL$$btod_e2e)
    _btod_ediv                               0x080041b3   Thumb Code    42  btod.o(CL$$btod_ediv)
    _btod_emul                               0x080041dd   Thumb Code    42  btod.o(CL$$btod_emul)
    __btod_mult_common                       0x08004207   Thumb Code   580  btod.o(CL$$btod_mult_common)
    __ARM_fpclassify                         0x0800444b   Thumb Code    40  fpclassify.o(i.__ARM_fpclassify)
    __ieee754_rem_pio2                       0x08004475   Thumb Code   828  rred.o(i.__ieee754_rem_pio2)
    __kernel_cos                             0x080047fd   Thumb Code   230  cos_i.o(i.__kernel_cos)
    __kernel_poly                            0x080048f9   Thumb Code   170  poly.o(i.__kernel_poly)
    __kernel_sin                             0x080049a5   Thumb Code   224  sin_i.o(i.__kernel_sin)
    __mathlib_dbl_infnan                     0x08004a91   Thumb Code     6  dunder.o(i.__mathlib_dbl_infnan)
    __mathlib_dbl_invalid                    0x08004a97   Thumb Code    12  dunder.o(i.__mathlib_dbl_invalid)
    __mathlib_dbl_underflow                  0x08004aa5   Thumb Code    10  dunder.o(i.__mathlib_dbl_underflow)
    _is_digit                                0x08004ab5   Thumb Code    14  __printf_wp.o(i._is_digit)
    cos                                      0x08004ac5   Thumb Code   148  cos.o(i.cos)
    sin                                      0x08004b61   Thumb Code   150  sin.o(i.sin)
    _get_lc_numeric                          0x08004c01   Thumb Code    44  lc_numeric_c.o(locale$$code)
    __aeabi_d2f                              0x08004c2d   Thumb Code     0  d2f.o(x$fpl$d2f)
    _d2f                                     0x08004c2d   Thumb Code    98  d2f.o(x$fpl$d2f)
    __aeabi_dadd                             0x08004c91   Thumb Code     0  daddsub_clz.o(x$fpl$dadd)
    _dadd                                    0x08004c91   Thumb Code   332  daddsub_clz.o(x$fpl$dadd)
    __fpl_dcheck_NaN1                        0x08004de1   Thumb Code    10  dcheck1.o(x$fpl$dcheck1)
    __fpl_dcmp_Inf                           0x08004df1   Thumb Code    24  dcmpi.o(x$fpl$dcmpinf)
    __aeabi_ddiv                             0x08004e09   Thumb Code     0  ddiv.o(x$fpl$ddiv)
    _ddiv                                    0x08004e09   Thumb Code   552  ddiv.o(x$fpl$ddiv)
    __aeabi_d2iz                             0x080050b9   Thumb Code     0  dfix.o(x$fpl$dfix)
    _dfix                                    0x080050b9   Thumb Code    94  dfix.o(x$fpl$dfix)
    __aeabi_d2uiz                            0x08005119   Thumb Code     0  dfixu.o(x$fpl$dfixu)
    _dfixu                                   0x08005119   Thumb Code    90  dfixu.o(x$fpl$dfixu)
    __aeabi_i2d                              0x08005173   Thumb Code     0  dflt_clz.o(x$fpl$dflt)
    _dflt                                    0x08005173   Thumb Code    46  dflt_clz.o(x$fpl$dflt)
    __aeabi_ui2d                             0x080051a1   Thumb Code     0  dflt_clz.o(x$fpl$dfltu)
    _dfltu                                   0x080051a1   Thumb Code    38  dflt_clz.o(x$fpl$dfltu)
    __aeabi_cdcmple                          0x080051c9   Thumb Code     0  dleqf.o(x$fpl$dleqf)
    _dcmple                                  0x080051c9   Thumb Code   120  dleqf.o(x$fpl$dleqf)
    __fpl_dcmple_InfNaN                      0x0800522b   Thumb Code     0  dleqf.o(x$fpl$dleqf)
    __aeabi_dmul                             0x08005241   Thumb Code     0  dmul.o(x$fpl$dmul)
    _dmul                                    0x08005241   Thumb Code   332  dmul.o(x$fpl$dmul)
    __fpl_dnaninf                            0x08005395   Thumb Code   156  dnaninf.o(x$fpl$dnaninf)
    __fpl_dretinf                            0x08005431   Thumb Code    12  dretinf.o(x$fpl$dretinf)
    __aeabi_cdrcmple                         0x0800543d   Thumb Code     0  drleqf.o(x$fpl$drleqf)
    _drcmple                                 0x0800543d   Thumb Code   108  drleqf.o(x$fpl$drleqf)
    __aeabi_drsub                            0x080054a9   Thumb Code     0  daddsub_clz.o(x$fpl$drsb)
    _drsb                                    0x080054a9   Thumb Code    22  daddsub_clz.o(x$fpl$drsb)
    __aeabi_dsub                             0x080054c1   Thumb Code     0  daddsub_clz.o(x$fpl$dsub)
    _dsub                                    0x080054c1   Thumb Code   464  daddsub_clz.o(x$fpl$dsub)
    __aeabi_f2d                              0x08005695   Thumb Code     0  f2d.o(x$fpl$f2d)
    _f2d                                     0x08005695   Thumb Code    86  f2d.o(x$fpl$f2d)
    __aeabi_fadd                             0x080056ed   Thumb Code     0  faddsub_clz.o(x$fpl$fadd)
    _fadd                                    0x080056ed   Thumb Code   196  faddsub_clz.o(x$fpl$fadd)
    __fpl_fcmp_Inf                           0x080057b1   Thumb Code    24  fcmpi.o(x$fpl$fcmpinf)
    __aeabi_fdiv                             0x080057c9   Thumb Code     0  fdiv.o(x$fpl$fdiv)
    _fdiv                                    0x080057c9   Thumb Code   384  fdiv.o(x$fpl$fdiv)
    __aeabi_f2uiz                            0x0800594d   Thumb Code     0  ffixu.o(x$fpl$ffixu)
    _ffixu                                   0x0800594d   Thumb Code    62  ffixu.o(x$fpl$ffixu)
    __aeabi_i2f                              0x0800598d   Thumb Code     0  fflt_clz.o(x$fpl$fflt)
    _fflt                                    0x0800598d   Thumb Code    48  fflt_clz.o(x$fpl$fflt)
    __aeabi_cfcmple                          0x080059bd   Thumb Code     0  fleqf.o(x$fpl$fleqf)
    _fcmple                                  0x080059bd   Thumb Code   104  fleqf.o(x$fpl$fleqf)
    __fpl_fcmple_InfNaN                      0x08005a0f   Thumb Code     0  fleqf.o(x$fpl$fleqf)
    __aeabi_fmul                             0x08005a25   Thumb Code     0  fmul.o(x$fpl$fmul)
    _fmul                                    0x08005a25   Thumb Code   258  fmul.o(x$fpl$fmul)
    __fpl_fnaninf                            0x08005b27   Thumb Code   140  fnaninf.o(x$fpl$fnaninf)
    __fpl_fretinf                            0x08005bb3   Thumb Code    10  fretinf.o(x$fpl$fretinf)
    __aeabi_cfrcmple                         0x08005bbd   Thumb Code     0  frleqf.o(x$fpl$frleqf)
    _frcmple                                 0x08005bbd   Thumb Code    98  frleqf.o(x$fpl$frleqf)
    __aeabi_frsub                            0x08005c1f   Thumb Code     0  faddsub_clz.o(x$fpl$frsb)
    _frsb                                    0x08005c1f   Thumb Code    20  faddsub_clz.o(x$fpl$frsb)
    __aeabi_fsub                             0x08005c35   Thumb Code     0  faddsub_clz.o(x$fpl$fsub)
    _fsub                                    0x08005c35   Thumb Code   234  faddsub_clz.o(x$fpl$fsub)
    _printf_fp_dec                           0x08005d1f   Thumb Code     4  printf1.o(x$fpl$printf1)
    __fpl_return_NaN                         0x08005d23   Thumb Code   100  retnan.o(x$fpl$retnan)
    __ARM_scalbn                             0x08005d87   Thumb Code    92  scalbn.o(x$fpl$scalbn)
    __fpl_cmpreturn                          0x08005de3   Thumb Code    48  trapv.o(x$fpl$trapveneer)
    __I$use$fp                               0x08005e12   Number         0  usenofp.o(x$fpl$usenofp)
    Region$$Table$$Base                      0x08005fcc   Number         0  anon$$obj.o(Region$$Table)
    Region$$Table$$Limit                     0x08005fec   Number         0  anon$$obj.o(Region$$Table)
    SystemCoreClock                          0x20000000   Data           4  system_stm32f10x.o(.data)
    AHBPrescTable                            0x20000004   Data          16  system_stm32f10x.o(.data)
    FontMartix                               0x20000028   Data        4560  main.o(.data)
    echo_flag                                0x200011f8   Data           1  main.o(.data)
    rx_index                                 0x200011f9   Data           1  main.o(.data)
    rising_cnt                               0x200011fa   Data           2  main.o(.data)
    falling_cnt                              0x200011fc   Data           2  main.o(.data)
    Start_DisX                               0x200011fe   Data           2  main.o(.data)
    Start_DisY                               0x20001200   Data           2  main.o(.data)
    Start_DutX                               0x20001202   Data           2  main.o(.data)
    Start_DutY                               0x20001204   Data           2  main.o(.data)
    TimingDelay                              0x20001208   Data           4  main.o(.data)
    filter_index                             0x2000120e   Data           1  lcd.o(.data)
    dummy                                    0x20001214   Data           2  lcd.o(.data)
    led                                      0x20001216   Data          16  led.o(.data)
    buf                                      0x20001228   Data          32  main.o(.bss)
    rx_buffer                                0x20001248   Data          32  main.o(.bss)
    distance_buffer                          0x20001268   Data          12  lcd.o(.bss)
    output                                   0x20001274   Data          32  lcd.o(.bss)
    __libspace_start                         0x20001294   Data          96  libspace.o(.bss)
    __temporary_stack_top$libspace           0x200012f4   Data           0  libspace.o(.bss)



==============================================================================

Memory Map of the image

  Image Entry point : 0x080001e9

  Load Region LR_1 (Base: 0x08000000, Size: 0x00007230, Max: 0xffffffff, ABSOLUTE, COMPRESSED[0x000066bc])

    Execution Region ER_RO (Exec base: 0x08000000, Load base: 0x08000000, Size: 0x00006008, Max: 0xffffffff, ABSOLUTE)

    Exec Addr    Load Addr    Size         Type   Attr      Idx    E Section Name        Object

    0x08000000   0x08000000   0x000000ec   Data   RO            3    RESET               startup_stm32f10x_md.o
    0x080000ec   0x080000ec   0x00000008   Code   RO          437  * !!!main             c_w.l(__main.o)
    0x080000f4   0x080000f4   0x00000034   Code   RO          786    !!!scatter          c_w.l(__scatter.o)
    0x08000128   0x08000128   0x00000064   Code   RO          784    !!dclz77c           c_w.l(__dclz77c.o)
    0x0800018c   0x0800018c   0x0000001c   Code   RO          788    !!handler_zi        c_w.l(__scatter_zi.o)
    0x080001a8   0x080001a8   0x00000000   Code   RO          434    .ARM.Collect$$_printf_percent$$00000000  c_w.l(_printf_percent.o)
    0x080001a8   0x080001a8   0x00000006   Code   RO          433    .ARM.Collect$$_printf_percent$$00000003  c_w.l(_printf_f.o)
    0x080001ae   0x080001ae   0x00000004   Code   RO          518    .ARM.Collect$$_printf_percent$$00000017  c_w.l(_printf_percent_end.o)
    0x080001b2   0x080001b2   0x00000002   Code   RO          649    .ARM.Collect$$libinit$$00000000  c_w.l(libinit.o)
    0x080001b4   0x080001b4   0x00000000   Code   RO          651    .ARM.Collect$$libinit$$00000002  c_w.l(libinit2.o)
    0x080001b4   0x080001b4   0x00000000   Code   RO          653    .ARM.Collect$$libinit$$00000004  c_w.l(libinit2.o)
    0x080001b4   0x080001b4   0x00000000   Code   RO          656    .ARM.Collect$$libinit$$0000000A  c_w.l(libinit2.o)
    0x080001b4   0x080001b4   0x00000000   Code   RO          658    .ARM.Collect$$libinit$$0000000C  c_w.l(libinit2.o)
    0x080001b4   0x080001b4   0x00000000   Code   RO          660    .ARM.Collect$$libinit$$0000000E  c_w.l(libinit2.o)
    0x080001b4   0x080001b4   0x00000006   Code   RO          661    .ARM.Collect$$libinit$$0000000F  c_w.l(libinit2.o)
    0x080001ba   0x080001ba   0x00000000   Code   RO          663    .ARM.Collect$$libinit$$00000011  c_w.l(libinit2.o)
    0x080001ba   0x080001ba   0x00000000   Code   RO          665    .ARM.Collect$$libinit$$00000013  c_w.l(libinit2.o)
    0x080001ba   0x080001ba   0x00000000   Code   RO          667    .ARM.Collect$$libinit$$00000015  c_w.l(libinit2.o)
    0x080001ba   0x080001ba   0x0000000a   Code   RO          668    .ARM.Collect$$libinit$$00000016  c_w.l(libinit2.o)
    0x080001c4   0x080001c4   0x00000000   Code   RO          669    .ARM.Collect$$libinit$$00000017  c_w.l(libinit2.o)
    0x080001c4   0x080001c4   0x00000000   Code   RO          671    .ARM.Collect$$libinit$$00000019  c_w.l(libinit2.o)
    0x080001c4   0x080001c4   0x00000000   Code   RO          673    .ARM.Collect$$libinit$$0000001B  c_w.l(libinit2.o)
    0x080001c4   0x080001c4   0x00000000   Code   RO          675    .ARM.Collect$$libinit$$0000001D  c_w.l(libinit2.o)
    0x080001c4   0x080001c4   0x00000000   Code   RO          677    .ARM.Collect$$libinit$$0000001F  c_w.l(libinit2.o)
    0x080001c4   0x080001c4   0x00000000   Code   RO          679    .ARM.Collect$$libinit$$00000021  c_w.l(libinit2.o)
    0x080001c4   0x080001c4   0x00000000   Code   RO          681    .ARM.Collect$$libinit$$00000023  c_w.l(libinit2.o)
    0x080001c4   0x080001c4   0x00000000   Code   RO          683    .ARM.Collect$$libinit$$00000025  c_w.l(libinit2.o)
    0x080001c4   0x080001c4   0x00000000   Code   RO          687    .ARM.Collect$$libinit$$0000002C  c_w.l(libinit2.o)
    0x080001c4   0x080001c4   0x00000000   Code   RO          689    .ARM.Collect$$libinit$$0000002E  c_w.l(libinit2.o)
    0x080001c4   0x080001c4   0x00000000   Code   RO          691    .ARM.Collect$$libinit$$00000030  c_w.l(libinit2.o)
    0x080001c4   0x080001c4   0x00000000   Code   RO          693    .ARM.Collect$$libinit$$00000032  c_w.l(libinit2.o)
    0x080001c4   0x080001c4   0x00000002   Code   RO          694    .ARM.Collect$$libinit$$00000033  c_w.l(libinit2.o)
    0x080001c6   0x080001c6   0x00000002   Code   RO          730    .ARM.Collect$$libshutdown$$00000000  c_w.l(libshutdown.o)
    0x080001c8   0x080001c8   0x00000000   Code   RO          741    .ARM.Collect$$libshutdown$$00000002  c_w.l(libshutdown2.o)
    0x080001c8   0x080001c8   0x00000000   Code   RO          743    .ARM.Collect$$libshutdown$$00000004  c_w.l(libshutdown2.o)
    0x080001c8   0x080001c8   0x00000000   Code   RO          745    .ARM.Collect$$libshutdown$$00000006  c_w.l(libshutdown2.o)
    0x080001c8   0x080001c8   0x00000000   Code   RO          748    .ARM.Collect$$libshutdown$$00000009  c_w.l(libshutdown2.o)
    0x080001c8   0x080001c8   0x00000000   Code   RO          751    .ARM.Collect$$libshutdown$$0000000C  c_w.l(libshutdown2.o)
    0x080001c8   0x080001c8   0x00000000   Code   RO          753    .ARM.Collect$$libshutdown$$0000000E  c_w.l(libshutdown2.o)
    0x080001c8   0x080001c8   0x00000000   Code   RO          756    .ARM.Collect$$libshutdown$$00000011  c_w.l(libshutdown2.o)
    0x080001c8   0x080001c8   0x00000002   Code   RO          757    .ARM.Collect$$libshutdown$$00000012  c_w.l(libshutdown2.o)
    0x080001ca   0x080001ca   0x00000000   Code   RO          509    .ARM.Collect$$rtentry$$00000000  c_w.l(__rtentry.o)
    0x080001ca   0x080001ca   0x00000000   Code   RO          561    .ARM.Collect$$rtentry$$00000002  c_w.l(__rtentry2.o)
    0x080001ca   0x080001ca   0x00000006   Code   RO          573    .ARM.Collect$$rtentry$$00000004  c_w.l(__rtentry4.o)
    0x080001d0   0x080001d0   0x00000000   Code   RO          563    .ARM.Collect$$rtentry$$00000009  c_w.l(__rtentry2.o)
    0x080001d0   0x080001d0   0x00000004   Code   RO          564    .ARM.Collect$$rtentry$$0000000A  c_w.l(__rtentry2.o)
    0x080001d4   0x080001d4   0x00000000   Code   RO          566    .ARM.Collect$$rtentry$$0000000C  c_w.l(__rtentry2.o)
    0x080001d4   0x080001d4   0x00000008   Code   RO          567    .ARM.Collect$$rtentry$$0000000D  c_w.l(__rtentry2.o)
    0x080001dc   0x080001dc   0x00000002   Code   RO          697    .ARM.Collect$$rtexit$$00000000  c_w.l(rtexit.o)
    0x080001de   0x080001de   0x00000000   Code   RO          706    .ARM.Collect$$rtexit$$00000002  c_w.l(rtexit2.o)
    0x080001de   0x080001de   0x00000004   Code   RO          707    .ARM.Collect$$rtexit$$00000003  c_w.l(rtexit2.o)
    0x080001e2   0x080001e2   0x00000006   Code   RO          708    .ARM.Collect$$rtexit$$00000004  c_w.l(rtexit2.o)
    0x080001e8   0x080001e8   0x00000040   Code   RO            4  * .text               startup_stm32f10x_md.o
    0x08000228   0x08000228   0x000001e0   Code   RO           26    .text               system_stm32f10x.o
    0x08000408   0x08000408   0x000000dc   Code   RO           83    .text               misc.o
    0x080004e4   0x080004e4   0x0000035c   Code   RO          107    .text               stm32f10x_gpio.o
    0x08000840   0x08000840   0x000003a4   Code   RO          127    .text               stm32f10x_rcc.o
    0x08000be4   0x08000be4   0x00000e1a   Code   RO          149    .text               stm32f10x_tim.o
    0x080019fe   0x080019fe   0x00000002   PAD
    0x08001a00   0x08001a00   0x00000408   Code   RO          169    .text               stm32f10x_usart.o
    0x08001e08   0x08001e08   0x00000400   Code   RO          189    .text               main.o
    0x08002208   0x08002208   0x000000bc   Code   RO          252    .text               stm32f10x_it.o
    0x080022c4   0x080022c4   0x00000e4c   Code   RO          276    .text               lcd.o
    0x08003110   0x08003110   0x00000046   Code   RO          304    .text               nvic.o
    0x08003156   0x08003156   0x00000002   PAD
    0x08003158   0x08003158   0x000000c8   Code   RO          324    .text               tim.o
    0x08003220   0x08003220   0x000000b4   Code   RO          344    .text               usart.o
    0x080032d4   0x080032d4   0x000000ac   Code   RO          364    .text               gpio.o
    0x08003380   0x08003380   0x0000009c   Code   RO          384    .text               led.o
    0x0800341c   0x0800341c   0x00000028   Code   RO          409    .text               c_w.l(noretval__2sprintf.o)
    0x08003444   0x08003444   0x0000010e   Code   RO          421    .text               c_w.l(__printf_wp.o)
    0x08003552   0x08003552   0x00000006   Code   RO          435    .text               c_w.l(heapauxi.o)
    0x08003558   0x08003558   0x00000016   Code   RO          510    .text               c_w.l(_rserrno.o)
    0x0800356e   0x0800356e   0x0000041e   Code   RO          512    .text               c_w.l(_printf_fp_dec.o)
    0x0800398c   0x0800398c   0x00000030   Code   RO          514    .text               c_w.l(_printf_char_common.o)
    0x080039bc   0x080039bc   0x0000000a   Code   RO          516    .text               c_w.l(_sputc.o)
    0x080039c6   0x080039c6   0x00000002   PAD
    0x080039c8   0x080039c8   0x00000008   Code   RO          578    .text               c_w.l(rt_locale_intlibspace.o)
    0x080039d0   0x080039d0   0x00000008   Code   RO          583    .text               c_w.l(rt_errno_addr_intlibspace.o)
    0x080039d8   0x080039d8   0x0000008a   Code   RO          585    .text               c_w.l(lludiv10.o)
    0x08003a62   0x08003a62   0x00000002   PAD
    0x08003a64   0x08003a64   0x00000080   Code   RO          587    .text               c_w.l(_printf_fp_infnan.o)
    0x08003ae4   0x08003ae4   0x000000e4   Code   RO          591    .text               c_w.l(bigflt0.o)
    0x08003bc8   0x08003bc8   0x00000008   Code   RO          635    .text               c_w.l(libspace.o)
    0x08003bd0   0x08003bd0   0x0000004a   Code   RO          638    .text               c_w.l(sys_stackheap_outer.o)
    0x08003c1a   0x08003c1a   0x00000012   Code   RO          640    .text               c_w.l(exit.o)
    0x08003c2c   0x08003c2c   0x00000080   Code   RO          642    .text               c_w.l(strcmpv7m.o)
    0x08003cac   0x08003cac   0x0000000c   Code   RO          720    .text               c_w.l(sys_exit.o)
    0x08003cb8   0x08003cb8   0x00000002   Code   RO          731    .text               c_w.l(use_no_semi.o)
    0x08003cba   0x08003cba   0x00000000   Code   RO          733    .text               c_w.l(indicate_semi.o)
    0x08003cba   0x08003cba   0x0000003e   Code   RO          594    CL$$btod_d2e        c_w.l(btod.o)
    0x08003cf8   0x08003cf8   0x00000046   Code   RO          596    CL$$btod_d2e_denorm_low  c_w.l(btod.o)
    0x08003d3e   0x08003d3e   0x00000060   Code   RO          595    CL$$btod_d2e_norm_op1  c_w.l(btod.o)
    0x08003d9e   0x08003d9e   0x00000338   Code   RO          604    CL$$btod_div_common  c_w.l(btod.o)
    0x080040d6   0x080040d6   0x000000dc   Code   RO          601    CL$$btod_e2e        c_w.l(btod.o)
    0x080041b2   0x080041b2   0x0000002a   Code   RO          598    CL$$btod_ediv       c_w.l(btod.o)
    0x080041dc   0x080041dc   0x0000002a   Code   RO          597    CL$$btod_emul       c_w.l(btod.o)
    0x08004206   0x08004206   0x00000244   Code   RO          603    CL$$btod_mult_common  c_w.l(btod.o)
    0x0800444a   0x0800444a   0x00000028   Code   RO          631    i.__ARM_fpclassify  m_ws.l(fpclassify.o)
    0x08004472   0x08004472   0x00000002   PAD
    0x08004474   0x08004474   0x00000388   Code   RO          549    i.__ieee754_rem_pio2  m_ws.l(rred.o)
    0x080047fc   0x080047fc   0x000000fc   Code   RO          532    i.__kernel_cos      m_ws.l(cos_i.o)
    0x080048f8   0x080048f8   0x000000aa   Code   RO          633    i.__kernel_poly     m_ws.l(poly.o)
    0x080049a2   0x080049a2   0x00000002   PAD
    0x080049a4   0x080049a4   0x000000ec   Code   RO          554    i.__kernel_sin      m_ws.l(sin_i.o)
    0x08004a90   0x08004a90   0x00000006   Code   RO          536    i.__mathlib_dbl_infnan  m_ws.l(dunder.o)
    0x08004a96   0x08004a96   0x0000000c   Code   RO          538    i.__mathlib_dbl_invalid  m_ws.l(dunder.o)
    0x08004aa2   0x08004aa2   0x00000002   PAD
    0x08004aa4   0x08004aa4   0x00000010   Code   RO          541    i.__mathlib_dbl_underflow  m_ws.l(dunder.o)
    0x08004ab4   0x08004ab4   0x0000000e   Code   RO          423    i._is_digit         c_w.l(__printf_wp.o)
    0x08004ac2   0x08004ac2   0x00000002   PAD
    0x08004ac4   0x08004ac4   0x0000009c   Code   RO          494    i.cos               m_ws.l(cos.o)
    0x08004b60   0x08004b60   0x000000a0   Code   RO          502    i.sin               m_ws.l(sin.o)
    0x08004c00   0x08004c00   0x0000002c   Code   RO          617    locale$$code        c_w.l(lc_numeric_c.o)
    0x08004c2c   0x08004c2c   0x00000062   Code   RO          439    x$fpl$d2f           fz_ws.l(d2f.o)
    0x08004c8e   0x08004c8e   0x00000002   PAD
    0x08004c90   0x08004c90   0x00000150   Code   RO          441    x$fpl$dadd          fz_ws.l(daddsub_clz.o)
    0x08004de0   0x08004de0   0x00000010   Code   RO          695    x$fpl$dcheck1       fz_ws.l(dcheck1.o)
    0x08004df0   0x08004df0   0x00000018   Code   RO          619    x$fpl$dcmpinf       fz_ws.l(dcmpi.o)
    0x08004e08   0x08004e08   0x000002b0   Code   RO          448    x$fpl$ddiv          fz_ws.l(ddiv.o)
    0x080050b8   0x080050b8   0x0000005e   Code   RO          621    x$fpl$dfix          fz_ws.l(dfix.o)
    0x08005116   0x08005116   0x00000002   PAD
    0x08005118   0x08005118   0x0000005a   Code   RO          451    x$fpl$dfixu         fz_ws.l(dfixu.o)
    0x08005172   0x08005172   0x0000002e   Code   RO          456    x$fpl$dflt          fz_ws.l(dflt_clz.o)
    0x080051a0   0x080051a0   0x00000026   Code   RO          455    x$fpl$dfltu         fz_ws.l(dflt_clz.o)
    0x080051c6   0x080051c6   0x00000002   PAD
    0x080051c8   0x080051c8   0x00000078   Code   RO          519    x$fpl$dleqf         fz_ws.l(dleqf.o)
    0x08005240   0x08005240   0x00000154   Code   RO          461    x$fpl$dmul          fz_ws.l(dmul.o)
    0x08005394   0x08005394   0x0000009c   Code   RO          521    x$fpl$dnaninf       fz_ws.l(dnaninf.o)
    0x08005430   0x08005430   0x0000000c   Code   RO          523    x$fpl$dretinf       fz_ws.l(dretinf.o)
    0x0800543c   0x0800543c   0x0000006c   Code   RO          463    x$fpl$drleqf        fz_ws.l(drleqf.o)
    0x080054a8   0x080054a8   0x00000016   Code   RO          442    x$fpl$drsb          fz_ws.l(daddsub_clz.o)
    0x080054be   0x080054be   0x00000002   PAD
    0x080054c0   0x080054c0   0x000001d4   Code   RO          443    x$fpl$dsub          fz_ws.l(daddsub_clz.o)
    0x08005694   0x08005694   0x00000056   Code   RO          465    x$fpl$f2d           fz_ws.l(f2d.o)
    0x080056ea   0x080056ea   0x00000002   PAD
    0x080056ec   0x080056ec   0x000000c4   Code   RO          467    x$fpl$fadd          fz_ws.l(faddsub_clz.o)
    0x080057b0   0x080057b0   0x00000018   Code   RO          625    x$fpl$fcmpinf       fz_ws.l(fcmpi.o)
    0x080057c8   0x080057c8   0x00000184   Code   RO          474    x$fpl$fdiv          fz_ws.l(fdiv.o)
    0x0800594c   0x0800594c   0x0000003e   Code   RO          477    x$fpl$ffixu         fz_ws.l(ffixu.o)
    0x0800598a   0x0800598a   0x00000002   PAD
    0x0800598c   0x0800598c   0x00000030   Code   RO          482    x$fpl$fflt          fz_ws.l(fflt_clz.o)
    0x080059bc   0x080059bc   0x00000068   Code   RO          525    x$fpl$fleqf         fz_ws.l(fleqf.o)
    0x08005a24   0x08005a24   0x00000102   Code   RO          487    x$fpl$fmul          fz_ws.l(fmul.o)
    0x08005b26   0x08005b26   0x0000008c   Code   RO          527    x$fpl$fnaninf       fz_ws.l(fnaninf.o)
    0x08005bb2   0x08005bb2   0x0000000a   Code   RO          529    x$fpl$fretinf       fz_ws.l(fretinf.o)
    0x08005bbc   0x08005bbc   0x00000062   Code   RO          489    x$fpl$frleqf        fz_ws.l(frleqf.o)
    0x08005c1e   0x08005c1e   0x00000014   Code   RO          468    x$fpl$frsb          fz_ws.l(faddsub_clz.o)
    0x08005c32   0x08005c32   0x00000002   PAD
    0x08005c34   0x08005c34   0x000000ea   Code   RO          469    x$fpl$fsub          fz_ws.l(faddsub_clz.o)
    0x08005d1e   0x08005d1e   0x00000004   Code   RO          491    x$fpl$printf1       fz_ws.l(printf1.o)
    0x08005d22   0x08005d22   0x00000064   Code   RO          703    x$fpl$retnan        fz_ws.l(retnan.o)
    0x08005d86   0x08005d86   0x0000005c   Code   RO          629    x$fpl$scalbn        fz_ws.l(scalbn.o)
    0x08005de2   0x08005de2   0x00000030   Code   RO          716    x$fpl$trapveneer    fz_ws.l(trapv.o)
    0x08005e12   0x08005e12   0x00000000   Code   RO          531    x$fpl$usenofp       fz_ws.l(usenofp.o)
    0x08005e12   0x08005e12   0x00000006   PAD
    0x08005e18   0x08005e18   0x00000030   Data   RO          533    .constdata          m_ws.l(cos_i.o)
    0x08005e48   0x08005e48   0x000000c8   Data   RO          551    .constdata          m_ws.l(rred.o)
    0x08005f10   0x08005f10   0x00000028   Data   RO          555    .constdata          m_ws.l(sin_i.o)
    0x08005f38   0x08005f38   0x00000094   Data   RO          592    .constdata          c_w.l(bigflt0.o)
    0x08005fcc   0x08005fcc   0x00000020   Data   RO          782    Region$$Table       anon$$obj.o
    0x08005fec   0x08005fec   0x0000001c   Data   RO          616    locale$$data        c_w.l(lc_numeric_c.o)


    Execution Region ER_RW (Exec base: 0x20000000, Load base: 0x08006008, Size: 0x00001228, Max: 0xffffffff, ABSOLUTE, COMPRESSED[0x000006b4])

    Exec Addr    Load Addr    Size         Type   Attr      Idx    E Section Name        Object

    0x20000000   COMPRESSED   0x00000014   Data   RW           27    .data               system_stm32f10x.o
    0x20000014   COMPRESSED   0x00000014   Data   RW          128    .data               stm32f10x_rcc.o
    0x20000028   COMPRESSED   0x000011e6   Data   RW          191    .data               main.o
    0x2000120e   COMPRESSED   0x00000008   Data   RW          278    .data               lcd.o
    0x20001216   COMPRESSED   0x00000010   Data   RW          385    .data               led.o


    Execution Region ER_ZI (Exec base: 0x20001228, Load base: 0x080066bc, Size: 0x000006d0, Max: 0xffffffff, ABSOLUTE)

    Exec Addr    Load Addr    Size         Type   Attr      Idx    E Section Name        Object

    0x20001228        -       0x00000040   Zero   RW          190    .bss                main.o
    0x20001268        -       0x0000002c   Zero   RW          277    .bss                lcd.o
    0x20001294        -       0x00000060   Zero   RW          636    .bss                c_w.l(libspace.o)
    0x200012f4   0x080066bc   0x00000004   PAD
    0x200012f8        -       0x00000200   Zero   RW            2    HEAP                startup_stm32f10x_md.o
    0x200014f8        -       0x00000400   Zero   RW            1    STACK               startup_stm32f10x_md.o


==============================================================================

Image component sizes


      Code (inc. data)   RO Data    RW Data    ZI Data      Debug   Object Name

         0          0          0          0          0       4532   core_cm3.o
       172         12          0          0          0        542   gpio.o
      3660         96          0          8         44      11244   lcd.o
       156         12          0         16          0       1340   led.o
      1024        134          0       4582         64      25454   main.o
       220         22          0          0          0       1893   misc.o
        70          0          0          0          0        494   nvic.o
        64         26        236          0       1536        936   startup_stm32f10x_md.o
       860         38          0          0          0       5821   stm32f10x_gpio.o
       188         20          0          0          0       1322   stm32f10x_it.o
       932         36          0         20          0       9016   stm32f10x_rcc.o
      3610         88          0          0          0      22932   stm32f10x_tim.o
      1032         22          0          0          0       8552   stm32f10x_usart.o
       480         38          0         20          0     249407   system_stm32f10x.o
       200          4          0          0          0        814   tim.o
       180          8          0          0          0       1132   usart.o

    ----------------------------------------------------------------------
     12852        556        268       4648       1644     345431   Object Totals
         0          0         32          0          0          0   (incl. Generated)
         4          0          0          2          0          0   (incl. Padding)

    ----------------------------------------------------------------------

      Code (inc. data)   RO Data    RW Data    ZI Data      Debug   Library Member Name

       100          0          0          0          0          0   __dclz77c.o
         8          0          0          0          0         68   __main.o
       284          0          0          0          0        156   __printf_wp.o
         0          0          0          0          0          0   __rtentry.o
        12          0          0          0          0          0   __rtentry2.o
         6          0          0          0          0          0   __rtentry4.o
        52          8          0          0          0          0   __scatter.o
        28          0          0          0          0          0   __scatter_zi.o
        48          6          0          0          0         96   _printf_char_common.o
         6          0          0          0          0          0   _printf_f.o
      1054          0          0          0          0        216   _printf_fp_dec.o
       128         16          0          0          0         84   _printf_fp_infnan.o
         0          0          0          0          0          0   _printf_percent.o
         4          0          0          0          0          0   _printf_percent_end.o
        22          0          0          0          0        100   _rserrno.o
        10          0          0          0          0         68   _sputc.o
       228          4        148          0          0         96   bigflt0.o
      1936        128          0          0          0        672   btod.o
        18          0          0          0          0         80   exit.o
         6          0          0          0          0        152   heapauxi.o
         0          0          0          0          0          0   indicate_semi.o
        44         10         28          0          0         76   lc_numeric_c.o
         2          0          0          0          0          0   libinit.o
        18          0          0          0          0          0   libinit2.o
         2          0          0          0          0          0   libshutdown.o
         2          0          0          0          0          0   libshutdown2.o
         8          4          0          0         96         68   libspace.o
       138          0          0          0          0         80   lludiv10.o
        40          6          0          0          0         84   noretval__2sprintf.o
         8          4          0          0          0         68   rt_errno_addr_intlibspace.o
         8          4          0          0          0         68   rt_locale_intlibspace.o
         2          0          0          0          0          0   rtexit.o
        10          0          0          0          0          0   rtexit2.o
       128          0          0          0          0         68   strcmpv7m.o
        12          4          0          0          0         68   sys_exit.o
        74          0          0          0          0         80   sys_stackheap_outer.o
         2          0          0          0          0         68   use_no_semi.o
        98          4          0          0          0         92   d2f.o
       826         16          0          0          0        348   daddsub_clz.o
        16          4          0          0          0         68   dcheck1.o
        24          0          0          0          0         68   dcmpi.o
       688        140          0          0          0        208   ddiv.o
        94          4          0          0          0         92   dfix.o
        90          4          0          0          0         92   dfixu.o
        84          0          0          0          0        136   dflt_clz.o
       120          4          0          0          0         92   dleqf.o
       340         12          0          0          0        104   dmul.o
       156          4          0          0          0         92   dnaninf.o
        12          0          0          0          0         68   dretinf.o
       108          0          0          0          0         80   drleqf.o
        86          4          0          0          0         84   f2d.o
       450          8          0          0          0        236   faddsub_clz.o
        24          0          0          0          0         68   fcmpi.o
       388         76          0          0          0         96   fdiv.o
        62          4          0          0          0         84   ffixu.o
        48          0          0          0          0         68   fflt_clz.o
       104          4          0          0          0         84   fleqf.o
       258          4          0          0          0         84   fmul.o
       140          4          0          0          0         84   fnaninf.o
        10          0          0          0          0         68   fretinf.o
        98          0          0          0          0         68   frleqf.o
         4          0          0          0          0         68   printf1.o
       100          0          0          0          0         68   retnan.o
        92          0          0          0          0         68   scalbn.o
        48          0          0          0          0         68   trapv.o
         0          0          0          0          0          0   usenofp.o
       156          8          0          0          0        104   cos.o
       252         22         48          0          0        124   cos_i.o
        34          6          0          0          0        204   dunder.o
        40          0          0          0          0         68   fpclassify.o
       170          0          0          0          0         96   poly.o
       904         76        200          0          0        140   rred.o
       160         10          0          0          0        108   sin.o
       236         12         40          0          0        128   sin_i.o

    ----------------------------------------------------------------------
     11000        624        464          0        100       6324   Library Totals
        32          0          0          0          4          0   (incl. Padding)

    ----------------------------------------------------------------------

      Code (inc. data)   RO Data    RW Data    ZI Data      Debug   Library Name

      4448        194        176          0         96       2516   c_w.l
      4568        296          0          0          0       2836   fz_ws.l
      1952        134        288          0          0        972   m_ws.l

    ----------------------------------------------------------------------
     11000        624        464          0        100       6324   Library Totals

    ----------------------------------------------------------------------

==============================================================================


      Code (inc. data)   RO Data    RW Data    ZI Data      Debug   

     23852       1180        732       4648       1744     346915   Grand Totals
     23852       1180        732       1716       1744     346915   ELF Image Totals (compressed)
     23852       1180        732       1716          0          0   ROM Totals

==============================================================================

    Total RO  Size (Code + RO Data)                24584 (  24.01kB)
    Total RW  Size (RW Data + ZI Data)              6392 (   6.24kB)
    Total ROM Size (Code + RO Data + RW Data)      26300 (  25.68kB)

==============================================================================

